Archive member included to satisfy reference by file (symbol)

c:/program files/stmicroelectronics/stm32cubeide_1.12.0/stm32cubeide/plugins/com.st.stm32cube.ide.mcu.externaltools.gnu-tools-for-stm32.10.3-2021.10.win32_1.0.200.202301161003/tools/bin/../lib/gcc/arm-none-eabi/10.3.1/../../../../arm-none-eabi/lib/thumb/v7-m/nofp\libc_nano.a(lib_a-errno.o)
                              ./Core/Src/syscalls.o (__errno)
c:/program files/stmicroelectronics/stm32cubeide_1.12.0/stm32cubeide/plugins/com.st.stm32cube.ide.mcu.externaltools.gnu-tools-for-stm32.10.3-2021.10.win32_1.0.200.202301161003/tools/bin/../lib/gcc/arm-none-eabi/10.3.1/../../../../arm-none-eabi/lib/thumb/v7-m/nofp\libc_nano.a(lib_a-exit.o)
                              c:/program files/stmicroelectronics/stm32cubeide_1.12.0/stm32cubeide/plugins/com.st.stm32cube.ide.mcu.externaltools.gnu-tools-for-stm32.10.3-2021.10.win32_1.0.200.202301161003/tools/bin/../lib/gcc/arm-none-eabi/10.3.1/../../../../arm-none-eabi/lib/thumb/v7-m/nofp/crt0.o (exit)
c:/program files/stmicroelectronics/stm32cubeide_1.12.0/stm32cubeide/plugins/com.st.stm32cube.ide.mcu.externaltools.gnu-tools-for-stm32.10.3-2021.10.win32_1.0.200.202301161003/tools/bin/../lib/gcc/arm-none-eabi/10.3.1/../../../../arm-none-eabi/lib/thumb/v7-m/nofp\libc_nano.a(lib_a-impure.o)
                              c:/program files/stmicroelectronics/stm32cubeide_1.12.0/stm32cubeide/plugins/com.st.stm32cube.ide.mcu.externaltools.gnu-tools-for-stm32.10.3-2021.10.win32_1.0.200.202301161003/tools/bin/../lib/gcc/arm-none-eabi/10.3.1/../../../../arm-none-eabi/lib/thumb/v7-m/nofp\libc_nano.a(lib_a-exit.o) (_global_impure_ptr)
c:/program files/stmicroelectronics/stm32cubeide_1.12.0/stm32cubeide/plugins/com.st.stm32cube.ide.mcu.externaltools.gnu-tools-for-stm32.10.3-2021.10.win32_1.0.200.202301161003/tools/bin/../lib/gcc/arm-none-eabi/10.3.1/../../../../arm-none-eabi/lib/thumb/v7-m/nofp\libc_nano.a(lib_a-init.o)
                              c:/program files/stmicroelectronics/stm32cubeide_1.12.0/stm32cubeide/plugins/com.st.stm32cube.ide.mcu.externaltools.gnu-tools-for-stm32.10.3-2021.10.win32_1.0.200.202301161003/tools/bin/../lib/gcc/arm-none-eabi/10.3.1/../../../../arm-none-eabi/lib/thumb/v7-m/nofp/crt0.o (__libc_init_array)
c:/program files/stmicroelectronics/stm32cubeide_1.12.0/stm32cubeide/plugins/com.st.stm32cube.ide.mcu.externaltools.gnu-tools-for-stm32.10.3-2021.10.win32_1.0.200.202301161003/tools/bin/../lib/gcc/arm-none-eabi/10.3.1/../../../../arm-none-eabi/lib/thumb/v7-m/nofp\libc_nano.a(lib_a-memcpy-stub.o)
                              ./Core/Src/SPI_Connection.o (memcpy)
c:/program files/stmicroelectronics/stm32cubeide_1.12.0/stm32cubeide/plugins/com.st.stm32cube.ide.mcu.externaltools.gnu-tools-for-stm32.10.3-2021.10.win32_1.0.200.202301161003/tools/bin/../lib/gcc/arm-none-eabi/10.3.1/../../../../arm-none-eabi/lib/thumb/v7-m/nofp\libc_nano.a(lib_a-memset.o)
                              c:/program files/stmicroelectronics/stm32cubeide_1.12.0/stm32cubeide/plugins/com.st.stm32cube.ide.mcu.externaltools.gnu-tools-for-stm32.10.3-2021.10.win32_1.0.200.202301161003/tools/bin/../lib/gcc/arm-none-eabi/10.3.1/../../../../arm-none-eabi/lib/thumb/v7-m/nofp/crt0.o (memset)
c:/program files/stmicroelectronics/stm32cubeide_1.12.0/stm32cubeide/plugins/com.st.stm32cube.ide.mcu.externaltools.gnu-tools-for-stm32.10.3-2021.10.win32_1.0.200.202301161003/tools/bin/../lib/gcc/arm-none-eabi/10.3.1/../../../../arm-none-eabi/lib/thumb/v7-m/nofp\libc_nano.a(lib_a-sprintf.o)
                              ./Drivers/W25Q/w25q_spi.o (sprintf)
c:/program files/stmicroelectronics/stm32cubeide_1.12.0/stm32cubeide/plugins/com.st.stm32cube.ide.mcu.externaltools.gnu-tools-for-stm32.10.3-2021.10.win32_1.0.200.202301161003/tools/bin/../lib/gcc/arm-none-eabi/10.3.1/../../../../arm-none-eabi/lib/thumb/v7-m/nofp\libc_nano.a(lib_a-strcat.o)
                              ./Drivers/W25Q/w25q_spi.o (strcat)
c:/program files/stmicroelectronics/stm32cubeide_1.12.0/stm32cubeide/plugins/com.st.stm32cube.ide.mcu.externaltools.gnu-tools-for-stm32.10.3-2021.10.win32_1.0.200.202301161003/tools/bin/../lib/gcc/arm-none-eabi/10.3.1/../../../../arm-none-eabi/lib/thumb/v7-m/nofp\libc_nano.a(lib_a-strlen.o)
                              ./Drivers/W25Q/w25q_spi.o (strlen)
c:/program files/stmicroelectronics/stm32cubeide_1.12.0/stm32cubeide/plugins/com.st.stm32cube.ide.mcu.externaltools.gnu-tools-for-stm32.10.3-2021.10.win32_1.0.200.202301161003/tools/bin/../lib/gcc/arm-none-eabi/10.3.1/../../../../arm-none-eabi/lib/thumb/v7-m/nofp\libc_nano.a(lib_a-nano-svfprintf.o)
                              c:/program files/stmicroelectronics/stm32cubeide_1.12.0/stm32cubeide/plugins/com.st.stm32cube.ide.mcu.externaltools.gnu-tools-for-stm32.10.3-2021.10.win32_1.0.200.202301161003/tools/bin/../lib/gcc/arm-none-eabi/10.3.1/../../../../arm-none-eabi/lib/thumb/v7-m/nofp\libc_nano.a(lib_a-sprintf.o) (_svfprintf_r)
[...]
Memory Configuration

Name             Origin             Length             Attributes
RAM              0x0000000020000000 0x0000000000005000 xrw
FLASH            0x0000000008000000 0x0000000000020000 xr
*default*        0x0000000000000000 0xffffffffffffffff

Linker script and memory map

LOAD c:/program files/stmicroelectronics/stm32cubeide_1.12.0/stm32cubeide/plugins/com.st.stm32cube.ide.mcu.externaltools.gnu-tools-for-stm32.10.3-2021.10.win32_1.0.200.202301161003/tools/bin/../lib/gcc/arm-none-eabi/10.3.1/thumb/v7-m/nofp/crti.o
LOAD c:/program files/stmicroelectronics/stm32cubeide_1.12.0/stm32cubeide/plugins/com.st.stm32cube.ide.mcu.externaltools.gnu-tools-for-stm32.10.3-2021.10.win32_1.0.200.202301161003/tools/bin/../lib/gcc/arm-none-eabi/10.3.1/thumb/v7-m/nofp/crtbegin.o
LOAD c:/program files/stmicroelectronics/stm32cubeide_1.12.0/stm32cubeide/plugins/com.st.stm32cube.ide.mcu.externaltools.gnu-tools-for-stm32.10.3-2021.10.win32_1.0.200.202301161003/tools/bin/../lib/gcc/arm-none-eabi/10.3.1/../../../../arm-none-eabi/lib/thumb/v7-m/nofp/crt0.o
LOAD ./Core/Src/SPI_Connection.o
LOAD ./Core/Src/exp_measurement.o
LOAD ./Core/Src/exp_protocol.o
LOAD ./Core/Src/main.o
LOAD ./Core/Src/protocol_parser.o
LOAD ./Core/Src/sensor_utils.o
LOAD ./Core/Src/stm32f1xx_hal_msp.o
LOAD ./Core/Src/stm32f1xx_it.o
LOAD ./Core/Src/syscalls.o
LOAD ./Core/Src/sysmem.o
LOAD ./Core/Src/system_stm32f1xx.o
LOAD ./Core/Startup/startup_stm32f103cbtx.o
LOAD ./Drivers/STM32F1xx_HAL_Driver/Src/stm32f1xx_hal.o
LOAD ./Drivers/STM32F1xx_HAL_Driver/Src/stm32f1xx_hal_adc.o
LOAD ./Drivers/STM32F1xx_HAL_Driver/Src/stm32f1xx_hal_adc_ex.o
LOAD ./Drivers/STM32F1xx_HAL_Driver/Src/stm32f1xx_hal_cortex.o
LOAD ./Drivers/STM32F1xx_HAL_Driver/Src/stm32f1xx_hal_dma.o
LOAD ./Drivers/STM32F1xx_HAL_Driver/Src/stm32f1xx_hal_exti.o
LOAD ./Drivers/STM32F1xx_HAL_Driver/Src/stm32f1xx_hal_flash.o
LOAD ./Drivers/STM32F1xx_HAL_Driver/Src/stm32f1xx_hal_flash_ex.o
LOAD ./Drivers/STM32F1xx_HAL_Driver/Src/stm32f1xx_hal_gpio.o
LOAD ./Drivers/STM32F1xx_HAL_Driver/Src/stm32f1xx_hal_gpio_ex.o
LOAD ./Drivers/STM32F1xx_HAL_Driver/Src/stm32f1xx_hal_pwr.o
LOAD ./Drivers/STM32F1xx_HAL_Driver/Src/stm32f1xx_hal_rcc.o
LOAD ./Drivers/STM32F1xx_HAL_Driver/Src/stm32f1xx_hal_rcc_ex.o
LOAD ./Drivers/STM32F1xx_HAL_Driver/Src/stm32f1xx_hal_spi.o
LOAD ./Drivers/STM32F1xx_HAL_Driver/Src/stm32f1xx_hal_tim.o
LOAD ./Drivers/STM32F1xx_HAL_Driver/Src/stm32f1xx_hal_tim_ex.o
LOAD ./Drivers/STM32F1xx_HAL_Driver/Src/stm32f1xx_hal_uart.o
LOAD ./Drivers/W25Q/w25q_spi.o
START GROUP
LOAD c:/program files/stmicroelectronics/stm32cubeide_1.12.0/stm32cubeide/plugins/com.st.stm32cube.ide.mcu.externaltools.gnu-tools-for-stm32.10.3-2021.10.win32_1.0.200.202301161003/tools/bin/../lib/gcc/arm-none-eabi/10.3.1/../../../../arm-none-eabi/lib/thumb/v7-m/nofp\libc_nano.a
LOAD c:/program files/stmicroelectronics/stm32cubeide_1.12.0/stm32cubeide/plugins/com.st.stm32cube.ide.mcu.externaltools.gnu-tools-for-stm32.10.3-2021.10.win32_1.0.200.202301161003/tools/bin/../lib/gcc/arm-none-eabi/10.3.1/../../../../arm-none-eabi/lib/thumb/v7-m/nofp\libm.a
END GROUP
START GROUP
LOAD c:/program files/stmicroelectronics/stm32cubeide_1.12.0/stm32cubeide/plugins/com.st.stm32cube.ide.mcu.externaltools.gnu-tools-for-stm32.10.3-2021.10.win32_1.0.200.202301161003/tools/bin/../lib/gcc/arm-none-eabi/10.3.1/thumb/v7-m/nofp\libgcc.a
LOAD c:/program files/stmicroelectronics/stm32cubeide_1.12.0/stm32cubeide/plugins/com.st.stm32cube.ide.mcu.externaltools.gnu-tools-for-stm32.10.3-2021.10.win32_1.0.200.202301161003/tools/bin/../lib/gcc/arm-none-eabi/10.3.1/../../../../arm-none-eabi/lib/thumb/v7-m/nofp\libc_nano.a
END GROUP
START GROUP
LOAD c:/program files/stmicroelectronics/stm32cubeide_1.12.0/stm32cubeide/plugins/com.st.stm32cube.ide.mcu.externaltools.gnu-tools-for-stm32.10.3-2021.10.win32_1.0.200.202301161003/tools/bin/../lib/gcc/arm-none-eabi/10.3.1/thumb/v7-m/nofp\libgcc.a
LOAD c:/program files/stmicroelectronics/stm32cubeide_1.12.0/stm32cubeide/plugins/com.st.stm32cube.ide.mcu.externaltools.gnu-tools-for-stm32.10.3-2021.10.win32_1.0.200.202301161003/tools/bin/../lib/gcc/arm-none-eabi/10.3.1/../../../../arm-none-eabi/lib/thumb/v7-m/nofp\libc_nano.a
LOAD c:/program files/stmicroelectronics/stm32cubeide_1.12.0/stm32cubeide/plugins/com.st.stm32cube.ide.mcu.externaltools.gnu-tools-for-stm32.10.3-2021.10.win32_1.0.200.202301161003/tools/bin/../lib/gcc/arm-none-eabi/10.3.1/../../../../arm-none-eabi/lib/thumb/v7-m/nofp\libnosys.a
END GROUP
START GROUP
LOAD c:/program files/stmicroelectronics/stm32cubeide_1.12.0/stm32cubeide/plugins/com.st.stm32cube.ide.mcu.externaltools.gnu-tools-for-stm32.10.3-2021.10.win32_1.0.200.202301161003/tools/bin/../lib/gcc/arm-none-eabi/10.3.1/thumb/v7-m/nofp\libgcc.a
LOAD c:/program files/stmicroelectronics/stm32cubeide_1.12.0/stm32cubeide/plugins/com.st.stm32cube.ide.mcu.externaltools.gnu-tools-for-stm32.10.3-2021.10.win32_1.0.200.202301161003/tools/bin/../lib/gcc/arm-none-eabi/10.3.1/../../../../arm-none-eabi/lib/thumb/v7-m/nofp\libc_nano.a
LOAD c:/program files/stmicroelectronics/stm32cubeide_1.12.0/stm32cubeide/plugins/com.st.stm32cube.ide.mcu.externaltools.gnu-tools-for-stm32.10.3-2021.10.win32_1.0.200.202301161003/tools/bin/../lib/gcc/arm-none-eabi/10.3.1/../../../../arm-none-eabi/lib/thumb/v7-m/nofp\libnosys.a
END GROUP
LOAD c:/program files/stmicroelectronics/stm32cubeide_1.12.0/stm32cubeide/plugins/com.st.stm32cube.ide.mcu.externaltools.gnu-tools-for-stm32.10.3-2021.10.win32_1.0.200.202301161003/tools/bin/../lib/gcc/arm-none-eabi/10.3.1/thumb/v7-m/nofp/crtend.o
LOAD c:/program files/stmicroelectronics/stm32cubeide_1.12.0/stm32cubeide/plugins/com.st.stm32cube.ide.mcu.externaltools.gnu-tools-for-stm32.10.3-2021.10.win32_1.0.200.202301161003/tools/bin/../lib/gcc/arm-none-eabi/10.3.1/thumb/v7-m/nofp/crtn.o
                0x0000000020005000                _estack = (ORIGIN (RAM) + LENGTH (RAM))
                0x0000000000000200                _Min_Heap_Size = 0x200
                0x0000000000000400                _Min_Stack_Size = 0x400

.isr_vector     0x0000000008000000      0x10c
                0x0000000008000000                . = ALIGN (0x4)
 *(.isr_vector)
 .isr_vector    0x0000000008000000      0x10c ./Core/Startup/startup_stm32f103cbtx.o
                0x0000000008000000                g_pfnVectors
                0x000000000800010c                . = ALIGN (0x4)

.text           0x000000000800010c     0x66d4
                0x000000000800010c                . = ALIGN (0x4)
 *(.text)
 .text          0x000000000800010c       0x40 c:/program files/stmicroelectronics/stm32cubeide_1.12.0/stm32cubeide/plugins/com.st.stm32cube.ide.mcu.externaltools.gnu-tools-for-stm32.10.3-2021.10.win32_1.0.200.202301161003/tools/bin/../lib/gcc/arm-none-eabi/10.3.1/thumb/v7-m/nofp/crtbegin.o
 .text          0x000000000800014c      0x254 c:/program files/stmicroelectronics/stm32cubeide_1.12.0/stm32cubeide/plugins/com.st.stm32cube.ide.mcu.externaltools.gnu-tools-for-stm32.10.3-2021.10.win32_1.0.200.202301161003/tools/bin/../lib/gcc/arm-none-eabi/10.3.1/thumb/v7-m/nofp\libgcc.a(_arm_muldf3.o)
                0x000000000800014c                __muldf3
                0x000000000800014c                __aeabi_dmul
 .text          0x00000000080003a0      0x378 c:/program files/stmicroelectronics/stm32cubeide_1.12.0/stm32cubeide/plugins/com.st.stm32cube.ide.mcu.externaltools.gnu-tools-for-stm32.10.3-2021.10.win32_1.0.200.202301161003/tools/bin/../lib/gcc/arm-none-eabi/10.3.1/thumb/v7-m/nofp\libgcc.a(_arm_addsubdf3.o)
                0x00000000080003a0                __aeabi_drsub
                0x00000000080003a8                __aeabi_dsub
                0x00000000080003a8                __subdf3
                0x00000000080003ac                __aeabi_dadd
                0x00000000080003ac                __adddf3
                0x0000000008000624                __floatunsidf
                0x0000000008000624                __aeabi_ui2d
                0x0000000008000644                __floatsidf
                0x0000000008000644                __aeabi_i2d
                0x0000000008000668                __aeabi_f2d
                0x0000000008000668                __extendsfdf2
                0x00000000080006ac                __floatundidf
                0x00000000080006ac                __aeabi_ul2d
                0x00000000080006bc                __floatdidf
                0x00000000080006bc                __aeabi_l2d
 .text          0x0000000008000718       0x40 c:/program files/stmicroelectronics/stm32cubeide_1.12.0/stm32cubeide/plugins/com.st.stm32cube.ide.mcu.externaltools.gnu-tools-for-stm32.10.3-2021.10.win32_1.0.200.202301161003/tools/bin/../lib/gcc/arm-none-eabi/10.3.1/thumb/v7-m/nofp\libgcc.a(_arm_fixunsdfsi.o)
                0x0000000008000718                __aeabi_d2uiz
                0x0000000008000718                __fixunsdfsi
 .text          0x0000000008000758      0x21c c:/program files/stmicroelectronics/stm32cubeide_1.12.0/stm32cubeide/plugins/com.st.stm32cube.ide.mcu.externaltools.gnu-tools-for-stm32.10.3-2021.10.win32_1.0.200.202301161003/tools/bin/../lib/gcc/arm-none-eabi/10.3.1/thumb/v7-m/nofp\libgcc.a(_arm_addsubsf3.o)
                0x0000000008000758                __aeabi_frsub
                0x0000000008000760                __subsf3
                0x0000000008000760                __aeabi_fsub
                0x0000000008000764                __aeabi_fadd
                0x0000000008000764                __addsf3
                0x00000000080008c4                __aeabi_ui2f
                0x00000000080008c4                __floatunsisf
                0x00000000080008cc                __aeabi_i2f
                0x00000000080008cc                __floatsisf
                0x00000000080008e8                __aeabi_ul2f
                0x00000000080008e8                __floatundisf
                0x00000000080008f8                __aeabi_l2f
                0x00000000080008f8                __floatdisf
 .text          0x0000000008000974      0x2a0 c:/program files/stmicroelectronics/stm32cubeide_1.12.0/stm32cubeide/plugins/com.st.stm32cube.ide.mcu.externaltools.gnu-tools-for-stm32.10.3-2021.10.win32_1.0.200.202301161003/tools/bin/../lib/gcc/arm-none-eabi/10.3.1/thumb/v7-m/nofp\libgcc.a(_arm_muldivsf3.o)
                0x0000000008000974                __mulsf3
                0x0000000008000974                __aeabi_fmul
                0x0000000008000adc                __aeabi_fdiv
                0x0000000008000adc                __divsf3
 .text          0x0000000008000c14       0xec c:/program files/stmicroelectronics/stm32cubeide_1.12.0/stm32cubeide/plugins/com.st.stm32cube.ide.mcu.externaltools.gnu-tools-for-stm32.10.3-2021.10.win32_1.0.200.202301161003/tools/bin/../lib/gcc/arm-none-eabi/10.3.1/thumb/v7-m/nofp\libgcc.a(_arm_cmpsf2.o)
                0x0000000008000c14                __gesf2
                0x0000000008000c14                __gtsf2
                0x0000000008000c1c                __lesf2
                0x0000000008000c1c                __ltsf2
                0x0000000008000c24                __nesf2
                0x0000000008000c24                __eqsf2
                0x0000000008000c24                __cmpsf2
                0x0000000008000c84                __aeabi_cfrcmple
                0x0000000008000c8c                __aeabi_cfcmpeq
                0x0000000008000c8c                __aeabi_cfcmple
                0x0000000008000c9c                __aeabi_fcmpeq
                0x0000000008000cb0                __aeabi_fcmplt
                0x0000000008000cc4                __aeabi_fcmple
                0x0000000008000cd8                __aeabi_fcmpge
                0x0000000008000cec                __aeabi_fcmpgt
 *(.text*)
 .text.HAL_GPIO_EXTI_Callback
                0x0000000008000d00       0xd4 ./Core/Src/SPI_Connection.o
                0x0000000008000d00                HAL_GPIO_EXTI_Callback
 .text.switchBuffer
                0x0000000008000dd4       0x44 ./Core/Src/SPI_Connection.o
                0x0000000008000dd4                switchBuffer
 .text.HAL_SPI_TxRxCpltCallback
                0x0000000008000e18       0x68 ./Core/Src/SPI_Connection.o
                0x0000000008000e18                HAL_SPI_TxRxCpltCallback
 .text.get_measurement_time
                0x0000000008000e80       0x14 ./Core/Src/exp_measurement.o
                0x0000000008000e80                get_measurement_time
 .text.reset_meas_time
                0x0000000008000e94       0x24 ./Core/Src/exp_measurement.o
                0x0000000008000e94                reset_meas_time
 .text.start_measurement
                0x0000000008000eb8       0x48 ./Core/Src/exp_measurement.o
                0x0000000008000eb8                start_measurement
 .text.stop_measurement
                0x0000000008000f00       0x34 ./Core/Src/exp_measurement.o
                0x0000000008000f00                stop_measurement
 .text.HAL_TIM_PeriodElapsedCallback
                0x0000000008000f34       0x4c ./Core/Src/exp_measurement.o
                0x0000000008000f34                HAL_TIM_PeriodElapsedCallback
 .text.parser_exp
                0x0000000008000f80       0x3c ./Core/Src/exp_protocol.o
                0x0000000008000f80                parser_exp
 .text.HAL_UART_RxCpltCallback
                0x0000000008000fbc       0x44 ./Core/Src/exp_protocol.o
                0x0000000008000fbc                HAL_UART_RxCpltCallback
 .text.uart_init
                0x0000000008001000       0x28 ./Core/Src/exp_protocol.o
                0x0000000008001000                uart_init
 .text.send_data
                0x0000000008001028       0x64 ./Core/Src/exp_protocol.o
                0x0000000008001028                send_data
 .text.getTemperature
                0x000000000800108c      0x110 ./Core/Src/main.o
                0x000000000800108c                getTemperature
 .text.main     0x000000000800119c      0x204 ./Core/Src/main.o
                0x000000000800119c                main
 .text.SystemClock_Config
                0x00000000080013a0       0xb6 ./Core/Src/main.o
                0x00000000080013a0                SystemClock_Config
 *fill*         0x0000000008001456        0x2 
 .text.MX_ADC1_Init
                0x0000000008001458       0x7c ./Core/Src/main.o
 .text.MX_SPI1_Init
                0x00000000080014d4       0x6c ./Core/Src/main.o
 .text.MX_SPI2_Init
                0x0000000008001540       0x64 ./Core/Src/main.o
 .text.MX_TIM1_Init
                0x00000000080015a4       0xa0 ./Core/Src/main.o
 .text.MX_TIM2_Init
                0x0000000008001644       0xfc ./Core/Src/main.o
 .text.MX_TIM3_Init
                0x0000000008001740       0x9c ./Core/Src/main.o
 .text.MX_USART1_UART_Init
                0x00000000080017dc       0x54 ./Core/Src/main.o
 .text.MX_GPIO_Init
                0x0000000008001830       0xc4 ./Core/Src/main.o
 .text.Error_Handler
                0x00000000080018f4        0xa ./Core/Src/main.o
                0x00000000080018f4                Error_Handler
 *fill*         0x00000000080018fe        0x2 
 .text.HAL_MspInit
                0x0000000008001900       0x64 ./Core/Src/stm32f1xx_hal_msp.o
                0x0000000008001900                HAL_MspInit
 .text.HAL_ADC_MspInit
                0x0000000008001964       0x88 ./Core/Src/stm32f1xx_hal_msp.o
                0x0000000008001964                HAL_ADC_MspInit
 .text.HAL_SPI_MspInit
                0x00000000080019ec      0x11c ./Core/Src/stm32f1xx_hal_msp.o
                0x00000000080019ec                HAL_SPI_MspInit
 .text.HAL_TIM_Base_MspInit
                0x0000000008001b08       0x98 ./Core/Src/stm32f1xx_hal_msp.o
                0x0000000008001b08                HAL_TIM_Base_MspInit
 .text.HAL_TIM_MspPostInit
                0x0000000008001ba0       0x60 ./Core/Src/stm32f1xx_hal_msp.o
                0x0000000008001ba0                HAL_TIM_MspPostInit
 .text.HAL_UART_MspInit
                0x0000000008001c00       0xa8 ./Core/Src/stm32f1xx_hal_msp.o
                0x0000000008001c00                HAL_UART_MspInit
 .text.NMI_Handler
                0x0000000008001ca8        0x6 ./Core/Src/stm32f1xx_it.o
                0x0000000008001ca8                NMI_Handler
 .text.HardFault_Handler
                0x0000000008001cae        0x6 ./Core/Src/stm32f1xx_it.o
                0x0000000008001cae                HardFault_Handler
 .text.MemManage_Handler
                0x0000000008001cb4        0x6 ./Core/Src/stm32f1xx_it.o
                0x0000000008001cb4                MemManage_Handler
 .text.BusFault_Handler
                0x0000000008001cba        0x6 ./Core/Src/stm32f1xx_it.o
                0x0000000008001cba                BusFault_Handler
 .text.UsageFault_Handler
                0x0000000008001cc0        0x6 ./Core/Src/stm32f1xx_it.o
                0x0000000008001cc0                UsageFault_Handler
 .text.SVC_Handler
                0x0000000008001cc6        0xc ./Core/Src/stm32f1xx_it.o
                0x0000000008001cc6                SVC_Handler
 .text.DebugMon_Handler
                0x0000000008001cd2        0xc ./Core/Src/stm32f1xx_it.o
                0x0000000008001cd2                DebugMon_Handler
 .text.PendSV_Handler
                0x0000000008001cde        0xc ./Core/Src/stm32f1xx_it.o
                0x0000000008001cde                PendSV_Handler
 .text.SysTick_Handler
                0x0000000008001cea        0xc ./Core/Src/stm32f1xx_it.o
                0x0000000008001cea                SysTick_Handler
 *fill*         0x0000000008001cf6        0x2 
 .text.ADC1_2_IRQHandler
                0x0000000008001cf8       0x3c ./Core/Src/stm32f1xx_it.o
                0x0000000008001cf8                ADC1_2_IRQHandler
 .text.TIM1_UP_IRQHandler
                0x0000000008001d34       0x14 ./Core/Src/stm32f1xx_it.o
                0x0000000008001d34                TIM1_UP_IRQHandler
 .text.SPI2_IRQHandler
                0x0000000008001d48       0x14 ./Core/Src/stm32f1xx_it.o
                0x0000000008001d48                SPI2_IRQHandler
 .text.USART1_IRQHandler
                0x0000000008001d5c       0x14 ./Core/Src/stm32f1xx_it.o
                0x0000000008001d5c                USART1_IRQHandler
 .text.EXTI15_10_IRQHandler
                0x0000000008001d70       0x10 ./Core/Src/stm32f1xx_it.o
                0x0000000008001d70                EXTI15_10_IRQHandler
 .text.SystemInit
                0x0000000008001d80        0xc ./Core/Src/system_stm32f1xx.o
                0x0000000008001d80                SystemInit
 .text.Reset_Handler
                0x0000000008001d8c       0x48 ./Core/Startup/startup_stm32f103cbtx.o
                0x0000000008001d8c                Reset_Handler
 .text.Default_Handler
                0x0000000008001dd4        0x2 ./Core/Startup/startup_stm32f103cbtx.o
                0x0000000008001dd4                RTC_Alarm_IRQHandler
                0x0000000008001dd4                EXTI2_IRQHandler
                0x0000000008001dd4                TIM1_CC_IRQHandler
                0x0000000008001dd4                PVD_IRQHandler
                0x0000000008001dd4                EXTI3_IRQHandler
                0x0000000008001dd4                EXTI0_IRQHandler
                0x0000000008001dd4                I2C2_EV_IRQHandler
                0x0000000008001dd4                SPI1_IRQHandler
                0x0000000008001dd4                TAMPER_IRQHandler
                0x0000000008001dd4                DMA1_Channel4_IRQHandler
                0x0000000008001dd4                USART3_IRQHandler
                0x0000000008001dd4                RTC_IRQHandler
                0x0000000008001dd4                DMA1_Channel7_IRQHandler
                0x0000000008001dd4                CAN1_RX1_IRQHandler
                0x0000000008001dd4                TIM4_IRQHandler
                0x0000000008001dd4                I2C1_EV_IRQHandler
                0x0000000008001dd4                DMA1_Channel6_IRQHandler
                0x0000000008001dd4                TIM3_IRQHandler
                0x0000000008001dd4                RCC_IRQHandler
                0x0000000008001dd4                TIM1_TRG_COM_IRQHandler
                0x0000000008001dd4                DMA1_Channel1_IRQHandler
                0x0000000008001dd4                Default_Handler
                0x0000000008001dd4                EXTI9_5_IRQHandler
                0x0000000008001dd4                DMA1_Channel5_IRQHandler
                0x0000000008001dd4                EXTI4_IRQHandler
                0x0000000008001dd4                USB_LP_CAN1_RX0_IRQHandler
                0x0000000008001dd4                USB_HP_CAN1_TX_IRQHandler
                0x0000000008001dd4                DMA1_Channel3_IRQHandler
                0x0000000008001dd4                WWDG_IRQHandler
                0x0000000008001dd4                TIM2_IRQHandler
                0x0000000008001dd4                TIM1_BRK_IRQHandler
                0x0000000008001dd4                EXTI1_IRQHandler
                0x0000000008001dd4                USART2_IRQHandler
                0x0000000008001dd4                I2C2_ER_IRQHandler
                0x0000000008001dd4                DMA1_Channel2_IRQHandler
                0x0000000008001dd4                CAN1_SCE_IRQHandler
                0x0000000008001dd4                FLASH_IRQHandler
                0x0000000008001dd4                I2C1_ER_IRQHandler
                0x0000000008001dd4                USBWakeUp_IRQHandler
 *fill*         0x0000000008001dd6        0x2 
 .text.HAL_Init
                0x0000000008001dd8       0x2c ./Drivers/STM32F1xx_HAL_Driver/Src/stm32f1xx_hal.o
                0x0000000008001dd8                HAL_Init
 .text.HAL_InitTick
                0x0000000008001e04       0x60 ./Drivers/STM32F1xx_HAL_Driver/Src/stm32f1xx_hal.o
                0x0000000008001e04                HAL_InitTick
 .text.HAL_IncTick
                0x0000000008001e64       0x24 ./Drivers/STM32F1xx_HAL_Driver/Src/stm32f1xx_hal.o
                0x0000000008001e64                HAL_IncTick
 .text.HAL_GetTick
                0x0000000008001e88       0x14 ./Drivers/STM32F1xx_HAL_Driver/Src/stm32f1xx_hal.o
                0x0000000008001e88                HAL_GetTick
 .text.HAL_Delay
                0x0000000008001e9c       0x48 ./Drivers/STM32F1xx_HAL_Driver/Src/stm32f1xx_hal.o
                0x0000000008001e9c                HAL_Delay
 .text.HAL_ADC_Init
                0x0000000008001ee4      0x1b0 ./Drivers/STM32F1xx_HAL_Driver/Src/stm32f1xx_hal_adc.o
                0x0000000008001ee4                HAL_ADC_Init
 .text.HAL_ADC_PollForConversion
                0x0000000008002094      0x20c ./Drivers/STM32F1xx_HAL_Driver/Src/stm32f1xx_hal_adc.o
                0x0000000008002094                HAL_ADC_PollForConversion
 .text.HAL_ADC_Start_IT
                0x00000000080022a0      0x16c ./Drivers/STM32F1xx_HAL_Driver/Src/stm32f1xx_hal_adc.o
                0x00000000080022a0                HAL_ADC_Start_IT
 .text.HAL_ADC_GetValue
                0x000000000800240c       0x18 ./Drivers/STM32F1xx_HAL_Driver/Src/stm32f1xx_hal_adc.o
                0x000000000800240c                HAL_ADC_GetValue
 .text.HAL_ADC_IRQHandler
                0x0000000008002424      0x186 ./Drivers/STM32F1xx_HAL_Driver/Src/stm32f1xx_hal_adc.o
                0x0000000008002424                HAL_ADC_IRQHandler
 .text.HAL_ADC_ConvCpltCallback
                0x00000000080025aa       0x12 ./Drivers/STM32F1xx_HAL_Driver/Src/stm32f1xx_hal_adc.o
                0x00000000080025aa                HAL_ADC_ConvCpltCallback
 .text.HAL_ADC_LevelOutOfWindowCallback
                0x00000000080025bc       0x12 ./Drivers/STM32F1xx_HAL_Driver/Src/stm32f1xx_hal_adc.o
                0x00000000080025bc                HAL_ADC_LevelOutOfWindowCallback
 *fill*         0x00000000080025ce        0x2 
 .text.HAL_ADC_ConfigChannel
                0x00000000080025d0      0x1f0 ./Drivers/STM32F1xx_HAL_Driver/Src/stm32f1xx_hal_adc.o
                0x00000000080025d0                HAL_ADC_ConfigChannel
 .text.ADC_Enable
                0x00000000080027c0       0xb4 ./Drivers/STM32F1xx_HAL_Driver/Src/stm32f1xx_hal_adc.o
                0x00000000080027c0                ADC_Enable
 .text.ADC_ConversionStop_Disable
                0x0000000008002874       0x82 ./Drivers/STM32F1xx_HAL_Driver/Src/stm32f1xx_hal_adc.o
                0x0000000008002874                ADC_ConversionStop_Disable
 .text.HAL_ADCEx_InjectedConvCpltCallback
                0x00000000080028f6       0x12 ./Drivers/STM32F1xx_HAL_Driver/Src/stm32f1xx_hal_adc_ex.o
                0x00000000080028f6                HAL_ADCEx_InjectedConvCpltCallback
 .text.__NVIC_SetPriorityGrouping
                0x0000000008002908       0x48 ./Drivers/STM32F1xx_HAL_Driver/Src/stm32f1xx_hal_cortex.o
 .text.__NVIC_GetPriorityGrouping
                0x0000000008002950       0x1c ./Drivers/STM32F1xx_HAL_Driver/Src/stm32f1xx_hal_cortex.o
 .text.__NVIC_EnableIRQ
                0x000000000800296c       0x38 ./Drivers/STM32F1xx_HAL_Driver/Src/stm32f1xx_hal_cortex.o
 .text.__NVIC_SetPriority
                0x00000000080029a4       0x54 ./Drivers/STM32F1xx_HAL_Driver/Src/stm32f1xx_hal_cortex.o
 .text.NVIC_EncodePriority
                0x00000000080029f8       0x64 ./Drivers/STM32F1xx_HAL_Driver/Src/stm32f1xx_hal_cortex.o
 .text.SysTick_Config
                0x0000000008002a5c       0x44 ./Drivers/STM32F1xx_HAL_Driver/Src/stm32f1xx_hal_cortex.o
 .text.HAL_NVIC_SetPriorityGrouping
                0x0000000008002aa0       0x16 ./Drivers/STM32F1xx_HAL_Driver/Src/stm32f1xx_hal_cortex.o
                0x0000000008002aa0                HAL_NVIC_SetPriorityGrouping
 .text.HAL_NVIC_SetPriority
                0x0000000008002ab6       0x38 ./Drivers/STM32F1xx_HAL_Driver/Src/stm32f1xx_hal_cortex.o
                0x0000000008002ab6                HAL_NVIC_SetPriority
 .text.HAL_NVIC_EnableIRQ
                0x0000000008002aee       0x1c ./Drivers/STM32F1xx_HAL_Driver/Src/stm32f1xx_hal_cortex.o
                0x0000000008002aee                HAL_NVIC_EnableIRQ
 .text.HAL_SYSTICK_Config
                0x0000000008002b0a       0x18 ./Drivers/STM32F1xx_HAL_Driver/Src/stm32f1xx_hal_cortex.o
                0x0000000008002b0a                HAL_SYSTICK_Config
 .text.HAL_DMA_Abort
                0x0000000008002b22       0x74 ./Drivers/STM32F1xx_HAL_Driver/Src/stm32f1xx_hal_dma.o
                0x0000000008002b22                HAL_DMA_Abort
 *fill*         0x0000000008002b96        0x2 
 .text.HAL_DMA_Abort_IT
                0x0000000008002b98       0xec ./Drivers/STM32F1xx_HAL_Driver/Src/stm32f1xx_hal_dma.o
                0x0000000008002b98                HAL_DMA_Abort_IT
 .text.HAL_GPIO_Init
                0x0000000008002c84      0x308 ./Drivers/STM32F1xx_HAL_Driver/Src/stm32f1xx_hal_gpio.o
                0x0000000008002c84                HAL_GPIO_Init
 .text.HAL_GPIO_ReadPin
                0x0000000008002f8c       0x2e ./Drivers/STM32F1xx_HAL_Driver/Src/stm32f1xx_hal_gpio.o
                0x0000000008002f8c                HAL_GPIO_ReadPin
 .text.HAL_GPIO_WritePin
                0x0000000008002fba       0x30 ./Drivers/STM32F1xx_HAL_Driver/Src/stm32f1xx_hal_gpio.o
                0x0000000008002fba                HAL_GPIO_WritePin
 .text.HAL_GPIO_TogglePin
                0x0000000008002fea       0x32 ./Drivers/STM32F1xx_HAL_Driver/Src/stm32f1xx_hal_gpio.o
                0x0000000008002fea                HAL_GPIO_TogglePin
 .text.HAL_GPIO_EXTI_IRQHandler
                0x000000000800301c       0x30 ./Drivers/STM32F1xx_HAL_Driver/Src/stm32f1xx_hal_gpio.o
                0x000000000800301c                HAL_GPIO_EXTI_IRQHandler
 .text.HAL_RCC_OscConfig
                0x000000000800304c      0x504 ./Drivers/STM32F1xx_HAL_Driver/Src/stm32f1xx_hal_rcc.o
                0x000000000800304c                HAL_RCC_OscConfig
 .text.HAL_RCC_ClockConfig
                0x0000000008003550      0x1d4 ./Drivers/STM32F1xx_HAL_Driver/Src/stm32f1xx_hal_rcc.o
                0x0000000008003550                HAL_RCC_ClockConfig
 .text.HAL_RCC_GetSysClockFreq
                0x0000000008003724       0xbc ./Drivers/STM32F1xx_HAL_Driver/Src/stm32f1xx_hal_rcc.o
                0x0000000008003724                HAL_RCC_GetSysClockFreq
 .text.HAL_RCC_GetHCLKFreq
                0x00000000080037e0       0x14 ./Drivers/STM32F1xx_HAL_Driver/Src/stm32f1xx_hal_rcc.o
                0x00000000080037e0                HAL_RCC_GetHCLKFreq
 .text.HAL_RCC_GetPCLK1Freq
                0x00000000080037f4       0x28 ./Drivers/STM32F1xx_HAL_Driver/Src/stm32f1xx_hal_rcc.o
                0x00000000080037f4                HAL_RCC_GetPCLK1Freq
 .text.HAL_RCC_GetPCLK2Freq
                0x000000000800381c       0x28 ./Drivers/STM32F1xx_HAL_Driver/Src/stm32f1xx_hal_rcc.o
                0x000000000800381c                HAL_RCC_GetPCLK2Freq
 .text.RCC_Delay
                0x0000000008003844       0x3c ./Drivers/STM32F1xx_HAL_Driver/Src/stm32f1xx_hal_rcc.o
 .text.HAL_RCCEx_PeriphCLKConfig
                0x0000000008003880      0x16c ./Drivers/STM32F1xx_HAL_Driver/Src/stm32f1xx_hal_rcc_ex.o
                0x0000000008003880                HAL_RCCEx_PeriphCLKConfig
 .text.HAL_RCCEx_GetPeriphCLKFreq
                0x00000000080039ec      0x180 ./Drivers/STM32F1xx_HAL_Driver/Src/stm32f1xx_hal_rcc_ex.o
                0x00000000080039ec                HAL_RCCEx_GetPeriphCLKFreq
 .text.HAL_SPI_Init
                0x0000000008003b6c      0x108 ./Drivers/STM32F1xx_HAL_Driver/Src/stm32f1xx_hal_spi.o
                0x0000000008003b6c                HAL_SPI_Init
 .text.HAL_SPI_Transmit
                0x0000000008003c74      0x278 ./Drivers/STM32F1xx_HAL_Driver/Src/stm32f1xx_hal_spi.o
                0x0000000008003c74                HAL_SPI_Transmit
 .text.HAL_SPI_Receive
                0x0000000008003eec      0x222 ./Drivers/STM32F1xx_HAL_Driver/Src/stm32f1xx_hal_spi.o
                0x0000000008003eec                HAL_SPI_Receive
 .text.HAL_SPI_TransmitReceive
                0x000000000800410e      0x344 ./Drivers/STM32F1xx_HAL_Driver/Src/stm32f1xx_hal_spi.o
                0x000000000800410e                HAL_SPI_TransmitReceive
 *fill*         0x0000000008004452        0x2 
 .text.HAL_SPI_TransmitReceive_IT
                0x0000000008004454      0x128 ./Drivers/STM32F1xx_HAL_Driver/Src/stm32f1xx_hal_spi.o
                0x0000000008004454                HAL_SPI_TransmitReceive_IT
 .text.HAL_SPI_IRQHandler
                0x000000000800457c      0x1cc ./Drivers/STM32F1xx_HAL_Driver/Src/stm32f1xx_hal_spi.o
                0x000000000800457c                HAL_SPI_IRQHandler
 .text.HAL_SPI_RxCpltCallback
                0x0000000008004748       0x12 ./Drivers/STM32F1xx_HAL_Driver/Src/stm32f1xx_hal_spi.o
                0x0000000008004748                HAL_SPI_RxCpltCallback
 .text.HAL_SPI_ErrorCallback
                0x000000000800475a       0x12 ./Drivers/STM32F1xx_HAL_Driver/Src/stm32f1xx_hal_spi.o
                0x000000000800475a                HAL_SPI_ErrorCallback
 .text.SPI_DMAAbortOnError
                0x000000000800476c       0x28 ./Drivers/STM32F1xx_HAL_Driver/Src/stm32f1xx_hal_spi.o
 .text.SPI_2linesRxISR_8BIT
                0x0000000008004794       0x64 ./Drivers/STM32F1xx_HAL_Driver/Src/stm32f1xx_hal_spi.o
 .text.SPI_2linesTxISR_8BIT
                0x00000000080047f8       0x60 ./Drivers/STM32F1xx_HAL_Driver/Src/stm32f1xx_hal_spi.o
 .text.SPI_2linesRxISR_16BIT
                0x0000000008004858       0x60 ./Drivers/STM32F1xx_HAL_Driver/Src/stm32f1xx_hal_spi.o
 .text.SPI_2linesTxISR_16BIT
                0x00000000080048b8       0x5e ./Drivers/STM32F1xx_HAL_Driver/Src/stm32f1xx_hal_spi.o
 *fill*         0x0000000008004916        0x2 
 .text.SPI_WaitFlagStateUntilTimeout
                0x0000000008004918      0x110 ./Drivers/STM32F1xx_HAL_Driver/Src/stm32f1xx_hal_spi.o
 .text.SPI_EndRxTransaction
                0x0000000008004a28       0xa4 ./Drivers/STM32F1xx_HAL_Driver/Src/stm32f1xx_hal_spi.o
 .text.SPI_EndRxTxTransaction
                0x0000000008004acc       0x3c ./Drivers/STM32F1xx_HAL_Driver/Src/stm32f1xx_hal_spi.o
 .text.SPI_CloseRxTx_ISR
                0x0000000008004b08       0xe8 ./Drivers/STM32F1xx_HAL_Driver/Src/stm32f1xx_hal_spi.o
 .text.HAL_TIM_Base_Init
                0x0000000008004bf0       0x9e ./Drivers/STM32F1xx_HAL_Driver/Src/stm32f1xx_hal_tim.o
                0x0000000008004bf0                HAL_TIM_Base_Init
 *fill*         0x0000000008004c8e        0x2 
 .text.HAL_TIM_Base_Start
                0x0000000008004c90       0x94 ./Drivers/STM32F1xx_HAL_Driver/Src/stm32f1xx_hal_tim.o
                0x0000000008004c90                HAL_TIM_Base_Start
 .text.HAL_TIM_Base_Stop
                0x0000000008004d24       0x4c ./Drivers/STM32F1xx_HAL_Driver/Src/stm32f1xx_hal_tim.o
                0x0000000008004d24                HAL_TIM_Base_Stop
 .text.HAL_TIM_Base_Start_IT
                0x0000000008004d70       0xa4 ./Drivers/STM32F1xx_HAL_Driver/Src/stm32f1xx_hal_tim.o
                0x0000000008004d70                HAL_TIM_Base_Start_IT
 .text.HAL_TIM_PWM_Init
                0x0000000008004e14       0x9e ./Drivers/STM32F1xx_HAL_Driver/Src/stm32f1xx_hal_tim.o
                0x0000000008004e14                HAL_TIM_PWM_Init
 .text.HAL_TIM_PWM_MspInit
                0x0000000008004eb2       0x12 ./Drivers/STM32F1xx_HAL_Driver/Src/stm32f1xx_hal_tim.o
                0x0000000008004eb2                HAL_TIM_PWM_MspInit
 .text.HAL_TIM_OnePulse_Init
                0x0000000008004ec4       0xa0 ./Drivers/STM32F1xx_HAL_Driver/Src/stm32f1xx_hal_tim.o
                0x0000000008004ec4                HAL_TIM_OnePulse_Init
 .text.HAL_TIM_OnePulse_MspInit
                0x0000000008004f64       0x12 ./Drivers/STM32F1xx_HAL_Driver/Src/stm32f1xx_hal_tim.o
                0x0000000008004f64                HAL_TIM_OnePulse_MspInit
 .text.HAL_TIM_IRQHandler
                0x0000000008004f76      0x210 ./Drivers/STM32F1xx_HAL_Driver/Src/stm32f1xx_hal_tim.o
                0x0000000008004f76                HAL_TIM_IRQHandler
 *fill*         0x0000000008005186        0x2 
 .text.HAL_TIM_PWM_ConfigChannel
                0x0000000008005188      0x17c ./Drivers/STM32F1xx_HAL_Driver/Src/stm32f1xx_hal_tim.o
                0x0000000008005188                HAL_TIM_PWM_ConfigChannel
 .text.HAL_TIM_ConfigClockSource
                0x0000000008005304      0x188 ./Drivers/STM32F1xx_HAL_Driver/Src/stm32f1xx_hal_tim.o
                0x0000000008005304                HAL_TIM_ConfigClockSource
 .text.HAL_TIM_OC_DelayElapsedCallback
                0x000000000800548c       0x12 ./Drivers/STM32F1xx_HAL_Driver/Src/stm32f1xx_hal_tim.o
                0x000000000800548c                HAL_TIM_OC_DelayElapsedCallback
 .text.HAL_TIM_IC_CaptureCallback
                0x000000000800549e       0x12 ./Drivers/STM32F1xx_HAL_Driver/Src/stm32f1xx_hal_tim.o
                0x000000000800549e                HAL_TIM_IC_CaptureCallback
 .text.HAL_TIM_PWM_PulseFinishedCallback
                0x00000000080054b0       0x12 ./Drivers/STM32F1xx_HAL_Driver/Src/stm32f1xx_hal_tim.o
                0x00000000080054b0                HAL_TIM_PWM_PulseFinishedCallback
 .text.HAL_TIM_TriggerCallback
                0x00000000080054c2       0x12 ./Drivers/STM32F1xx_HAL_Driver/Src/stm32f1xx_hal_tim.o
                0x00000000080054c2                HAL_TIM_TriggerCallback
 .text.TIM_Base_SetConfig
                0x00000000080054d4       0xc4 ./Drivers/STM32F1xx_HAL_Driver/Src/stm32f1xx_hal_tim.o
                0x00000000080054d4                TIM_Base_SetConfig
 .text.TIM_OC1_SetConfig
                0x0000000008005598       0xcc ./Drivers/STM32F1xx_HAL_Driver/Src/stm32f1xx_hal_tim.o
 .text.TIM_OC2_SetConfig
                0x0000000008005664       0xd4 ./Drivers/STM32F1xx_HAL_Driver/Src/stm32f1xx_hal_tim.o
                0x0000000008005664                TIM_OC2_SetConfig
 .text.TIM_OC3_SetConfig
                0x0000000008005738       0xd4 ./Drivers/STM32F1xx_HAL_Driver/Src/stm32f1xx_hal_tim.o
 .text.TIM_OC4_SetConfig
                0x000000000800580c       0x9c ./Drivers/STM32F1xx_HAL_Driver/Src/stm32f1xx_hal_tim.o
 .text.TIM_TI1_ConfigInputStage
                0x00000000080058a8       0x5c ./Drivers/STM32F1xx_HAL_Driver/Src/stm32f1xx_hal_tim.o
 .text.TIM_TI2_ConfigInputStage
                0x0000000008005904       0x5e ./Drivers/STM32F1xx_HAL_Driver/Src/stm32f1xx_hal_tim.o
 .text.TIM_ITRx_SetConfig
                0x0000000008005962       0x34 ./Drivers/STM32F1xx_HAL_Driver/Src/stm32f1xx_hal_tim.o
 .text.TIM_ETR_SetConfig
                0x0000000008005996       0x3e ./Drivers/STM32F1xx_HAL_Driver/Src/stm32f1xx_hal_tim.o
                0x0000000008005996                TIM_ETR_SetConfig
 .text.HAL_TIMEx_MasterConfigSynchronization
                0x00000000080059d4       0xbc ./Drivers/STM32F1xx_HAL_Driver/Src/stm32f1xx_hal_tim_ex.o
                0x00000000080059d4                HAL_TIMEx_MasterConfigSynchronization
 .text.HAL_TIMEx_CommutCallback
                0x0000000008005a90       0x12 ./Drivers/STM32F1xx_HAL_Driver/Src/stm32f1xx_hal_tim_ex.o
                0x0000000008005a90                HAL_TIMEx_CommutCallback
 .text.HAL_TIMEx_BreakCallback
                0x0000000008005aa2       0x12 ./Drivers/STM32F1xx_HAL_Driver/Src/stm32f1xx_hal_tim_ex.o
                0x0000000008005aa2                HAL_TIMEx_BreakCallback
 .text.HAL_UART_Init
                0x0000000008005ab4       0x9a ./Drivers/STM32F1xx_HAL_Driver/Src/stm32f1xx_hal_uart.o
                0x0000000008005ab4                HAL_UART_Init
 .text.HAL_UART_Transmit
                0x0000000008005b4e      0x124 ./Drivers/STM32F1xx_HAL_Driver/Src/stm32f1xx_hal_uart.o
                0x0000000008005b4e                HAL_UART_Transmit
 .text.HAL_UART_Receive_IT
                0x0000000008005c72       0x60 ./Drivers/STM32F1xx_HAL_Driver/Src/stm32f1xx_hal_uart.o
                0x0000000008005c72                HAL_UART_Receive_IT
 *fill*         0x0000000008005cd2        0x2 
 .text.HAL_UART_IRQHandler
                0x0000000008005cd4      0x354 ./Drivers/STM32F1xx_HAL_Driver/Src/stm32f1xx_hal_uart.o
                0x0000000008005cd4                HAL_UART_IRQHandler
 .text.HAL_UART_TxCpltCallback
                0x0000000008006028       0x12 ./Drivers/STM32F1xx_HAL_Driver/Src/stm32f1xx_hal_uart.o
                0x0000000008006028                HAL_UART_TxCpltCallback
 .text.HAL_UART_ErrorCallback
                0x000000000800603a       0x12 ./Drivers/STM32F1xx_HAL_Driver/Src/stm32f1xx_hal_uart.o
                0x000000000800603a                HAL_UART_ErrorCallback
 .text.HAL_UARTEx_RxEventCallback
                0x000000000800604c       0x16 ./Drivers/STM32F1xx_HAL_Driver/Src/stm32f1xx_hal_uart.o
                0x000000000800604c                HAL_UARTEx_RxEventCallback
 .text.UART_WaitOnFlagUntilTimeout
                0x0000000008006062       0x94 ./Drivers/STM32F1xx_HAL_Driver/Src/stm32f1xx_hal_uart.o
 .text.UART_Start_Receive_IT
                0x00000000080060f6       0x72 ./Drivers/STM32F1xx_HAL_Driver/Src/stm32f1xx_hal_uart.o
                0x00000000080060f6                UART_Start_Receive_IT
 .text.UART_EndRxTransfer
                0x0000000008006168       0x58 ./Drivers/STM32F1xx_HAL_Driver/Src/stm32f1xx_hal_uart.o
 .text.UART_DMAAbortOnError
                0x00000000080061c0       0x28 ./Drivers/STM32F1xx_HAL_Driver/Src/stm32f1xx_hal_uart.o
 .text.UART_Transmit_IT
                0x00000000080061e8       0x9e ./Drivers/STM32F1xx_HAL_Driver/Src/stm32f1xx_hal_uart.o
 .text.UART_EndTransmit_IT
                0x0000000008006286       0x30 ./Drivers/STM32F1xx_HAL_Driver/Src/stm32f1xx_hal_uart.o
 .text.UART_Receive_IT
                0x00000000080062b6      0x152 ./Drivers/STM32F1xx_HAL_Driver/Src/stm32f1xx_hal_uart.o
 .text.UART_SetConfig
                0x0000000008006408      0x11c ./Drivers/STM32F1xx_HAL_Driver/Src/stm32f1xx_hal_uart.o
 .text.SPI1_Send
                0x0000000008006524       0x28 ./Drivers/W25Q/w25q_spi.o
                0x0000000008006524                SPI1_Send
 .text.SPI1_Recv
                0x000000000800654c       0x28 ./Drivers/W25Q/w25q_spi.o
                0x000000000800654c                SPI1_Recv
 .text.W25_Write_Enable
                0x0000000008006574       0x34 ./Drivers/W25Q/w25q_spi.o
                0x0000000008006574                W25_Write_Enable
 .text.W25_Write_Disable
                0x00000000080065a8       0x34 ./Drivers/W25Q/w25q_spi.o
                0x00000000080065a8                W25_Write_Disable
 .text.W25_Set_Block_Protect
                0x00000000080065dc       0x14 ./Drivers/W25Q/w25q_spi.o
                0x00000000080065dc                W25_Set_Block_Protect
 .text.W25_Wait_Write_End
                0x00000000080065f0       0x64 ./Drivers/W25Q/w25q_spi.o
                0x00000000080065f0                W25_Wait_Write_End
 .text.W25_Write_Page
                0x0000000008006654      0x100 ./Drivers/W25Q/w25q_spi.o
                0x0000000008006654                W25_Write_Page
 .text.__libc_init_array
                0x0000000008006754       0x48 c:/program files/stmicroelectronics/stm32cubeide_1.12.0/stm32cubeide/plugins/com.st.stm32cube.ide.mcu.externaltools.gnu-tools-for-stm32.10.3-2021.10.win32_1.0.200.202301161003/tools/bin/../lib/gcc/arm-none-eabi/10.3.1/../../../../arm-none-eabi/lib/thumb/v7-m/nofp\libc_nano.a(lib_a-init.o)
                0x0000000008006754                __libc_init_array
 .text.memcpy   0x000000000800679c       0x1c c:/program files/stmicroelectronics/stm32cubeide_1.12.0/stm32cubeide/plugins/com.st.stm32cube.ide.mcu.externaltools.gnu-tools-for-stm32.10.3-2021.10.win32_1.0.200.202301161003/tools/bin/../lib/gcc/arm-none-eabi/10.3.1/../../../../arm-none-eabi/lib/thumb/v7-m/nofp\libc_nano.a(lib_a-memcpy-stub.o)
                0x000000000800679c                memcpy
 .text.memset   0x00000000080067b8       0x10 c:/program files/stmicroelectronics/stm32cubeide_1.12.0/stm32cubeide/plugins/com.st.stm32cube.ide.mcu.externaltools.gnu-tools-for-stm32.10.3-2021.10.win32_1.0.200.202301161003/tools/bin/../lib/gcc/arm-none-eabi/10.3.1/../../../../arm-none-eabi/lib/thumb/v7-m/nofp\libc_nano.a(lib_a-memset.o)
                0x00000000080067b8                memset
 *(.glue_7)
 .glue_7        0x00000000080067c8        0x0 linker stubs
 *(.glue_7t)
 .glue_7t       0x00000000080067c8        0x0 linker stubs
 *(.eh_frame)
 .eh_frame      0x00000000080067c8        0x0 c:/program files/stmicroelectronics/stm32cubeide_1.12.0/stm32cubeide/plugins/com.st.stm32cube.ide.mcu.externaltools.gnu-tools-for-stm32.10.3-2021.10.win32_1.0.200.202301161003/tools/bin/../lib/gcc/arm-none-eabi/10.3.1/thumb/v7-m/nofp/crtbegin.o
 *(.init)
 .init          0x00000000080067c8        0x4 c:/program files/stmicroelectronics/stm32cubeide_1.12.0/stm32cubeide/plugins/com.st.stm32cube.ide.mcu.externaltools.gnu-tools-for-stm32.10.3-2021.10.win32_1.0.200.202301161003/tools/bin/../lib/gcc/arm-none-eabi/10.3.1/thumb/v7-m/nofp/crti.o
                0x00000000080067c8                _init
 .init          0x00000000080067cc        0x8 c:/program files/stmicroelectronics/stm32cubeide_1.12.0/stm32cubeide/plugins/com.st.stm32cube.ide.mcu.externaltools.gnu-tools-for-stm32.10.3-2021.10.win32_1.0.200.202301161003/tools/bin/../lib/gcc/arm-none-eabi/10.3.1/thumb/v7-m/nofp/crtn.o
 *(.fini)
 .fini          0x00000000080067d4        0x4 c:/program files/stmicroelectronics/stm32cubeide_1.12.0/stm32cubeide/plugins/com.st.stm32cube.ide.mcu.externaltools.gnu-tools-for-stm32.10.3-2021.10.win32_1.0.200.202301161003/tools/bin/../lib/gcc/arm-none-eabi/10.3.1/thumb/v7-m/nofp/crti.o
                0x00000000080067d4                _fini
 .fini          0x00000000080067d8        0x8 c:/program files/stmicroelectronics/stm32cubeide_1.12.0/stm32cubeide/plugins/com.st.stm32cube.ide.mcu.externaltools.gnu-tools-for-stm32.10.3-2021.10.win32_1.0.200.202301161003/tools/bin/../lib/gcc/arm-none-eabi/10.3.1/thumb/v7-m/nofp/crtn.o
                0x00000000080067e0                . = ALIGN (0x4)
                0x00000000080067e0                _etext = .

.vfp11_veneer   0x00000000080067e0        0x0
 .vfp11_veneer  0x00000000080067e0        0x0 linker stubs

.v4_bx          0x00000000080067e0        0x0
 .v4_bx         0x00000000080067e0        0x0 linker stubs

.iplt           0x00000000080067e0        0x0
 .iplt          0x00000000080067e0        0x0 c:/program files/stmicroelectronics/stm32cubeide_1.12.0/stm32cubeide/plugins/com.st.stm32cube.ide.mcu.externaltools.gnu-tools-for-stm32.10.3-2021.10.win32_1.0.200.202301161003/tools/bin/../lib/gcc/arm-none-eabi/10.3.1/thumb/v7-m/nofp/crtbegin.o

.rodata         0x00000000080067e0       0x38
                0x00000000080067e0                . = ALIGN (0x4)
 *(.rodata)
 .rodata        0x00000000080067e0       0x10 ./Drivers/STM32F1xx_HAL_Driver/Src/stm32f1xx_hal_rcc.o
 .rodata        0x00000000080067f0       0x10 ./Drivers/STM32F1xx_HAL_Driver/Src/stm32f1xx_hal_rcc_ex.o
 *(.rodata*)
 .rodata.AHBPrescTable
                0x0000000008006800       0x10 ./Core/Src/system_stm32f1xx.o
                0x0000000008006800                AHBPrescTable
 .rodata.APBPrescTable
                0x0000000008006810        0x8 ./Core/Src/system_stm32f1xx.o
                0x0000000008006810                APBPrescTable
                0x0000000008006818                . = ALIGN (0x4)

.rel.dyn        0x0000000008006818        0x0
 .rel.iplt      0x0000000008006818        0x0 c:/program files/stmicroelectronics/stm32cubeide_1.12.0/stm32cubeide/plugins/com.st.stm32cube.ide.mcu.externaltools.gnu-tools-for-stm32.10.3-2021.10.win32_1.0.200.202301161003/tools/bin/../lib/gcc/arm-none-eabi/10.3.1/thumb/v7-m/nofp/crtbegin.o

.ARM.extab      0x0000000008006818        0x0
                0x0000000008006818                . = ALIGN (0x4)
 *(.ARM.extab* .gnu.linkonce.armextab.*)
                0x0000000008006818                . = ALIGN (0x4)

.ARM            0x0000000008006818        0x0
                0x0000000008006818                . = ALIGN (0x4)
                0x0000000008006818                __exidx_start = .
 *(.ARM.exidx*)
                0x0000000008006818                __exidx_end = .
                0x0000000008006818                . = ALIGN (0x4)

.preinit_array  0x0000000008006818        0x0
                0x0000000008006818                . = ALIGN (0x4)
                0x0000000008006818                PROVIDE (__preinit_array_start = .)
 *(.preinit_array*)
                0x0000000008006818                PROVIDE (__preinit_array_end = .)
                0x0000000008006818                . = ALIGN (0x4)

.init_array     0x0000000008006818        0x4
                0x0000000008006818                . = ALIGN (0x4)
                0x0000000008006818                PROVIDE (__init_array_start = .)
 *(SORT_BY_NAME(.init_array.*))
 *(.init_array*)
 .init_array    0x0000000008006818        0x4 c:/program files/stmicroelectronics/stm32cubeide_1.12.0/stm32cubeide/plugins/com.st.stm32cube.ide.mcu.externaltools.gnu-tools-for-stm32.10.3-2021.10.win32_1.0.200.202301161003/tools/bin/../lib/gcc/arm-none-eabi/10.3.1/thumb/v7-m/nofp/crtbegin.o
                0x000000000800681c                PROVIDE (__init_array_end = .)
                0x000000000800681c                . = ALIGN (0x4)

.fini_array     0x000000000800681c        0x4
                0x000000000800681c                . = ALIGN (0x4)
                [!provide]                        PROVIDE (__fini_array_start = .)
 *(SORT_BY_NAME(.fini_array.*))
 *(.fini_array*)
 .fini_array    0x000000000800681c        0x4 c:/program files/stmicroelectronics/stm32cubeide_1.12.0/stm32cubeide/plugins/com.st.stm32cube.ide.mcu.externaltools.gnu-tools-for-stm32.10.3-2021.10.win32_1.0.200.202301161003/tools/bin/../lib/gcc/arm-none-eabi/10.3.1/thumb/v7-m/nofp/crtbegin.o
                [!provide]                        PROVIDE (__fini_array_end = .)
                0x0000000008006820                . = ALIGN (0x4)
                0x0000000008006820                _sidata = LOADADDR (.data)

.data           0x0000000020000000       0x34 load address 0x0000000008006820
                0x0000000020000000                . = ALIGN (0x4)
                0x0000000020000000                _sdata = .
 *(.data)
 *(.data*)
 .data.Krt_r25  0x0000000020000000       0x28 ./Core/Src/main.o
 .data.SystemCoreClock
                0x0000000020000028        0x4 ./Core/Src/system_stm32f1xx.o
                0x0000000020000028                SystemCoreClock
 .data.uwTickPrio
                0x000000002000002c        0x4 ./Drivers/STM32F1xx_HAL_Driver/Src/stm32f1xx_hal.o
                0x000000002000002c                uwTickPrio
 .data.uwTickFreq
                0x0000000020000030        0x1 ./Drivers/STM32F1xx_HAL_Driver/Src/stm32f1xx_hal.o
                0x0000000020000030                uwTickFreq
 *(.RamFunc)
 *(.RamFunc*)
                0x0000000020000034                . = ALIGN (0x4)
 *fill*         0x0000000020000031        0x3 
                0x0000000020000034                _edata = .

.igot.plt       0x0000000020000034        0x0 load address 0x0000000008006854
 .igot.plt      0x0000000020000034        0x0 c:/program files/stmicroelectronics/stm32cubeide_1.12.0/stm32cubeide/plugins/com.st.stm32cube.ide.mcu.externaltools.gnu-tools-for-stm32.10.3-2021.10.win32_1.0.200.202301161003/tools/bin/../lib/gcc/arm-none-eabi/10.3.1/thumb/v7-m/nofp/crtbegin.o
                0x0000000020000034                . = ALIGN (0x4)

.bss            0x0000000020000034      0x7b4 load address 0x0000000008006854
                0x0000000020000034                _sbss = .
                0x0000000020000034                __bss_start__ = _sbss
 *(.bss)
 .bss           0x0000000020000034       0x1c c:/program files/stmicroelectronics/stm32cubeide_1.12.0/stm32cubeide/plugins/com.st.stm32cube.ide.mcu.externaltools.gnu-tools-for-stm32.10.3-2021.10.win32_1.0.200.202301161003/tools/bin/../lib/gcc/arm-none-eabi/10.3.1/thumb/v7-m/nofp/crtbegin.o
 *(.bss*)
 .bss.spi_rx_complete
                0x0000000020000050        0x1 ./Core/Src/SPI_Connection.o
                0x0000000020000050                spi_rx_complete
 .bss.response_ready
                0x0000000020000051        0x1 ./Core/Src/SPI_Connection.o
                0x0000000020000051                response_ready
 .bss.spi_state
                0x0000000020000052        0x1 ./Core/Src/SPI_Connection.o
                0x0000000020000052                spi_state
 *fill*         0x0000000020000053        0x1 
 .bss.response_frame
                0x0000000020000054      0x108 ./Core/Src/SPI_Connection.o
                0x0000000020000054                response_frame
 .bss.safe_command_frame
                0x000000002000015c      0x108 ./Core/Src/SPI_Connection.o
                0x000000002000015c                safe_command_frame
 .bss.dummy_frame
                0x0000000020000264      0x108 ./Core/Src/SPI_Connection.o
                0x0000000020000264                dummy_frame
 .bss.trash_frame
                0x000000002000036c      0x108 ./Core/Src/SPI_Connection.o
                0x000000002000036c                trash_frame
 .bss.spi_tx_ptr
                0x0000000020000474        0x4 ./Core/Src/SPI_Connection.o
                0x0000000020000474                spi_tx_ptr
 .bss.spi_rx_ptr
                0x0000000020000478        0x4 ./Core/Src/SPI_Connection.o
                0x0000000020000478                spi_rx_ptr
 .bss.new_response_frame
                0x000000002000047c        0x4 ./Core/Src/SPI_Connection.o
                0x000000002000047c                new_response_frame
 .bss.wait_response_frame
                0x0000000020000480      0x108 ./Core/Src/SPI_Connection.o
                0x0000000020000480                wait_response_frame
 .bss.measurement_works
                0x0000000020000588        0x1 ./Core/Src/exp_measurement.o
                0x0000000020000588                measurement_works
 *fill*         0x0000000020000589        0x3 
 .bss.measurement_time
                0x000000002000058c        0x4 ./Core/Src/exp_measurement.o
                0x000000002000058c                measurement_time
 .bss.uart1_rx_buf
                0x0000000020000590        0x2 ./Core/Src/exp_protocol.o
                0x0000000020000590                uart1_rx_buf
 *fill*         0x0000000020000592        0x2 
 .bss.uart1_rx_safe_buf
                0x0000000020000594        0x2 ./Core/Src/exp_protocol.o
                0x0000000020000594                uart1_rx_safe_buf
 *fill*         0x0000000020000596        0x2 
 .bss.uart1_tx_buf
                0x0000000020000598        0x5 ./Core/Src/exp_protocol.o
                0x0000000020000598                uart1_tx_buf
 .bss.uart1_rx_complete
                0x000000002000059d        0x1 ./Core/Src/exp_protocol.o
                0x000000002000059d                uart1_rx_complete
 *fill*         0x000000002000059e        0x2 
 .bss.hadc1     0x00000000200005a0       0x30 ./Core/Src/main.o
                0x00000000200005a0                hadc1
 .bss.hspi1     0x00000000200005d0       0x58 ./Core/Src/main.o
                0x00000000200005d0                hspi1
 .bss.hspi2     0x0000000020000628       0x58 ./Core/Src/main.o
                0x0000000020000628                hspi2
 .bss.htim1     0x0000000020000680       0x48 ./Core/Src/main.o
                0x0000000020000680                htim1
 .bss.htim2     0x00000000200006c8       0x48 ./Core/Src/main.o
                0x00000000200006c8                htim2
 .bss.htim3     0x0000000020000710       0x48 ./Core/Src/main.o
                0x0000000020000710                htim3
 .bss.huart1    0x0000000020000758       0x44 ./Core/Src/main.o
                0x0000000020000758                huart1
 .bss.need_to_send
                0x000000002000079c        0x1 ./Core/Src/main.o
                0x000000002000079c                need_to_send
 .bss.need_save
                0x000000002000079d        0x1 ./Core/Src/main.o
                0x000000002000079d                need_save
 .bss.page_ptr  0x000000002000079e        0x2 ./Core/Src/main.o
                0x000000002000079e                page_ptr
 .bss.new_conv  0x00000000200007a0        0x1 ./Core/Src/main.o
                0x00000000200007a0                new_conv
 .bss.page_pos_ptr
                0x00000000200007a1        0x1 ./Core/Src/main.o
                0x00000000200007a1                page_pos_ptr
 *fill*         0x00000000200007a2        0x2 
 .bss.t         0x00000000200007a4        0x4 ./Core/Src/main.o
                0x00000000200007a4                t
 .bss.result_data.1
                0x00000000200007a8        0x2 ./Core/Src/main.o
 *fill*         0x00000000200007aa        0x2 
 .bss.result_data.0
                0x00000000200007ac        0x2 ./Core/Src/main.o
 .bss.ADC_data_safe
                0x00000000200007ae        0x2 ./Core/Src/sensor_utils.o
                0x00000000200007ae                ADC_data_safe
 .bss.ADC_data  0x00000000200007b0        0x2 ./Core/Src/stm32f1xx_it.o
                0x00000000200007b0                ADC_data
 *fill*         0x00000000200007b2        0x2 
 .bss.uwTick    0x00000000200007b4        0x4 ./Drivers/STM32F1xx_HAL_Driver/Src/stm32f1xx_hal.o
                0x00000000200007b4                uwTick
 .bss.w25_info  0x00000000200007b8       0x24 ./Drivers/W25Q/w25q_spi.o
                0x00000000200007b8                w25_info
 .bss.buf       0x00000000200007dc        0xa ./Drivers/W25Q/w25q_spi.o
 *(COMMON)
                0x00000000200007e8                . = ALIGN (0x4)
 *fill*         0x00000000200007e6        0x2 
                0x00000000200007e8                _ebss = .
                0x00000000200007e8                __bss_end__ = _ebss

._user_heap_stack
                0x00000000200007e8      0x600 load address 0x0000000008006854
                0x00000000200007e8                . = ALIGN (0x8)
                [!provide]                        PROVIDE (end = .)
                0x00000000200007e8                PROVIDE (_end = .)
                0x00000000200009e8                . = (. + _Min_Heap_Size)
 *fill*         0x00000000200007e8      0x200 
                0x0000000020000de8                . = (. + _Min_Stack_Size)
 *fill*         0x00000000200009e8      0x400 
                0x0000000020000de8                . = ALIGN (0x8)

/DISCARD/
 libc.a(*)
 libm.a(*)
 libgcc.a(*)

.ARM.attributes
                0x0000000000000000       0x29
 *(.ARM.attributes)
 .ARM.attributes
                0x0000000000000000       0x1d c:/program files/stmicroelectronics/stm32cubeide_1.12.0/stm32cubeide/plugins/com.st.stm32cube.ide.mcu.externaltools.gnu-tools-for-stm32.10.3-2021.10.win32_1.0.200.202301161003/tools/bin/../lib/gcc/arm-none-eabi/10.3.1/thumb/v7-m/nofp/crti.o
 .ARM.attributes
                0x000000000000001d       0x2d c:/program files/stmicroelectronics/stm32cubeide_1.12.0/stm32cubeide/plugins/com.st.stm32cube.ide.mcu.externaltools.gnu-tools-for-stm32.10.3-2021.10.win32_1.0.200.202301161003/tools/bin/../lib/gcc/arm-none-eabi/10.3.1/thumb/v7-m/nofp/crtbegin.o
 .ARM.attributes
                0x000000000000004a       0x2d ./Core/Src/SPI_Connection.o
 .ARM.attributes
                0x0000000000000077       0x2d ./Core/Src/exp_measurement.o
 .ARM.attributes
                0x00000000000000a4       0x2d ./Core/Src/exp_protocol.o
 .ARM.attributes
                0x00000000000000d1       0x2d ./Core/Src/main.o
 .ARM.attributes
                0x00000000000000fe       0x2d ./Core/Src/sensor_utils.o
 .ARM.attributes
                0x000000000000012b       0x2d ./Core/Src/stm32f1xx_hal_msp.o
 .ARM.attributes
                0x0000000000000158       0x2d ./Core/Src/stm32f1xx_it.o
 .ARM.attributes
                0x0000000000000185       0x2d ./Core/Src/system_stm32f1xx.o
 .ARM.attributes
                0x00000000000001b2       0x21 ./Core/Startup/startup_stm32f103cbtx.o
 .ARM.attributes
                0x00000000000001d3       0x2d ./Drivers/STM32F1xx_HAL_Driver/Src/stm32f1xx_hal.o
 .ARM.attributes
                0x0000000000000200       0x2d ./Drivers/STM32F1xx_HAL_Driver/Src/stm32f1xx_hal_adc.o
 .ARM.attributes
                0x000000000000022d       0x2d ./Drivers/STM32F1xx_HAL_Driver/Src/stm32f1xx_hal_adc_ex.o
 .ARM.attributes
                0x000000000000025a       0x2d ./Drivers/STM32F1xx_HAL_Driver/Src/stm32f1xx_hal_cortex.o
 .ARM.attributes
                0x0000000000000287       0x2d ./Drivers/STM32F1xx_HAL_Driver/Src/stm32f1xx_hal_dma.o
 .ARM.attributes
                0x00000000000002b4       0x2d ./Drivers/STM32F1xx_HAL_Driver/Src/stm32f1xx_hal_gpio.o
 .ARM.attributes
                0x00000000000002e1       0x2d ./Drivers/STM32F1xx_HAL_Driver/Src/stm32f1xx_hal_rcc.o
 .ARM.attributes
                0x000000000000030e       0x2d ./Drivers/STM32F1xx_HAL_Driver/Src/stm32f1xx_hal_rcc_ex.o
 .ARM.attributes
                0x000000000000033b       0x2d ./Drivers/STM32F1xx_HAL_Driver/Src/stm32f1xx_hal_spi.o
 .ARM.attributes
                0x0000000000000368       0x2d ./Drivers/STM32F1xx_HAL_Driver/Src/stm32f1xx_hal_tim.o
 .ARM.attributes
                0x0000000000000395       0x2d ./Drivers/STM32F1xx_HAL_Driver/Src/stm32f1xx_hal_tim_ex.o
 .ARM.attributes
                0x00000000000003c2       0x2d ./Drivers/STM32F1xx_HAL_Driver/Src/stm32f1xx_hal_uart.o
 .ARM.attributes
                0x00000000000003ef       0x2d ./Drivers/W25Q/w25q_spi.o
 .ARM.attributes
                0x000000000000041c       0x2d c:/program files/stmicroelectronics/stm32cubeide_1.12.0/stm32cubeide/plugins/com.st.stm32cube.ide.mcu.externaltools.gnu-tools-for-stm32.10.3-2021.10.win32_1.0.200.202301161003/tools/bin/../lib/gcc/arm-none-eabi/10.3.1/../../../../arm-none-eabi/lib/thumb/v7-m/nofp\libc_nano.a(lib_a-init.o)
 .ARM.attributes
                0x0000000000000449       0x2d c:/program files/stmicroelectronics/stm32cubeide_1.12.0/stm32cubeide/plugins/com.st.stm32cube.ide.mcu.externaltools.gnu-tools-for-stm32.10.3-2021.10.win32_1.0.200.202301161003/tools/bin/../lib/gcc/arm-none-eabi/10.3.1/../../../../arm-none-eabi/lib/thumb/v7-m/nofp\libc_nano.a(lib_a-memcpy-stub.o)
 .ARM.attributes
                0x0000000000000476       0x2d c:/program files/stmicroelectronics/stm32cubeide_1.12.0/stm32cubeide/plugins/com.st.stm32cube.ide.mcu.externaltools.gnu-tools-for-stm32.10.3-2021.10.win32_1.0.200.202301161003/tools/bin/../lib/gcc/arm-none-eabi/10.3.1/../../../../arm-none-eabi/lib/thumb/v7-m/nofp\libc_nano.a(lib_a-memset.o)
 .ARM.attributes
                0x00000000000004a3       0x1d c:/program files/stmicroelectronics/stm32cubeide_1.12.0/stm32cubeide/plugins/com.st.stm32cube.ide.mcu.externaltools.gnu-tools-for-stm32.10.3-2021.10.win32_1.0.200.202301161003/tools/bin/../lib/gcc/arm-none-eabi/10.3.1/thumb/v7-m/nofp\libgcc.a(_arm_muldf3.o)
 .ARM.attributes
                0x00000000000004c0       0x1d c:/program files/stmicroelectronics/stm32cubeide_1.12.0/stm32cubeide/plugins/com.st.stm32cube.ide.mcu.externaltools.gnu-tools-for-stm32.10.3-2021.10.win32_1.0.200.202301161003/tools/bin/../lib/gcc/arm-none-eabi/10.3.1/thumb/v7-m/nofp\libgcc.a(_arm_addsubdf3.o)
 .ARM.attributes
                0x00000000000004dd       0x1d c:/program files/stmicroelectronics/stm32cubeide_1.12.0/stm32cubeide/plugins/com.st.stm32cube.ide.mcu.externaltools.gnu-tools-for-stm32.10.3-2021.10.win32_1.0.200.202301161003/tools/bin/../lib/gcc/arm-none-eabi/10.3.1/thumb/v7-m/nofp\libgcc.a(_arm_fixunsdfsi.o)
 .ARM.attributes
                0x00000000000004fa       0x1d c:/program files/stmicroelectronics/stm32cubeide_1.12.0/stm32cubeide/plugins/com.st.stm32cube.ide.mcu.externaltools.gnu-tools-for-stm32.10.3-2021.10.win32_1.0.200.202301161003/tools/bin/../lib/gcc/arm-none-eabi/10.3.1/thumb/v7-m/nofp\libgcc.a(_arm_addsubsf3.o)
 .ARM.attributes
                0x0000000000000517       0x1d c:/program files/stmicroelectronics/stm32cubeide_1.12.0/stm32cubeide/plugins/com.st.stm32cube.ide.mcu.externaltools.gnu-tools-for-stm32.10.3-2021.10.win32_1.0.200.202301161003/tools/bin/../lib/gcc/arm-none-eabi/10.3.1/thumb/v7-m/nofp\libgcc.a(_arm_muldivsf3.o)
 .ARM.attributes
                0x0000000000000534       0x1d c:/program files/stmicroelectronics/stm32cubeide_1.12.0/stm32cubeide/plugins/com.st.stm32cube.ide.mcu.externaltools.gnu-tools-for-stm32.10.3-2021.10.win32_1.0.200.202301161003/tools/bin/../lib/gcc/arm-none-eabi/10.3.1/thumb/v7-m/nofp\libgcc.a(_arm_cmpsf2.o)
 .ARM.attributes
                0x0000000000000551       0x1d c:/program files/stmicroelectronics/stm32cubeide_1.12.0/stm32cubeide/plugins/com.st.stm32cube.ide.mcu.externaltools.gnu-tools-for-stm32.10.3-2021.10.win32_1.0.200.202301161003/tools/bin/../lib/gcc/arm-none-eabi/10.3.1/thumb/v7-m/nofp/crtn.o
OUTPUT(termosensor.elf elf32-littlearm)
LOAD linker stubs
LOAD c:/program files/stmicroelectronics/stm32cubeide_1.12.0/stm32cubeide/plugins/com.st.stm32cube.ide.mcu.externaltools.gnu-tools-for-stm32.10.3-2021.10.win32_1.0.200.202301161003/tools/bin/../lib/gcc/arm-none-eabi/10.3.1/../../../../arm-none-eabi/lib/thumb/v7-m/nofp\libc.a
LOAD c:/program files/stmicroelectronics/stm32cubeide_1.12.0/stm32cubeide/plugins/com.st.stm32cube.ide.mcu.externaltools.gnu-tools-for-stm32.10.3-2021.10.win32_1.0.200.202301161003/tools/bin/../lib/gcc/arm-none-eabi/10.3.1/../../../../arm-none-eabi/lib/thumb/v7-m/nofp\libm.a
LOAD c:/program files/stmicroelectronics/stm32cubeide_1.12.0/stm32cubeide/plugins/com.st.stm32cube.ide.mcu.externaltools.gnu-tools-for-stm32.10.3-2021.10.win32_1.0.200.202301161003/tools/bin/../lib/gcc/arm-none-eabi/10.3.1/thumb/v7-m/nofp\libgcc.a

.debug_info     0x0000000000000000    0x11b1e
 .debug_info    0x0000000000000000      0x974 ./Core/Src/SPI_Connection.o
 .debug_info    0x0000000000000974      0x9b0 ./Core/Src/exp_measurement.o
 .debug_info    0x0000000000001324      0x7c5 ./Core/Src/exp_protocol.o
 .debug_info    0x0000000000001ae9     0x1b45 ./Core/Src/main.o
 .debug_info    0x000000000000362e      0x31b ./Core/Src/sensor_utils.o
 .debug_info    0x0000000000003949     0x1425 ./Core/Src/stm32f1xx_hal_msp.o
 .debug_info    0x0000000000004d6e      0xeff ./Core/Src/stm32f1xx_it.o
 .debug_info    0x0000000000005c6d      0x23d ./Core/Src/system_stm32f1xx.o
 .debug_info    0x0000000000005eaa       0x22 ./Core/Startup/startup_stm32f103cbtx.o
 .debug_info    0x0000000000005ecc      0x734 ./Drivers/STM32F1xx_HAL_Driver/Src/stm32f1xx_hal.o
 .debug_info    0x0000000000006600      0xcd9 ./Drivers/STM32F1xx_HAL_Driver/Src/stm32f1xx_hal_adc.o
 .debug_info    0x00000000000072d9      0xa8f ./Drivers/STM32F1xx_HAL_Driver/Src/stm32f1xx_hal_adc_ex.o
 .debug_info    0x0000000000007d68      0xb20 ./Drivers/STM32F1xx_HAL_Driver/Src/stm32f1xx_hal_cortex.o
 .debug_info    0x0000000000008888      0x73f ./Drivers/STM32F1xx_HAL_Driver/Src/stm32f1xx_hal_dma.o
 .debug_info    0x0000000000008fc7      0x615 ./Drivers/STM32F1xx_HAL_Driver/Src/stm32f1xx_hal_gpio.o
 .debug_info    0x00000000000095dc      0x860 ./Drivers/STM32F1xx_HAL_Driver/Src/stm32f1xx_hal_rcc.o
 .debug_info    0x0000000000009e3c      0x3e0 ./Drivers/STM32F1xx_HAL_Driver/Src/stm32f1xx_hal_rcc_ex.o
 .debug_info    0x000000000000a21c     0x1658 ./Drivers/STM32F1xx_HAL_Driver/Src/stm32f1xx_hal_spi.o
 .debug_info    0x000000000000b874     0x29de ./Drivers/STM32F1xx_HAL_Driver/Src/stm32f1xx_hal_tim.o
 .debug_info    0x000000000000e252     0x1513 ./Drivers/STM32F1xx_HAL_Driver/Src/stm32f1xx_hal_tim_ex.o
 .debug_info    0x000000000000f765     0x15d8 ./Drivers/STM32F1xx_HAL_Driver/Src/stm32f1xx_hal_uart.o
 .debug_info    0x0000000000010d3d      0xde1 ./Drivers/W25Q/w25q_spi.o

.debug_abbrev   0x0000000000000000     0x2df7
 .debug_abbrev  0x0000000000000000      0x267 ./Core/Src/SPI_Connection.o
 .debug_abbrev  0x0000000000000267      0x1eb ./Core/Src/exp_measurement.o
 .debug_abbrev  0x0000000000000452      0x1e6 ./Core/Src/exp_protocol.o
 .debug_abbrev  0x0000000000000638      0x349 ./Core/Src/main.o
 .debug_abbrev  0x0000000000000981      0x1d8 ./Core/Src/sensor_utils.o
 .debug_abbrev  0x0000000000000b59      0x203 ./Core/Src/stm32f1xx_hal_msp.o
 .debug_abbrev  0x0000000000000d5c      0x1ee ./Core/Src/stm32f1xx_it.o
 .debug_abbrev  0x0000000000000f4a      0x13b ./Core/Src/system_stm32f1xx.o
 .debug_abbrev  0x0000000000001085       0x12 ./Core/Startup/startup_stm32f103cbtx.o
 .debug_abbrev  0x0000000000001097      0x1fb ./Drivers/STM32F1xx_HAL_Driver/Src/stm32f1xx_hal.o
 .debug_abbrev  0x0000000000001292      0x210 ./Drivers/STM32F1xx_HAL_Driver/Src/stm32f1xx_hal_adc.o
 .debug_abbrev  0x00000000000014a2      0x234 ./Drivers/STM32F1xx_HAL_Driver/Src/stm32f1xx_hal_adc_ex.o
 .debug_abbrev  0x00000000000016d6      0x2ed ./Drivers/STM32F1xx_HAL_Driver/Src/stm32f1xx_hal_cortex.o
 .debug_abbrev  0x00000000000019c3      0x1fe ./Drivers/STM32F1xx_HAL_Driver/Src/stm32f1xx_hal_dma.o
 .debug_abbrev  0x0000000000001bc1      0x1bb ./Drivers/STM32F1xx_HAL_Driver/Src/stm32f1xx_hal_gpio.o
 .debug_abbrev  0x0000000000001d7c      0x2a8 ./Drivers/STM32F1xx_HAL_Driver/Src/stm32f1xx_hal_rcc.o
 .debug_abbrev  0x0000000000002024      0x182 ./Drivers/STM32F1xx_HAL_Driver/Src/stm32f1xx_hal_rcc_ex.o
 .debug_abbrev  0x00000000000021a6      0x26e ./Drivers/STM32F1xx_HAL_Driver/Src/stm32f1xx_hal_spi.o
 .debug_abbrev  0x0000000000002414      0x25d ./Drivers/STM32F1xx_HAL_Driver/Src/stm32f1xx_hal_tim.o
 .debug_abbrev  0x0000000000002671      0x265 ./Drivers/STM32F1xx_HAL_Driver/Src/stm32f1xx_hal_tim_ex.o
 .debug_abbrev  0x00000000000028d6      0x278 ./Drivers/STM32F1xx_HAL_Driver/Src/stm32f1xx_hal_uart.o
 .debug_abbrev  0x0000000000002b4e      0x2a9 ./Drivers/W25Q/w25q_spi.o

.debug_aranges  0x0000000000000000     0x1158
 .debug_aranges
                0x0000000000000000       0x50 ./Core/Src/SPI_Connection.o
 .debug_aranges
                0x0000000000000050       0x40 ./Core/Src/exp_measurement.o
 .debug_aranges
                0x0000000000000090       0x38 ./Core/Src/exp_protocol.o
 .debug_aranges
                0x00000000000000c8       0x80 ./Core/Src/main.o
 .debug_aranges
                0x0000000000000148       0x40 ./Core/Src/sensor_utils.o
 .debug_aranges
                0x0000000000000188       0x68 ./Core/Src/stm32f1xx_hal_msp.o
 .debug_aranges
                0x00000000000001f0       0x88 ./Core/Src/stm32f1xx_it.o
 .debug_aranges
                0x0000000000000278       0x28 ./Core/Src/system_stm32f1xx.o
 .debug_aranges
                0x00000000000002a0       0x28 ./Core/Startup/startup_stm32f103cbtx.o
 .debug_aranges
                0x00000000000002c8       0xe0 ./Drivers/STM32F1xx_HAL_Driver/Src/stm32f1xx_hal.o
 .debug_aranges
                0x00000000000003a8       0xf0 ./Drivers/STM32F1xx_HAL_Driver/Src/stm32f1xx_hal_adc.o
 .debug_aranges
                0x0000000000000498       0x80 ./Drivers/STM32F1xx_HAL_Driver/Src/stm32f1xx_hal_adc_ex.o
 .debug_aranges
                0x0000000000000518      0x100 ./Drivers/STM32F1xx_HAL_Driver/Src/stm32f1xx_hal_cortex.o
 .debug_aranges
                0x0000000000000618       0x80 ./Drivers/STM32F1xx_HAL_Driver/Src/stm32f1xx_hal_dma.o
 .debug_aranges
                0x0000000000000698       0x58 ./Drivers/STM32F1xx_HAL_Driver/Src/stm32f1xx_hal_gpio.o
 .debug_aranges
                0x00000000000006f0       0x90 ./Drivers/STM32F1xx_HAL_Driver/Src/stm32f1xx_hal_rcc.o
 .debug_aranges
                0x0000000000000780       0x30 ./Drivers/STM32F1xx_HAL_Driver/Src/stm32f1xx_hal_rcc_ex.o
 .debug_aranges
                0x00000000000007b0      0x1d0 ./Drivers/STM32F1xx_HAL_Driver/Src/stm32f1xx_hal_spi.o
 .debug_aranges
                0x0000000000000980      0x3d0 ./Drivers/STM32F1xx_HAL_Driver/Src/stm32f1xx_hal_tim.o
 .debug_aranges
                0x0000000000000d50      0x168 ./Drivers/STM32F1xx_HAL_Driver/Src/stm32f1xx_hal_tim_ex.o
 .debug_aranges
                0x0000000000000eb8      0x200 ./Drivers/STM32F1xx_HAL_Driver/Src/stm32f1xx_hal_uart.o
 .debug_aranges
                0x00000000000010b8       0xa0 ./Drivers/W25Q/w25q_spi.o

.debug_ranges   0x0000000000000000     0x1030
 .debug_ranges  0x0000000000000000       0x40 ./Core/Src/SPI_Connection.o
 .debug_ranges  0x0000000000000040       0x30 ./Core/Src/exp_measurement.o
 .debug_ranges  0x0000000000000070       0x28 ./Core/Src/exp_protocol.o
 .debug_ranges  0x0000000000000098       0x70 ./Core/Src/main.o
 .debug_ranges  0x0000000000000108       0x30 ./Core/Src/sensor_utils.o
 .debug_ranges  0x0000000000000138       0x58 ./Core/Src/stm32f1xx_hal_msp.o
 .debug_ranges  0x0000000000000190       0x78 ./Core/Src/stm32f1xx_it.o
 .debug_ranges  0x0000000000000208       0x18 ./Core/Src/system_stm32f1xx.o
 .debug_ranges  0x0000000000000220       0x20 ./Core/Startup/startup_stm32f103cbtx.o
 .debug_ranges  0x0000000000000240       0xd0 ./Drivers/STM32F1xx_HAL_Driver/Src/stm32f1xx_hal.o
 .debug_ranges  0x0000000000000310       0xe0 ./Drivers/STM32F1xx_HAL_Driver/Src/stm32f1xx_hal_adc.o
 .debug_ranges  0x00000000000003f0       0x70 ./Drivers/STM32F1xx_HAL_Driver/Src/stm32f1xx_hal_adc_ex.o
 .debug_ranges  0x0000000000000460       0xf0 ./Drivers/STM32F1xx_HAL_Driver/Src/stm32f1xx_hal_cortex.o
 .debug_ranges  0x0000000000000550       0x70 ./Drivers/STM32F1xx_HAL_Driver/Src/stm32f1xx_hal_dma.o
 .debug_ranges  0x00000000000005c0       0x48 ./Drivers/STM32F1xx_HAL_Driver/Src/stm32f1xx_hal_gpio.o
 .debug_ranges  0x0000000000000608       0x80 ./Drivers/STM32F1xx_HAL_Driver/Src/stm32f1xx_hal_rcc.o
 .debug_ranges  0x0000000000000688       0x20 ./Drivers/STM32F1xx_HAL_Driver/Src/stm32f1xx_hal_rcc_ex.o
 .debug_ranges  0x00000000000006a8      0x1c0 ./Drivers/STM32F1xx_HAL_Driver/Src/stm32f1xx_hal_spi.o
 .debug_ranges  0x0000000000000868      0x3c0 ./Drivers/STM32F1xx_HAL_Driver/Src/stm32f1xx_hal_tim.o
 .debug_ranges  0x0000000000000c28      0x158 ./Drivers/STM32F1xx_HAL_Driver/Src/stm32f1xx_hal_tim_ex.o
 .debug_ranges  0x0000000000000d80      0x220 ./Drivers/STM32F1xx_HAL_Driver/Src/stm32f1xx_hal_uart.o
 .debug_ranges  0x0000000000000fa0       0x90 ./Drivers/W25Q/w25q_spi.o

.debug_macro    0x0000000000000000    0x19f8c
 .debug_macro   0x0000000000000000      0x388 ./Core/Src/SPI_Connection.o
 .debug_macro   0x0000000000000388      0xa6c ./Core/Src/SPI_Connection.o
 .debug_macro   0x0000000000000df4       0x22 ./Core/Src/SPI_Connection.o
 .debug_macro   0x0000000000000e16       0x4c ./Core/Src/SPI_Connection.o
 .debug_macro   0x0000000000000e62       0x18 ./Core/Src/SPI_Connection.o
 .debug_macro   0x0000000000000e7a       0x94 ./Core/Src/SPI_Connection.o
 .debug_macro   0x0000000000000f0e       0x3c ./Core/Src/SPI_Connection.o
 .debug_macro   0x0000000000000f4a       0x34 ./Core/Src/SPI_Connection.o
 .debug_macro   0x0000000000000f7e       0x16 ./Core/Src/SPI_Connection.o
 .debug_macro   0x0000000000000f94       0x57 ./Core/Src/SPI_Connection.o
 .debug_macro   0x0000000000000feb       0x97 ./Core/Src/SPI_Connection.o
 .debug_macro   0x0000000000001082      0x341 ./Core/Src/SPI_Connection.o
 .debug_macro   0x00000000000013c3       0xfd ./Core/Src/SPI_Connection.o
 .debug_macro   0x00000000000014c0       0x10 ./Core/Src/SPI_Connection.o
 .debug_macro   0x00000000000014d0       0x16 ./Core/Src/SPI_Connection.o
 .debug_macro   0x00000000000014e6       0x43 ./Core/Src/SPI_Connection.o
 .debug_macro   0x0000000000001529       0x34 ./Core/Src/SPI_Connection.o
 .debug_macro   0x000000000000155d       0x10 ./Core/Src/SPI_Connection.o
 .debug_macro   0x000000000000156d       0x58 ./Core/Src/SPI_Connection.o
 .debug_macro   0x00000000000015c5       0x71 ./Core/Src/SPI_Connection.o
 .debug_macro   0x0000000000001636       0x1c ./Core/Src/SPI_Connection.o
 .debug_macro   0x0000000000001652      0x12a ./Core/Src/SPI_Connection.o
 .debug_macro   0x000000000000177c       0x10 ./Core/Src/SPI_Connection.o
 .debug_macro   0x000000000000178c       0x6a ./Core/Src/SPI_Connection.o
 .debug_macro   0x00000000000017f6       0x1c ./Core/Src/SPI_Connection.o
 .debug_macro   0x0000000000001812       0x52 ./Core/Src/SPI_Connection.o
 .debug_macro   0x0000000000001864       0x22 ./Core/Src/SPI_Connection.o
 .debug_macro   0x0000000000001886       0x10 ./Core/Src/SPI_Connection.o
 .debug_macro   0x0000000000001896       0x52 ./Core/Src/SPI_Connection.o
 .debug_macro   0x00000000000018e8       0xd5 ./Core/Src/SPI_Connection.o
 .debug_macro   0x00000000000019bd       0x1c ./Core/Src/SPI_Connection.o
 .debug_macro   0x00000000000019d9       0x3d ./Core/Src/SPI_Connection.o
 .debug_macro   0x0000000000001a16       0x16 ./Core/Src/SPI_Connection.o
 .debug_macro   0x0000000000001a2c      0x145 ./Core/Src/SPI_Connection.o
 .debug_macro   0x0000000000001b71       0x22 ./Core/Src/SPI_Connection.o
 .debug_macro   0x0000000000001b93      0x227 ./Core/Src/SPI_Connection.o
 .debug_macro   0x0000000000001dba       0x2e ./Core/Src/SPI_Connection.o
 .debug_macro   0x0000000000001de8       0x22 ./Core/Src/SPI_Connection.o
 .debug_macro   0x0000000000001e0a      0x103 ./Core/Src/SPI_Connection.o
 .debug_macro   0x0000000000001f0d      0x1df ./Core/Src/SPI_Connection.o
 .debug_macro   0x00000000000020ec       0x1c ./Core/Src/SPI_Connection.o
 .debug_macro   0x0000000000002108       0x22 ./Core/Src/SPI_Connection.o
 .debug_macro   0x000000000000212a       0xbd ./Core/Src/SPI_Connection.o
 .debug_macro   0x00000000000021e7      0xd23 ./Core/Src/SPI_Connection.o
 .debug_macro   0x0000000000002f0a     0xe09e ./Core/Src/SPI_Connection.o
 .debug_macro   0x0000000000010fa8       0x6d ./Core/Src/SPI_Connection.o
 .debug_macro   0x0000000000011015     0x3468 ./Core/Src/SPI_Connection.o
 .debug_macro   0x000000000001447d       0x56 ./Core/Src/SPI_Connection.o
 .debug_macro   0x00000000000144d3      0x5be ./Core/Src/SPI_Connection.o
 .debug_macro   0x0000000000014a91      0x289 ./Core/Src/SPI_Connection.o
 .debug_macro   0x0000000000014d1a      0x1cb ./Core/Src/SPI_Connection.o
 .debug_macro   0x0000000000014ee5      0x114 ./Core/Src/SPI_Connection.o
 .debug_macro   0x0000000000014ff9      0x1b2 ./Core/Src/SPI_Connection.o
 .debug_macro   0x00000000000151ab       0x27 ./Core/Src/SPI_Connection.o
 .debug_macro   0x00000000000151d2      0x136 ./Core/Src/SPI_Connection.o
 .debug_macro   0x0000000000015308      0x1bc ./Core/Src/SPI_Connection.o
 .debug_macro   0x00000000000154c4       0x34 ./Core/Src/SPI_Connection.o
 .debug_macro   0x00000000000154f8       0x3c ./Core/Src/SPI_Connection.o
 .debug_macro   0x0000000000015534       0x57 ./Core/Src/SPI_Connection.o
 .debug_macro   0x000000000001558b      0x46a ./Core/Src/SPI_Connection.o
 .debug_macro   0x00000000000159f5      0x1b5 ./Core/Src/SPI_Connection.o
 .debug_macro   0x0000000000015baa       0x88 ./Core/Src/SPI_Connection.o
 .debug_macro   0x0000000000015c32      0x241 ./Core/Src/SPI_Connection.o
 .debug_macro   0x0000000000015e73      0x141 ./Core/Src/SPI_Connection.o
 .debug_macro   0x0000000000015fb4      0x217 ./Core/Src/SPI_Connection.o
 .debug_macro   0x00000000000161cb      0x8d1 ./Core/Src/SPI_Connection.o
 .debug_macro   0x0000000000016a9c      0x279 ./Core/Src/SPI_Connection.o
 .debug_macro   0x0000000000016d15       0x83 ./Core/Src/SPI_Connection.o
 .debug_macro   0x0000000000016d98       0x16 ./Core/Src/SPI_Connection.o
 .debug_macro   0x0000000000016dae       0x35 ./Core/Src/SPI_Connection.o
 .debug_macro   0x0000000000016de3       0x20 ./Core/Src/SPI_Connection.o
 .debug_macro   0x0000000000016e03       0x3a ./Core/Src/SPI_Connection.o
 .debug_macro   0x0000000000016e3d       0x16 ./Core/Src/SPI_Connection.o
 .debug_macro   0x0000000000016e53       0x70 ./Core/Src/SPI_Connection.o
 .debug_macro   0x0000000000016ec3      0x1da ./Core/Src/exp_measurement.o
 .debug_macro   0x000000000001709d       0x8e ./Core/Src/exp_measurement.o
 .debug_macro   0x000000000001712b       0x51 ./Core/Src/exp_measurement.o
 .debug_macro   0x000000000001717c      0x174 ./Core/Src/exp_measurement.o
 .debug_macro   0x00000000000172f0       0x5c ./Core/Src/exp_measurement.o
 .debug_macro   0x000000000001734c      0x2d3 ./Core/Src/exp_protocol.o
 .debug_macro   0x000000000001761f       0x52 ./Core/Src/exp_protocol.o
 .debug_macro   0x0000000000017671       0x10 ./Core/Src/exp_protocol.o
 .debug_macro   0x0000000000017681      0x3a2 ./Core/Src/main.o
 .debug_macro   0x0000000000017a23       0x16 ./Core/Src/main.o
 .debug_macro   0x0000000000017a39       0x10 ./Core/Src/main.o
 .debug_macro   0x0000000000017a49      0x3a3 ./Core/Src/sensor_utils.o
 .debug_macro   0x0000000000017dec      0x2a7 ./Core/Src/stm32f1xx_hal_msp.o
 .debug_macro   0x0000000000018093      0x386 ./Core/Src/stm32f1xx_it.o
 .debug_macro   0x0000000000018419      0x1c1 ./Core/Src/system_stm32f1xx.o
 .debug_macro   0x00000000000185da      0x1e5 ./Drivers/STM32F1xx_HAL_Driver/Src/stm32f1xx_hal.o
 .debug_macro   0x00000000000187bf      0x1de ./Drivers/STM32F1xx_HAL_Driver/Src/stm32f1xx_hal_adc.o
 .debug_macro   0x000000000001899d      0x1d3 ./Drivers/STM32F1xx_HAL_Driver/Src/stm32f1xx_hal_adc_ex.o
 .debug_macro   0x0000000000018b70      0x1c1 ./Drivers/STM32F1xx_HAL_Driver/Src/stm32f1xx_hal_cortex.o
 .debug_macro   0x0000000000018d31      0x1c1 ./Drivers/STM32F1xx_HAL_Driver/Src/stm32f1xx_hal_dma.o
 .debug_macro   0x0000000000018ef2      0x22c ./Drivers/STM32F1xx_HAL_Driver/Src/stm32f1xx_hal_gpio.o
 .debug_macro   0x000000000001911e      0x1d3 ./Drivers/STM32F1xx_HAL_Driver/Src/stm32f1xx_hal_rcc.o
 .debug_macro   0x00000000000192f1      0x1c1 ./Drivers/STM32F1xx_HAL_Driver/Src/stm32f1xx_hal_rcc_ex.o
 .debug_macro   0x00000000000194b2      0x1c9 ./Drivers/STM32F1xx_HAL_Driver/Src/stm32f1xx_hal_spi.o
 .debug_macro   0x000000000001967b      0x1c2 ./Drivers/STM32F1xx_HAL_Driver/Src/stm32f1xx_hal_tim.o
 .debug_macro   0x000000000001983d      0x1c1 ./Drivers/STM32F1xx_HAL_Driver/Src/stm32f1xx_hal_tim_ex.o
 .debug_macro   0x00000000000199fe      0x1c2 ./Drivers/STM32F1xx_HAL_Driver/Src/stm32f1xx_hal_uart.o
 .debug_macro   0x0000000000019bc0      0x3cc ./Drivers/W25Q/w25q_spi.o

.debug_line     0x0000000000000000    0x14e24
 .debug_line    0x0000000000000000      0xc47 ./Core/Src/SPI_Connection.o
 .debug_line    0x0000000000000c47      0x86e ./Core/Src/exp_measurement.o
 .debug_line    0x00000000000014b5      0xab3 ./Core/Src/exp_protocol.o
 .debug_line    0x0000000000001f68      0xf6f ./Core/Src/main.o
 .debug_line    0x0000000000002ed7      0xc24 ./Core/Src/sensor_utils.o
 .debug_line    0x0000000000003afb      0xbf4 ./Core/Src/stm32f1xx_hal_msp.o
 .debug_line    0x00000000000046ef      0xc39 ./Core/Src/stm32f1xx_it.o
 .debug_line    0x0000000000005328      0x848 ./Core/Src/system_stm32f1xx.o
 .debug_line    0x0000000000005b70       0x87 ./Core/Startup/startup_stm32f103cbtx.o
 .debug_line    0x0000000000005bf7      0x999 ./Drivers/STM32F1xx_HAL_Driver/Src/stm32f1xx_hal.o
 .debug_line    0x0000000000006590     0x1010 ./Drivers/STM32F1xx_HAL_Driver/Src/stm32f1xx_hal_adc.o
 .debug_line    0x00000000000075a0      0xd5e ./Drivers/STM32F1xx_HAL_Driver/Src/stm32f1xx_hal_adc_ex.o
 .debug_line    0x00000000000082fe      0xb81 ./Drivers/STM32F1xx_HAL_Driver/Src/stm32f1xx_hal_cortex.o
 .debug_line    0x0000000000008e7f      0xdf1 ./Drivers/STM32F1xx_HAL_Driver/Src/stm32f1xx_hal_dma.o
 .debug_line    0x0000000000009c70      0xa30 ./Drivers/STM32F1xx_HAL_Driver/Src/stm32f1xx_hal_gpio.o
 .debug_line    0x000000000000a6a0      0xda7 ./Drivers/STM32F1xx_HAL_Driver/Src/stm32f1xx_hal_rcc.o
 .debug_line    0x000000000000b447      0x8e5 ./Drivers/STM32F1xx_HAL_Driver/Src/stm32f1xx_hal_rcc_ex.o
 .debug_line    0x000000000000bd2c     0x1c1e ./Drivers/STM32F1xx_HAL_Driver/Src/stm32f1xx_hal_spi.o
 .debug_line    0x000000000000d94a     0x334f ./Drivers/STM32F1xx_HAL_Driver/Src/stm32f1xx_hal_tim.o
 .debug_line    0x0000000000010c99     0x18c1 ./Drivers/STM32F1xx_HAL_Driver/Src/stm32f1xx_hal_tim_ex.o
 .debug_line    0x000000000001255a     0x1a74 ./Drivers/STM32F1xx_HAL_Driver/Src/stm32f1xx_hal_uart.o
 .debug_line    0x0000000000013fce      0xe56 ./Drivers/W25Q/w25q_spi.o

.debug_str      0x0000000000000000    0x91a8e
 .debug_str     0x0000000000000000    0x8d389 ./Core/Src/SPI_Connection.o
                                      0x8d733 (size before relaxing)
 .debug_str     0x000000000008d389      0x47f ./Core/Src/exp_measurement.o
                                      0x89801 (size before relaxing)
 .debug_str     0x000000000008d808      0x338 ./Core/Src/exp_protocol.o
                                      0x8c61b (size before relaxing)
 .debug_str     0x000000000008db40      0x81a ./Core/Src/main.o
                                      0x8e33a (size before relaxing)
 .debug_str     0x000000000008e35a       0xbc ./Core/Src/sensor_utils.o
                                      0x8d128 (size before relaxing)
 .debug_str     0x000000000008e416      0x121 ./Core/Src/stm32f1xx_hal_msp.o
                                      0x8cdf1 (size before relaxing)
 .debug_str     0x000000000008e537      0x177 ./Core/Src/stm32f1xx_it.o
                                      0x8da9a (size before relaxing)
 .debug_str     0x000000000008e6ae       0x7e ./Core/Src/system_stm32f1xx.o
                                      0x8911a (size before relaxing)
 .debug_str     0x000000000008e72c       0x72 ./Core/Startup/startup_stm32f103cbtx.o
 .debug_str     0x000000000008e79e      0x384 ./Drivers/STM32F1xx_HAL_Driver/Src/stm32f1xx_hal.o
                                      0x8984a (size before relaxing)
 .debug_str     0x000000000008eb22      0x342 ./Drivers/STM32F1xx_HAL_Driver/Src/stm32f1xx_hal_adc.o
                                      0x897f4 (size before relaxing)
 .debug_str     0x000000000008ee64      0x2d8 ./Drivers/STM32F1xx_HAL_Driver/Src/stm32f1xx_hal_adc_ex.o
                                      0x897cb (size before relaxing)
 .debug_str     0x000000000008f13c      0x294 ./Drivers/STM32F1xx_HAL_Driver/Src/stm32f1xx_hal_cortex.o
                                      0x89796 (size before relaxing)
 .debug_str     0x000000000008f3d0      0x216 ./Drivers/STM32F1xx_HAL_Driver/Src/stm32f1xx_hal_dma.o
                                      0x894c0 (size before relaxing)
 .debug_str     0x000000000008f5e6      0x284 ./Drivers/STM32F1xx_HAL_Driver/Src/stm32f1xx_hal_gpio.o
                                      0x8949d (size before relaxing)
 .debug_str     0x000000000008f86a      0x229 ./Drivers/STM32F1xx_HAL_Driver/Src/stm32f1xx_hal_rcc.o
                                      0x89546 (size before relaxing)
 .debug_str     0x000000000008fa93       0x84 ./Drivers/STM32F1xx_HAL_Driver/Src/stm32f1xx_hal_rcc_ex.o
                                      0x89296 (size before relaxing)
 .debug_str     0x000000000008fb17      0x4ef ./Drivers/STM32F1xx_HAL_Driver/Src/stm32f1xx_hal_spi.o
                                      0x89a43 (size before relaxing)
 .debug_str     0x0000000000090006      0xcd4 ./Drivers/STM32F1xx_HAL_Driver/Src/stm32f1xx_hal_tim.o
                                      0x8a531 (size before relaxing)
 .debug_str     0x0000000000090cda      0x493 ./Drivers/STM32F1xx_HAL_Driver/Src/stm32f1xx_hal_tim_ex.o
                                      0x89d4d (size before relaxing)
 .debug_str     0x000000000009116d      0x57e ./Drivers/STM32F1xx_HAL_Driver/Src/stm32f1xx_hal_uart.o
                                      0x89b51 (size before relaxing)
 .debug_str     0x00000000000916eb      0x3a3 ./Drivers/W25Q/w25q_spi.o
                                      0x8d812 (size before relaxing)

.comment        0x0000000000000000       0x50
 .comment       0x0000000000000000       0x50 ./Core/Src/SPI_Connection.o
                                         0x51 (size before relaxing)
 .comment       0x0000000000000050       0x51 ./Core/Src/exp_measurement.o
 .comment       0x0000000000000050       0x51 ./Core/Src/exp_protocol.o
 .comment       0x0000000000000050       0x51 ./Core/Src/main.o
 .comment       0x0000000000000050       0x51 ./Core/Src/sensor_utils.o
 .comment       0x0000000000000050       0x51 ./Core/Src/stm32f1xx_hal_msp.o
 .comment       0x0000000000000050       0x51 ./Core/Src/stm32f1xx_it.o
 .comment       0x0000000000000050       0x51 ./Core/Src/system_stm32f1xx.o
 .comment       0x0000000000000050       0x51 ./Drivers/STM32F1xx_HAL_Driver/Src/stm32f1xx_hal.o
 .comment       0x0000000000000050       0x51 ./Drivers/STM32F1xx_HAL_Driver/Src/stm32f1xx_hal_adc.o
 .comment       0x0000000000000050       0x51 ./Drivers/STM32F1xx_HAL_Driver/Src/stm32f1xx_hal_adc_ex.o
 .comment       0x0000000000000050       0x51 ./Drivers/STM32F1xx_HAL_Driver/Src/stm32f1xx_hal_cortex.o
 .comment       0x0000000000000050       0x51 ./Drivers/STM32F1xx_HAL_Driver/Src/stm32f1xx_hal_dma.o
 .comment       0x0000000000000050       0x51 ./Drivers/STM32F1xx_HAL_Driver/Src/stm32f1xx_hal_gpio.o
 .comment       0x0000000000000050       0x51 ./Drivers/STM32F1xx_HAL_Driver/Src/stm32f1xx_hal_rcc.o
 .comment       0x0000000000000050       0x51 ./Drivers/STM32F1xx_HAL_Driver/Src/stm32f1xx_hal_rcc_ex.o
 .comment       0x0000000000000050       0x51 ./Drivers/STM32F1xx_HAL_Driver/Src/stm32f1xx_hal_spi.o
 .comment       0x0000000000000050       0x51 ./Drivers/STM32F1xx_HAL_Driver/Src/stm32f1xx_hal_tim.o
 .comment       0x0000000000000050       0x51 ./Drivers/STM32F1xx_HAL_Driver/Src/stm32f1xx_hal_tim_ex.o
 .comment       0x0000000000000050       0x51 ./Drivers/STM32F1xx_HAL_Driver/Src/stm32f1xx_hal_uart.o
 .comment       0x0000000000000050       0x51 ./Drivers/W25Q/w25q_spi.o

.debug_frame    0x0000000000000000     0x49b8
 .debug_frame   0x0000000000000000      0x104 ./Core/Src/SPI_Connection.o
 .debug_frame   0x0000000000000104       0xb0 ./Core/Src/exp_measurement.o
 .debug_frame   0x00000000000001b4       0x90 ./Core/Src/exp_protocol.o
 .debug_frame   0x0000000000000244      0x1c0 ./Core/Src/main.o
 .debug_frame   0x0000000000000404       0xb0 ./Core/Src/sensor_utils.o
 .debug_frame   0x00000000000004b4      0x17c ./Core/Src/stm32f1xx_hal_msp.o
 .debug_frame   0x0000000000000630      0x190 ./Core/Src/stm32f1xx_it.o
 .debug_frame   0x00000000000007c0       0x58 ./Core/Src/system_stm32f1xx.o
 .debug_frame   0x0000000000000818      0x334 ./Drivers/STM32F1xx_HAL_Driver/Src/stm32f1xx_hal.o
 .debug_frame   0x0000000000000b4c      0x40c ./Drivers/STM32F1xx_HAL_Driver/Src/stm32f1xx_hal_adc.o
 .debug_frame   0x0000000000000f58      0x200 ./Drivers/STM32F1xx_HAL_Driver/Src/stm32f1xx_hal_adc_ex.o
 .debug_frame   0x0000000000001158      0x428 ./Drivers/STM32F1xx_HAL_Driver/Src/stm32f1xx_hal_cortex.o
 .debug_frame   0x0000000000001580      0x208 ./Drivers/STM32F1xx_HAL_Driver/Src/stm32f1xx_hal_dma.o
 .debug_frame   0x0000000000001788      0x14c ./Drivers/STM32F1xx_HAL_Driver/Src/stm32f1xx_hal_gpio.o
 .debug_frame   0x00000000000018d4      0x21c ./Drivers/STM32F1xx_HAL_Driver/Src/stm32f1xx_hal_rcc.o
 .debug_frame   0x0000000000001af0       0x84 ./Drivers/STM32F1xx_HAL_Driver/Src/stm32f1xx_hal_rcc_ex.o
 .debug_frame   0x0000000000001b74      0x824 ./Drivers/STM32F1xx_HAL_Driver/Src/stm32f1xx_hal_spi.o
 .debug_frame   0x0000000000002398     0x11b8 ./Drivers/STM32F1xx_HAL_Driver/Src/stm32f1xx_hal_tim.o
 .debug_frame   0x0000000000003550      0x638 ./Drivers/STM32F1xx_HAL_Driver/Src/stm32f1xx_hal_tim_ex.o
 .debug_frame   0x0000000000003b88      0x914 ./Drivers/STM32F1xx_HAL_Driver/Src/stm32f1xx_hal_uart.o
 .debug_frame   0x000000000000449c      0x25c ./Drivers/W25Q/w25q_spi.o
 .debug_frame   0x00000000000046f8       0x2c c:/program files/stmicroelectronics/stm32cubeide_1.12.0/stm32cubeide/plugins/com.st.stm32cube.ide.mcu.externaltools.gnu-tools-for-stm32.10.3-2021.10.win32_1.0.200.202301161003/tools/bin/../lib/gcc/arm-none-eabi/10.3.1/../../../../arm-none-eabi/lib/thumb/v7-m/nofp\libc_nano.a(lib_a-init.o)
 .debug_frame   0x0000000000004724       0x28 c:/program files/stmicroelectronics/stm32cubeide_1.12.0/stm32cubeide/plugins/com.st.stm32cube.ide.mcu.externaltools.gnu-tools-for-stm32.10.3-2021.10.win32_1.0.200.202301161003/tools/bin/../lib/gcc/arm-none-eabi/10.3.1/../../../../arm-none-eabi/lib/thumb/v7-m/nofp\libc_nano.a(lib_a-memcpy-stub.o)
 .debug_frame   0x000000000000474c       0x20 c:/program files/stmicroelectronics/stm32cubeide_1.12.0/stm32cubeide/plugins/com.st.stm32cube.ide.mcu.externaltools.gnu-tools-for-stm32.10.3-2021.10.win32_1.0.200.202301161003/tools/bin/../lib/gcc/arm-none-eabi/10.3.1/../../../../arm-none-eabi/lib/thumb/v7-m/nofp\libc_nano.a(lib_a-memset.o)
 .debug_frame   0x000000000000476c       0x30 c:/program files/stmicroelectronics/stm32cubeide_1.12.0/stm32cubeide/plugins/com.st.stm32cube.ide.mcu.externaltools.gnu-tools-for-stm32.10.3-2021.10.win32_1.0.200.202301161003/tools/bin/../lib/gcc/arm-none-eabi/10.3.1/thumb/v7-m/nofp\libgcc.a(_arm_muldf3.o)
 .debug_frame   0x000000000000479c       0xac c:/program files/stmicroelectronics/stm32cubeide_1.12.0/stm32cubeide/plugins/com.st.stm32cube.ide.mcu.externaltools.gnu-tools-for-stm32.10.3-2021.10.win32_1.0.200.202301161003/tools/bin/../lib/gcc/arm-none-eabi/10.3.1/thumb/v7-m/nofp\libgcc.a(_arm_addsubdf3.o)
 .debug_frame   0x0000000000004848       0x24 c:/program files/stmicroelectronics/stm32cubeide_1.12.0/stm32cubeide/plugins/com.st.stm32cube.ide.mcu.externaltools.gnu-tools-for-stm32.10.3-2021.10.win32_1.0.200.202301161003/tools/bin/../lib/gcc/arm-none-eabi/10.3.1/thumb/v7-m/nofp\libgcc.a(_arm_fixunsdfsi.o)
 .debug_frame   0x000000000000486c       0x4c c:/program files/stmicroelectronics/stm32cubeide_1.12.0/stm32cubeide/plugins/com.st.stm32cube.ide.mcu.externaltools.gnu-tools-for-stm32.10.3-2021.10.win32_1.0.200.202301161003/tools/bin/../lib/gcc/arm-none-eabi/10.3.1/thumb/v7-m/nofp\libgcc.a(_arm_addsubsf3.o)
 .debug_frame   0x00000000000048b8       0x38 c:/program files/stmicroelectronics/stm32cubeide_1.12.0/stm32cubeide/plugins/com.st.stm32cube.ide.mcu.externaltools.gnu-tools-for-stm32.10.3-2021.10.win32_1.0.200.202301161003/tools/bin/../lib/gcc/arm-none-eabi/10.3.1/thumb/v7-m/nofp\libgcc.a(_arm_muldivsf3.o)
 .debug_frame   0x00000000000048f0       0xc8 c:/program files/stmicroelectronics/stm32cubeide_1.12.0/stm32cubeide/plugins/com.st.stm32cube.ide.mcu.externaltools.gnu-tools-for-stm32.10.3-2021.10.win32_1.0.200.202301161003/tools/bin/../lib/gcc/arm-none-eabi/10.3.1/thumb/v7-m/nofp\libgcc.a(_arm_cmpsf2.o)
