Archive member included to satisfy reference by file (symbol)

c:/program files/stmicroelectronics/stm32cubeide_1.12.0/stm32cubeide/plugins/com.st.stm32cube.ide.mcu.externaltools.gnu-tools-for-stm32.10.3-2021.10.win32_1.0.200.202301161003/tools/bin/../lib/gcc/arm-none-eabi/10.3.1/../../../../arm-none-eabi/lib/thumb/v7-m/nofp\libc_nano.a(lib_a-errno.o)
                              ./Core/Src/syscalls.o (__errno)
c:/program files/stmicroelectronics/stm32cubeide_1.12.0/stm32cubeide/plugins/com.st.stm32cube.ide.mcu.externaltools.gnu-tools-for-stm32.10.3-2021.10.win32_1.0.200.202301161003/tools/bin/../lib/gcc/arm-none-eabi/10.3.1/../../../../arm-none-eabi/lib/thumb/v7-m/nofp\libc_nano.a(lib_a-exit.o)
                              c:/program files/stmicroelectronics/stm32cubeide_1.12.0/stm32cubeide/plugins/com.st.stm32cube.ide.mcu.externaltools.gnu-tools-for-stm32.10.3-2021.10.win32_1.0.200.202301161003/tools/bin/../lib/gcc/arm-none-eabi/10.3.1/../../../../arm-none-eabi/lib/thumb/v7-m/nofp/crt0.o (exit)
c:/program files/stmicroelectronics/stm32cubeide_1.12.0/stm32cubeide/plugins/com.st.stm32cube.ide.mcu.externaltools.gnu-tools-for-stm32.10.3-2021.10.win32_1.0.200.202301161003/tools/bin/../lib/gcc/arm-none-eabi/10.3.1/../../../../arm-none-eabi/lib/thumb/v7-m/nofp\libc_nano.a(lib_a-impure.o)
                              c:/program files/stmicroelectronics/stm32cubeide_1.12.0/stm32cubeide/plugins/com.st.stm32cube.ide.mcu.externaltools.gnu-tools-for-stm32.10.3-2021.10.win32_1.0.200.202301161003/tools/bin/../lib/gcc/arm-none-eabi/10.3.1/../../../../arm-none-eabi/lib/thumb/v7-m/nofp\libc_nano.a(lib_a-exit.o) (_global_impure_ptr)
c:/program files/stmicroelectronics/stm32cubeide_1.12.0/stm32cubeide/plugins/com.st.stm32cube.ide.mcu.externaltools.gnu-tools-for-stm32.10.3-2021.10.win32_1.0.200.202301161003/tools/bin/../lib/gcc/arm-none-eabi/10.3.1/../../../../arm-none-eabi/lib/thumb/v7-m/nofp\libc_nano.a(lib_a-init.o)
                              c:/program files/stmicroelectronics/stm32cubeide_1.12.0/stm32cubeide/plugins/com.st.stm32cube.ide.mcu.externaltools.gnu-tools-for-stm32.10.3-2021.10.win32_1.0.200.202301161003/tools/bin/../lib/gcc/arm-none-eabi/10.3.1/../../../../arm-none-eabi/lib/thumb/v7-m/nofp/crt0.o (__libc_init_array)
c:/program files/stmicroelectronics/stm32cubeide_1.12.0/stm32cubeide/plugins/com.st.stm32cube.ide.mcu.externaltools.gnu-tools-for-stm32.10.3-2021.10.win32_1.0.200.202301161003/tools/bin/../lib/gcc/arm-none-eabi/10.3.1/../../../../arm-none-eabi/lib/thumb/v7-m/nofp\libc_nano.a(lib_a-memcpy-stub.o)
                              ./Core/Src/SPI_Connection.o (memcpy)
c:/program files/stmicroelectronics/stm32cubeide_1.12.0/stm32cubeide/plugins/com.st.stm32cube.ide.mcu.externaltools.gnu-tools-for-stm32.10.3-2021.10.win32_1.0.200.202301161003/tools/bin/../lib/gcc/arm-none-eabi/10.3.1/../../../../arm-none-eabi/lib/thumb/v7-m/nofp\libc_nano.a(lib_a-memset.o)
                              c:/program files/stmicroelectronics/stm32cubeide_1.12.0/stm32cubeide/plugins/com.st.stm32cube.ide.mcu.externaltools.gnu-tools-for-stm32.10.3-2021.10.win32_1.0.200.202301161003/tools/bin/../lib/gcc/arm-none-eabi/10.3.1/../../../../arm-none-eabi/lib/thumb/v7-m/nofp/crt0.o (memset)
c:/program files/stmicroelectronics/stm32cubeide_1.12.0/stm32cubeide/plugins/com.st.stm32cube.ide.mcu.externaltools.gnu-tools-for-stm32.10.3-2021.10.win32_1.0.200.202301161003/tools/bin/../lib/gcc/arm-none-eabi/10.3.1/../../../../arm-none-eabi/lib/thumb/v7-m/nofp\libc_nano.a(lib_a-sprintf.o)
                              ./Drivers/W25Q/w25q_spi.o (sprintf)
c:/program files/stmicroelectronics/stm32cubeide_1.12.0/stm32cubeide/plugins/com.st.stm32cube.ide.mcu.externaltools.gnu-tools-for-stm32.10.3-2021.10.win32_1.0.200.202301161003/tools/bin/../lib/gcc/arm-none-eabi/10.3.1/../../../../arm-none-eabi/lib/thumb/v7-m/nofp\libc_nano.a(lib_a-strcat.o)
                              ./Drivers/W25Q/w25q_spi.o (strcat)
c:/program files/stmicroelectronics/stm32cubeide_1.12.0/stm32cubeide/plugins/com.st.stm32cube.ide.mcu.externaltools.gnu-tools-for-stm32.10.3-2021.10.win32_1.0.200.202301161003/tools/bin/../lib/gcc/arm-none-eabi/10.3.1/../../../../arm-none-eabi/lib/thumb/v7-m/nofp\libc_nano.a(lib_a-strlen.o)
                              ./Drivers/W25Q/w25q_spi.o (strlen)
c:/program files/stmicroelectronics/stm32cubeide_1.12.0/stm32cubeide/plugins/com.st.stm32cube.ide.mcu.externaltools.gnu-tools-for-stm32.10.3-2021.10.win32_1.0.200.202301161003/tools/bin/../lib/gcc/arm-none-eabi/10.3.1/../../../../arm-none-eabi/lib/thumb/v7-m/nofp\libc_nano.a(lib_a-nano-svfprintf.o)
                              c:/program files/stmicroelectronics/stm32cubeide_1.12.0/stm32cubeide/plugins/com.st.stm32cube.ide.mcu.externaltools.gnu-tools-for-stm32.10.3-2021.10.win32_1.0.200.202301161003/tools/bin/../lib/gcc/arm-none-eabi/10.3.1/../../../../arm-none-eabi/lib/thumb/v7-m/nofp\libc_nano.a(lib_a-sprintf.o) (_svfprintf_r)
[...]
Memory Configuration

Name             Origin             Length             Attributes
RAM              0x0000000020000000 0x0000000000005000 xrw
FLASH            0x0000000008000000 0x0000000000020000 xr
*default*        0x0000000000000000 0xffffffffffffffff

Linker script and memory map

LOAD c:/program files/stmicroelectronics/stm32cubeide_1.12.0/stm32cubeide/plugins/com.st.stm32cube.ide.mcu.externaltools.gnu-tools-for-stm32.10.3-2021.10.win32_1.0.200.202301161003/tools/bin/../lib/gcc/arm-none-eabi/10.3.1/thumb/v7-m/nofp/crti.o
LOAD c:/program files/stmicroelectronics/stm32cubeide_1.12.0/stm32cubeide/plugins/com.st.stm32cube.ide.mcu.externaltools.gnu-tools-for-stm32.10.3-2021.10.win32_1.0.200.202301161003/tools/bin/../lib/gcc/arm-none-eabi/10.3.1/thumb/v7-m/nofp/crtbegin.o
LOAD c:/program files/stmicroelectronics/stm32cubeide_1.12.0/stm32cubeide/plugins/com.st.stm32cube.ide.mcu.externaltools.gnu-tools-for-stm32.10.3-2021.10.win32_1.0.200.202301161003/tools/bin/../lib/gcc/arm-none-eabi/10.3.1/../../../../arm-none-eabi/lib/thumb/v7-m/nofp/crt0.o
LOAD ./Core/Src/SPI_Connection.o
LOAD ./Core/Src/main.o
LOAD ./Core/Src/protocol_parser.o
LOAD ./Core/Src/stm32f1xx_hal_msp.o
LOAD ./Core/Src/stm32f1xx_it.o
LOAD ./Core/Src/syscalls.o
LOAD ./Core/Src/sysmem.o
LOAD ./Core/Src/system_stm32f1xx.o
LOAD ./Core/Startup/startup_stm32f103cbtx.o
LOAD ./Drivers/STM32F1xx_HAL_Driver/Src/stm32f1xx_hal.o
LOAD ./Drivers/STM32F1xx_HAL_Driver/Src/stm32f1xx_hal_adc.o
LOAD ./Drivers/STM32F1xx_HAL_Driver/Src/stm32f1xx_hal_adc_ex.o
LOAD ./Drivers/STM32F1xx_HAL_Driver/Src/stm32f1xx_hal_cortex.o
LOAD ./Drivers/STM32F1xx_HAL_Driver/Src/stm32f1xx_hal_dma.o
LOAD ./Drivers/STM32F1xx_HAL_Driver/Src/stm32f1xx_hal_exti.o
LOAD ./Drivers/STM32F1xx_HAL_Driver/Src/stm32f1xx_hal_flash.o
LOAD ./Drivers/STM32F1xx_HAL_Driver/Src/stm32f1xx_hal_flash_ex.o
LOAD ./Drivers/STM32F1xx_HAL_Driver/Src/stm32f1xx_hal_gpio.o
LOAD ./Drivers/STM32F1xx_HAL_Driver/Src/stm32f1xx_hal_gpio_ex.o
LOAD ./Drivers/STM32F1xx_HAL_Driver/Src/stm32f1xx_hal_pwr.o
LOAD ./Drivers/STM32F1xx_HAL_Driver/Src/stm32f1xx_hal_rcc.o
LOAD ./Drivers/STM32F1xx_HAL_Driver/Src/stm32f1xx_hal_rcc_ex.o
LOAD ./Drivers/STM32F1xx_HAL_Driver/Src/stm32f1xx_hal_spi.o
LOAD ./Drivers/STM32F1xx_HAL_Driver/Src/stm32f1xx_hal_tim.o
LOAD ./Drivers/STM32F1xx_HAL_Driver/Src/stm32f1xx_hal_tim_ex.o
LOAD ./Drivers/STM32F1xx_HAL_Driver/Src/stm32f1xx_hal_uart.o
LOAD ./Drivers/W25Q/w25q_spi.o
START GROUP
LOAD c:/program files/stmicroelectronics/stm32cubeide_1.12.0/stm32cubeide/plugins/com.st.stm32cube.ide.mcu.externaltools.gnu-tools-for-stm32.10.3-2021.10.win32_1.0.200.202301161003/tools/bin/../lib/gcc/arm-none-eabi/10.3.1/../../../../arm-none-eabi/lib/thumb/v7-m/nofp\libc_nano.a
LOAD c:/program files/stmicroelectronics/stm32cubeide_1.12.0/stm32cubeide/plugins/com.st.stm32cube.ide.mcu.externaltools.gnu-tools-for-stm32.10.3-2021.10.win32_1.0.200.202301161003/tools/bin/../lib/gcc/arm-none-eabi/10.3.1/../../../../arm-none-eabi/lib/thumb/v7-m/nofp\libm.a
END GROUP
START GROUP
LOAD c:/program files/stmicroelectronics/stm32cubeide_1.12.0/stm32cubeide/plugins/com.st.stm32cube.ide.mcu.externaltools.gnu-tools-for-stm32.10.3-2021.10.win32_1.0.200.202301161003/tools/bin/../lib/gcc/arm-none-eabi/10.3.1/thumb/v7-m/nofp\libgcc.a
LOAD c:/program files/stmicroelectronics/stm32cubeide_1.12.0/stm32cubeide/plugins/com.st.stm32cube.ide.mcu.externaltools.gnu-tools-for-stm32.10.3-2021.10.win32_1.0.200.202301161003/tools/bin/../lib/gcc/arm-none-eabi/10.3.1/../../../../arm-none-eabi/lib/thumb/v7-m/nofp\libc_nano.a
END GROUP
START GROUP
LOAD c:/program files/stmicroelectronics/stm32cubeide_1.12.0/stm32cubeide/plugins/com.st.stm32cube.ide.mcu.externaltools.gnu-tools-for-stm32.10.3-2021.10.win32_1.0.200.202301161003/tools/bin/../lib/gcc/arm-none-eabi/10.3.1/thumb/v7-m/nofp\libgcc.a
LOAD c:/program files/stmicroelectronics/stm32cubeide_1.12.0/stm32cubeide/plugins/com.st.stm32cube.ide.mcu.externaltools.gnu-tools-for-stm32.10.3-2021.10.win32_1.0.200.202301161003/tools/bin/../lib/gcc/arm-none-eabi/10.3.1/../../../../arm-none-eabi/lib/thumb/v7-m/nofp\libc_nano.a
LOAD c:/program files/stmicroelectronics/stm32cubeide_1.12.0/stm32cubeide/plugins/com.st.stm32cube.ide.mcu.externaltools.gnu-tools-for-stm32.10.3-2021.10.win32_1.0.200.202301161003/tools/bin/../lib/gcc/arm-none-eabi/10.3.1/../../../../arm-none-eabi/lib/thumb/v7-m/nofp\libnosys.a
END GROUP
START GROUP
LOAD c:/program files/stmicroelectronics/stm32cubeide_1.12.0/stm32cubeide/plugins/com.st.stm32cube.ide.mcu.externaltools.gnu-tools-for-stm32.10.3-2021.10.win32_1.0.200.202301161003/tools/bin/../lib/gcc/arm-none-eabi/10.3.1/thumb/v7-m/nofp\libgcc.a
LOAD c:/program files/stmicroelectronics/stm32cubeide_1.12.0/stm32cubeide/plugins/com.st.stm32cube.ide.mcu.externaltools.gnu-tools-for-stm32.10.3-2021.10.win32_1.0.200.202301161003/tools/bin/../lib/gcc/arm-none-eabi/10.3.1/../../../../arm-none-eabi/lib/thumb/v7-m/nofp\libc_nano.a
LOAD c:/program files/stmicroelectronics/stm32cubeide_1.12.0/stm32cubeide/plugins/com.st.stm32cube.ide.mcu.externaltools.gnu-tools-for-stm32.10.3-2021.10.win32_1.0.200.202301161003/tools/bin/../lib/gcc/arm-none-eabi/10.3.1/../../../../arm-none-eabi/lib/thumb/v7-m/nofp\libnosys.a
END GROUP
LOAD c:/program files/stmicroelectronics/stm32cubeide_1.12.0/stm32cubeide/plugins/com.st.stm32cube.ide.mcu.externaltools.gnu-tools-for-stm32.10.3-2021.10.win32_1.0.200.202301161003/tools/bin/../lib/gcc/arm-none-eabi/10.3.1/thumb/v7-m/nofp/crtend.o
LOAD c:/program files/stmicroelectronics/stm32cubeide_1.12.0/stm32cubeide/plugins/com.st.stm32cube.ide.mcu.externaltools.gnu-tools-for-stm32.10.3-2021.10.win32_1.0.200.202301161003/tools/bin/../lib/gcc/arm-none-eabi/10.3.1/thumb/v7-m/nofp/crtn.o
                0x0000000020005000                _estack = (ORIGIN (RAM) + LENGTH (RAM))
                0x0000000000000200                _Min_Heap_Size = 0x200
                0x0000000000000400                _Min_Stack_Size = 0x400

.isr_vector     0x0000000008000000      0x10c
                0x0000000008000000                . = ALIGN (0x4)
 *(.isr_vector)
 .isr_vector    0x0000000008000000      0x10c ./Core/Startup/startup_stm32f103cbtx.o
                0x0000000008000000                g_pfnVectors
                0x000000000800010c                . = ALIGN (0x4)

.text           0x000000000800010c     0x52ec
                0x000000000800010c                . = ALIGN (0x4)
 *(.text)
 .text          0x000000000800010c       0x40 c:/program files/stmicroelectronics/stm32cubeide_1.12.0/stm32cubeide/plugins/com.st.stm32cube.ide.mcu.externaltools.gnu-tools-for-stm32.10.3-2021.10.win32_1.0.200.202301161003/tools/bin/../lib/gcc/arm-none-eabi/10.3.1/thumb/v7-m/nofp/crtbegin.o
 .text          0x000000000800014c       0x10 c:/program files/stmicroelectronics/stm32cubeide_1.12.0/stm32cubeide/plugins/com.st.stm32cube.ide.mcu.externaltools.gnu-tools-for-stm32.10.3-2021.10.win32_1.0.200.202301161003/tools/bin/../lib/gcc/arm-none-eabi/10.3.1/../../../../arm-none-eabi/lib/thumb/v7-m/nofp\libc_nano.a(lib_a-strlen.o)
                0x000000000800014c                strlen
 *(.text*)
 .text.HAL_GPIO_EXTI_Callback
                0x000000000800015c       0x84 ./Core/Src/SPI_Connection.o
                0x000000000800015c                HAL_GPIO_EXTI_Callback
 .text.fillBuffer
                0x00000000080001e0       0x36 ./Core/Src/SPI_Connection.o
                0x00000000080001e0                fillBuffer
 *fill*         0x0000000008000216        0x2 
 .text.initSPIConnection
                0x0000000008000218       0x2c ./Core/Src/SPI_Connection.o
                0x0000000008000218                initSPIConnection
 .text.initResponseBuffer
                0x0000000008000244       0x54 ./Core/Src/SPI_Connection.o
                0x0000000008000244                initResponseBuffer
 .text.switchBuffer
                0x0000000008000298       0x44 ./Core/Src/SPI_Connection.o
                0x0000000008000298                switchBuffer
 .text.HAL_SPI_TxRxCpltCallback
                0x00000000080002dc       0x68 ./Core/Src/SPI_Connection.o
                0x00000000080002dc                HAL_SPI_TxRxCpltCallback
 .text.sensorInit
                0x0000000008000344       0x1c ./Core/Src/main.o
                0x0000000008000344                sensorInit
 .text.sendInitCTRL
                0x0000000008000360        0xc ./Core/Src/main.o
                0x0000000008000360                sendInitCTRL
 .text.sendRxCompleteCTRL
                0x000000000800036c        0xc ./Core/Src/main.o
                0x000000000800036c                sendRxCompleteCTRL
 .text.main     0x0000000008000378       0x70 ./Core/Src/main.o
                0x0000000008000378                main
 .text.SystemClock_Config
                0x00000000080003e8       0xb6 ./Core/Src/main.o
                0x00000000080003e8                SystemClock_Config
 *fill*         0x000000000800049e        0x2 
 .text.MX_ADC1_Init
                0x00000000080004a0       0x7c ./Core/Src/main.o
 .text.MX_SPI1_Init
                0x000000000800051c       0x6c ./Core/Src/main.o
 .text.MX_SPI2_Init
                0x0000000008000588       0x64 ./Core/Src/main.o
 .text.MX_TIM3_Init
                0x00000000080005ec       0x9c ./Core/Src/main.o
 .text.MX_USART1_UART_Init
                0x0000000008000688       0x54 ./Core/Src/main.o
 .text.MX_GPIO_Init
                0x00000000080006dc       0xc4 ./Core/Src/main.o
 .text.Error_Handler
                0x00000000080007a0        0xa ./Core/Src/main.o
                0x00000000080007a0                Error_Handler
 *fill*         0x00000000080007aa        0x2 
 .text.setFSMProtocolState
                0x00000000080007ac       0x20 ./Core/Src/protocol_parser.o
                0x00000000080007ac                setFSMProtocolState
 .text.fillResponseFrame
                0x00000000080007cc       0xa0 ./Core/Src/protocol_parser.o
                0x00000000080007cc                fillResponseFrame
 .text.sendPreviousResponse
                0x000000000800086c       0x28 ./Core/Src/protocol_parser.o
                0x000000000800086c                sendPreviousResponse
 .text.updateSavedResponse
                0x0000000008000894       0x84 ./Core/Src/protocol_parser.o
                0x0000000008000894                updateSavedResponse
 .text.parserFSM
                0x0000000008000918      0x1b8 ./Core/Src/protocol_parser.o
                0x0000000008000918                parserFSM
 .text.checkCRC32
                0x0000000008000ad0       0x5e ./Core/Src/protocol_parser.o
                0x0000000008000ad0                checkCRC32
 *fill*         0x0000000008000b2e        0x2 
 .text.calculateCRC32
                0x0000000008000b30       0x58 ./Core/Src/protocol_parser.o
                0x0000000008000b30                calculateCRC32
 .text.sensorSelfCheck
                0x0000000008000b88        0xe ./Core/Src/protocol_parser.o
                0x0000000008000b88                sensorSelfCheck
 *fill*         0x0000000008000b96        0x2 
 .text.HAL_MspInit
                0x0000000008000b98       0x64 ./Core/Src/stm32f1xx_hal_msp.o
                0x0000000008000b98                HAL_MspInit
 .text.HAL_ADC_MspInit
                0x0000000008000bfc       0x88 ./Core/Src/stm32f1xx_hal_msp.o
                0x0000000008000bfc                HAL_ADC_MspInit
 .text.HAL_SPI_MspInit
                0x0000000008000c84      0x11c ./Core/Src/stm32f1xx_hal_msp.o
                0x0000000008000c84                HAL_SPI_MspInit
 .text.HAL_TIM_Base_MspInit
                0x0000000008000da0       0x3c ./Core/Src/stm32f1xx_hal_msp.o
                0x0000000008000da0                HAL_TIM_Base_MspInit
 .text.HAL_UART_MspInit
                0x0000000008000ddc       0x98 ./Core/Src/stm32f1xx_hal_msp.o
                0x0000000008000ddc                HAL_UART_MspInit
 .text.NMI_Handler
                0x0000000008000e74        0x6 ./Core/Src/stm32f1xx_it.o
                0x0000000008000e74                NMI_Handler
 .text.HardFault_Handler
                0x0000000008000e7a        0x6 ./Core/Src/stm32f1xx_it.o
                0x0000000008000e7a                HardFault_Handler
 .text.MemManage_Handler
                0x0000000008000e80        0x6 ./Core/Src/stm32f1xx_it.o
                0x0000000008000e80                MemManage_Handler
 .text.BusFault_Handler
                0x0000000008000e86        0x6 ./Core/Src/stm32f1xx_it.o
                0x0000000008000e86                BusFault_Handler
 .text.UsageFault_Handler
                0x0000000008000e8c        0x6 ./Core/Src/stm32f1xx_it.o
                0x0000000008000e8c                UsageFault_Handler
 .text.SVC_Handler
                0x0000000008000e92        0xc ./Core/Src/stm32f1xx_it.o
                0x0000000008000e92                SVC_Handler
 .text.DebugMon_Handler
                0x0000000008000e9e        0xc ./Core/Src/stm32f1xx_it.o
                0x0000000008000e9e                DebugMon_Handler
 .text.PendSV_Handler
                0x0000000008000eaa        0xc ./Core/Src/stm32f1xx_it.o
                0x0000000008000eaa                PendSV_Handler
 .text.SysTick_Handler
                0x0000000008000eb6        0xc ./Core/Src/stm32f1xx_it.o
                0x0000000008000eb6                SysTick_Handler
 *fill*         0x0000000008000ec2        0x2 
 .text.ADC1_2_IRQHandler
                0x0000000008000ec4       0x6c ./Core/Src/stm32f1xx_it.o
                0x0000000008000ec4                ADC1_2_IRQHandler
 .text.SPI2_IRQHandler
                0x0000000008000f30       0x14 ./Core/Src/stm32f1xx_it.o
                0x0000000008000f30                SPI2_IRQHandler
 .text.EXTI15_10_IRQHandler
                0x0000000008000f44       0x10 ./Core/Src/stm32f1xx_it.o
                0x0000000008000f44                EXTI15_10_IRQHandler
 .text._sbrk    0x0000000008000f54       0x6c ./Core/Src/sysmem.o
                0x0000000008000f54                _sbrk
 .text.SystemInit
                0x0000000008000fc0        0xc ./Core/Src/system_stm32f1xx.o
                0x0000000008000fc0                SystemInit
 .text.Reset_Handler
                0x0000000008000fcc       0x48 ./Core/Startup/startup_stm32f103cbtx.o
                0x0000000008000fcc                Reset_Handler
 .text.Default_Handler
                0x0000000008001014        0x2 ./Core/Startup/startup_stm32f103cbtx.o
                0x0000000008001014                RTC_Alarm_IRQHandler
                0x0000000008001014                EXTI2_IRQHandler
                0x0000000008001014                TIM1_CC_IRQHandler
                0x0000000008001014                PVD_IRQHandler
                0x0000000008001014                EXTI3_IRQHandler
                0x0000000008001014                EXTI0_IRQHandler
                0x0000000008001014                I2C2_EV_IRQHandler
                0x0000000008001014                SPI1_IRQHandler
                0x0000000008001014                TAMPER_IRQHandler
                0x0000000008001014                DMA1_Channel4_IRQHandler
                0x0000000008001014                USART3_IRQHandler
                0x0000000008001014                RTC_IRQHandler
                0x0000000008001014                DMA1_Channel7_IRQHandler
                0x0000000008001014                CAN1_RX1_IRQHandler
                0x0000000008001014                TIM4_IRQHandler
                0x0000000008001014                I2C1_EV_IRQHandler
                0x0000000008001014                DMA1_Channel6_IRQHandler
                0x0000000008001014                TIM3_IRQHandler
                0x0000000008001014                RCC_IRQHandler
                0x0000000008001014                TIM1_TRG_COM_IRQHandler
                0x0000000008001014                DMA1_Channel1_IRQHandler
                0x0000000008001014                Default_Handler
                0x0000000008001014                EXTI9_5_IRQHandler
                0x0000000008001014                DMA1_Channel5_IRQHandler
                0x0000000008001014                EXTI4_IRQHandler
                0x0000000008001014                USB_LP_CAN1_RX0_IRQHandler
                0x0000000008001014                USB_HP_CAN1_TX_IRQHandler
                0x0000000008001014                DMA1_Channel3_IRQHandler
                0x0000000008001014                TIM1_UP_IRQHandler
                0x0000000008001014                WWDG_IRQHandler
                0x0000000008001014                TIM2_IRQHandler
                0x0000000008001014                TIM1_BRK_IRQHandler
                0x0000000008001014                EXTI1_IRQHandler
                0x0000000008001014                USART2_IRQHandler
                0x0000000008001014                I2C2_ER_IRQHandler
                0x0000000008001014                DMA1_Channel2_IRQHandler
                0x0000000008001014                CAN1_SCE_IRQHandler
                0x0000000008001014                FLASH_IRQHandler
                0x0000000008001014                USART1_IRQHandler
                0x0000000008001014                I2C1_ER_IRQHandler
                0x0000000008001014                USBWakeUp_IRQHandler
 *fill*         0x0000000008001016        0x2 
 .text.HAL_Init
                0x0000000008001018       0x2c ./Drivers/STM32F1xx_HAL_Driver/Src/stm32f1xx_hal.o
                0x0000000008001018                HAL_Init
 .text.HAL_InitTick
                0x0000000008001044       0x60 ./Drivers/STM32F1xx_HAL_Driver/Src/stm32f1xx_hal.o
                0x0000000008001044                HAL_InitTick
 .text.HAL_IncTick
                0x00000000080010a4       0x24 ./Drivers/STM32F1xx_HAL_Driver/Src/stm32f1xx_hal.o
                0x00000000080010a4                HAL_IncTick
 .text.HAL_GetTick
                0x00000000080010c8       0x14 ./Drivers/STM32F1xx_HAL_Driver/Src/stm32f1xx_hal.o
                0x00000000080010c8                HAL_GetTick
 .text.HAL_Delay
                0x00000000080010dc       0x48 ./Drivers/STM32F1xx_HAL_Driver/Src/stm32f1xx_hal.o
                0x00000000080010dc                HAL_Delay
 .text.HAL_ADC_Init
                0x0000000008001124      0x1b0 ./Drivers/STM32F1xx_HAL_Driver/Src/stm32f1xx_hal_adc.o
                0x0000000008001124                HAL_ADC_Init
 .text.HAL_ADC_PollForConversion
                0x00000000080012d4      0x20c ./Drivers/STM32F1xx_HAL_Driver/Src/stm32f1xx_hal_adc.o
                0x00000000080012d4                HAL_ADC_PollForConversion
 .text.HAL_ADC_Start_IT
                0x00000000080014e0      0x16c ./Drivers/STM32F1xx_HAL_Driver/Src/stm32f1xx_hal_adc.o
                0x00000000080014e0                HAL_ADC_Start_IT
 .text.HAL_ADC_GetValue
                0x000000000800164c       0x18 ./Drivers/STM32F1xx_HAL_Driver/Src/stm32f1xx_hal_adc.o
                0x000000000800164c                HAL_ADC_GetValue
 .text.HAL_ADC_IRQHandler
                0x0000000008001664      0x186 ./Drivers/STM32F1xx_HAL_Driver/Src/stm32f1xx_hal_adc.o
                0x0000000008001664                HAL_ADC_IRQHandler
 .text.HAL_ADC_ConvCpltCallback
                0x00000000080017ea       0x12 ./Drivers/STM32F1xx_HAL_Driver/Src/stm32f1xx_hal_adc.o
                0x00000000080017ea                HAL_ADC_ConvCpltCallback
 .text.HAL_ADC_LevelOutOfWindowCallback
                0x00000000080017fc       0x12 ./Drivers/STM32F1xx_HAL_Driver/Src/stm32f1xx_hal_adc.o
                0x00000000080017fc                HAL_ADC_LevelOutOfWindowCallback
 *fill*         0x000000000800180e        0x2 
 .text.HAL_ADC_ConfigChannel
                0x0000000008001810      0x1f0 ./Drivers/STM32F1xx_HAL_Driver/Src/stm32f1xx_hal_adc.o
                0x0000000008001810                HAL_ADC_ConfigChannel
 .text.ADC_Enable
                0x0000000008001a00       0xb4 ./Drivers/STM32F1xx_HAL_Driver/Src/stm32f1xx_hal_adc.o
                0x0000000008001a00                ADC_Enable
 .text.ADC_ConversionStop_Disable
                0x0000000008001ab4       0x82 ./Drivers/STM32F1xx_HAL_Driver/Src/stm32f1xx_hal_adc.o
                0x0000000008001ab4                ADC_ConversionStop_Disable
 .text.HAL_ADCEx_InjectedConvCpltCallback
                0x0000000008001b36       0x12 ./Drivers/STM32F1xx_HAL_Driver/Src/stm32f1xx_hal_adc_ex.o
                0x0000000008001b36                HAL_ADCEx_InjectedConvCpltCallback
 .text.__NVIC_SetPriorityGrouping
                0x0000000008001b48       0x48 ./Drivers/STM32F1xx_HAL_Driver/Src/stm32f1xx_hal_cortex.o
 .text.__NVIC_GetPriorityGrouping
                0x0000000008001b90       0x1c ./Drivers/STM32F1xx_HAL_Driver/Src/stm32f1xx_hal_cortex.o
 .text.__NVIC_EnableIRQ
                0x0000000008001bac       0x38 ./Drivers/STM32F1xx_HAL_Driver/Src/stm32f1xx_hal_cortex.o
 .text.__NVIC_SetPriority
                0x0000000008001be4       0x54 ./Drivers/STM32F1xx_HAL_Driver/Src/stm32f1xx_hal_cortex.o
 .text.NVIC_EncodePriority
                0x0000000008001c38       0x64 ./Drivers/STM32F1xx_HAL_Driver/Src/stm32f1xx_hal_cortex.o
 .text.SysTick_Config
                0x0000000008001c9c       0x44 ./Drivers/STM32F1xx_HAL_Driver/Src/stm32f1xx_hal_cortex.o
 .text.HAL_NVIC_SetPriorityGrouping
                0x0000000008001ce0       0x16 ./Drivers/STM32F1xx_HAL_Driver/Src/stm32f1xx_hal_cortex.o
                0x0000000008001ce0                HAL_NVIC_SetPriorityGrouping
 .text.HAL_NVIC_SetPriority
                0x0000000008001cf6       0x38 ./Drivers/STM32F1xx_HAL_Driver/Src/stm32f1xx_hal_cortex.o
                0x0000000008001cf6                HAL_NVIC_SetPriority
 .text.HAL_NVIC_EnableIRQ
                0x0000000008001d2e       0x1c ./Drivers/STM32F1xx_HAL_Driver/Src/stm32f1xx_hal_cortex.o
                0x0000000008001d2e                HAL_NVIC_EnableIRQ
 .text.HAL_SYSTICK_Config
                0x0000000008001d4a       0x18 ./Drivers/STM32F1xx_HAL_Driver/Src/stm32f1xx_hal_cortex.o
                0x0000000008001d4a                HAL_SYSTICK_Config
 *fill*         0x0000000008001d62        0x2 
 .text.HAL_DMA_Abort_IT
                0x0000000008001d64       0xec ./Drivers/STM32F1xx_HAL_Driver/Src/stm32f1xx_hal_dma.o
                0x0000000008001d64                HAL_DMA_Abort_IT
 .text.HAL_GPIO_Init
                0x0000000008001e50      0x308 ./Drivers/STM32F1xx_HAL_Driver/Src/stm32f1xx_hal_gpio.o
                0x0000000008001e50                HAL_GPIO_Init
 .text.HAL_GPIO_ReadPin
                0x0000000008002158       0x2e ./Drivers/STM32F1xx_HAL_Driver/Src/stm32f1xx_hal_gpio.o
                0x0000000008002158                HAL_GPIO_ReadPin
 .text.HAL_GPIO_WritePin
                0x0000000008002186       0x30 ./Drivers/STM32F1xx_HAL_Driver/Src/stm32f1xx_hal_gpio.o
                0x0000000008002186                HAL_GPIO_WritePin
 *fill*         0x00000000080021b6        0x2 
 .text.HAL_GPIO_EXTI_IRQHandler
                0x00000000080021b8       0x30 ./Drivers/STM32F1xx_HAL_Driver/Src/stm32f1xx_hal_gpio.o
                0x00000000080021b8                HAL_GPIO_EXTI_IRQHandler
 .text.HAL_RCC_OscConfig
                0x00000000080021e8      0x504 ./Drivers/STM32F1xx_HAL_Driver/Src/stm32f1xx_hal_rcc.o
                0x00000000080021e8                HAL_RCC_OscConfig
 .text.HAL_RCC_ClockConfig
                0x00000000080026ec      0x1d4 ./Drivers/STM32F1xx_HAL_Driver/Src/stm32f1xx_hal_rcc.o
                0x00000000080026ec                HAL_RCC_ClockConfig
 .text.HAL_RCC_GetSysClockFreq
                0x00000000080028c0       0xbc ./Drivers/STM32F1xx_HAL_Driver/Src/stm32f1xx_hal_rcc.o
                0x00000000080028c0                HAL_RCC_GetSysClockFreq
 .text.HAL_RCC_GetHCLKFreq
                0x000000000800297c       0x14 ./Drivers/STM32F1xx_HAL_Driver/Src/stm32f1xx_hal_rcc.o
                0x000000000800297c                HAL_RCC_GetHCLKFreq
 .text.HAL_RCC_GetPCLK1Freq
                0x0000000008002990       0x28 ./Drivers/STM32F1xx_HAL_Driver/Src/stm32f1xx_hal_rcc.o
                0x0000000008002990                HAL_RCC_GetPCLK1Freq
 .text.HAL_RCC_GetPCLK2Freq
                0x00000000080029b8       0x28 ./Drivers/STM32F1xx_HAL_Driver/Src/stm32f1xx_hal_rcc.o
                0x00000000080029b8                HAL_RCC_GetPCLK2Freq
 .text.RCC_Delay
                0x00000000080029e0       0x3c ./Drivers/STM32F1xx_HAL_Driver/Src/stm32f1xx_hal_rcc.o
 .text.HAL_RCCEx_PeriphCLKConfig
                0x0000000008002a1c      0x16c ./Drivers/STM32F1xx_HAL_Driver/Src/stm32f1xx_hal_rcc_ex.o
                0x0000000008002a1c                HAL_RCCEx_PeriphCLKConfig
 .text.HAL_RCCEx_GetPeriphCLKFreq
                0x0000000008002b88      0x180 ./Drivers/STM32F1xx_HAL_Driver/Src/stm32f1xx_hal_rcc_ex.o
                0x0000000008002b88                HAL_RCCEx_GetPeriphCLKFreq
 .text.HAL_SPI_Init
                0x0000000008002d08      0x108 ./Drivers/STM32F1xx_HAL_Driver/Src/stm32f1xx_hal_spi.o
                0x0000000008002d08                HAL_SPI_Init
 .text.HAL_SPI_Transmit
                0x0000000008002e10      0x278 ./Drivers/STM32F1xx_HAL_Driver/Src/stm32f1xx_hal_spi.o
                0x0000000008002e10                HAL_SPI_Transmit
 .text.HAL_SPI_Receive
                0x0000000008003088      0x222 ./Drivers/STM32F1xx_HAL_Driver/Src/stm32f1xx_hal_spi.o
                0x0000000008003088                HAL_SPI_Receive
 .text.HAL_SPI_TransmitReceive
                0x00000000080032aa      0x344 ./Drivers/STM32F1xx_HAL_Driver/Src/stm32f1xx_hal_spi.o
                0x00000000080032aa                HAL_SPI_TransmitReceive
 *fill*         0x00000000080035ee        0x2 
 .text.HAL_SPI_TransmitReceive_IT
                0x00000000080035f0      0x128 ./Drivers/STM32F1xx_HAL_Driver/Src/stm32f1xx_hal_spi.o
                0x00000000080035f0                HAL_SPI_TransmitReceive_IT
 .text.HAL_SPI_IRQHandler
                0x0000000008003718      0x1cc ./Drivers/STM32F1xx_HAL_Driver/Src/stm32f1xx_hal_spi.o
                0x0000000008003718                HAL_SPI_IRQHandler
 .text.HAL_SPI_RxCpltCallback
                0x00000000080038e4       0x12 ./Drivers/STM32F1xx_HAL_Driver/Src/stm32f1xx_hal_spi.o
                0x00000000080038e4                HAL_SPI_RxCpltCallback
 .text.HAL_SPI_ErrorCallback
                0x00000000080038f6       0x12 ./Drivers/STM32F1xx_HAL_Driver/Src/stm32f1xx_hal_spi.o
                0x00000000080038f6                HAL_SPI_ErrorCallback
 .text.SPI_DMAAbortOnError
                0x0000000008003908       0x28 ./Drivers/STM32F1xx_HAL_Driver/Src/stm32f1xx_hal_spi.o
 .text.SPI_2linesRxISR_8BIT
                0x0000000008003930       0x64 ./Drivers/STM32F1xx_HAL_Driver/Src/stm32f1xx_hal_spi.o
 .text.SPI_2linesTxISR_8BIT
                0x0000000008003994       0x60 ./Drivers/STM32F1xx_HAL_Driver/Src/stm32f1xx_hal_spi.o
 .text.SPI_2linesRxISR_16BIT
                0x00000000080039f4       0x60 ./Drivers/STM32F1xx_HAL_Driver/Src/stm32f1xx_hal_spi.o
 .text.SPI_2linesTxISR_16BIT
                0x0000000008003a54       0x5e ./Drivers/STM32F1xx_HAL_Driver/Src/stm32f1xx_hal_spi.o
 *fill*         0x0000000008003ab2        0x2 
 .text.SPI_WaitFlagStateUntilTimeout
                0x0000000008003ab4      0x110 ./Drivers/STM32F1xx_HAL_Driver/Src/stm32f1xx_hal_spi.o
 .text.SPI_EndRxTransaction
                0x0000000008003bc4       0xa4 ./Drivers/STM32F1xx_HAL_Driver/Src/stm32f1xx_hal_spi.o
 .text.SPI_EndRxTxTransaction
                0x0000000008003c68       0x3c ./Drivers/STM32F1xx_HAL_Driver/Src/stm32f1xx_hal_spi.o
 .text.SPI_CloseRxTx_ISR
                0x0000000008003ca4       0xe8 ./Drivers/STM32F1xx_HAL_Driver/Src/stm32f1xx_hal_spi.o
 .text.HAL_TIM_Base_Init
                0x0000000008003d8c       0x9e ./Drivers/STM32F1xx_HAL_Driver/Src/stm32f1xx_hal_tim.o
                0x0000000008003d8c                HAL_TIM_Base_Init
 *fill*         0x0000000008003e2a        0x2 
 .text.HAL_TIM_Base_Start
                0x0000000008003e2c       0x94 ./Drivers/STM32F1xx_HAL_Driver/Src/stm32f1xx_hal_tim.o
                0x0000000008003e2c                HAL_TIM_Base_Start
 .text.HAL_TIM_ConfigClockSource
                0x0000000008003ec0      0x188 ./Drivers/STM32F1xx_HAL_Driver/Src/stm32f1xx_hal_tim.o
                0x0000000008003ec0                HAL_TIM_ConfigClockSource
 .text.TIM_Base_SetConfig
                0x0000000008004048       0xc4 ./Drivers/STM32F1xx_HAL_Driver/Src/stm32f1xx_hal_tim.o
                0x0000000008004048                TIM_Base_SetConfig
 .text.TIM_TI1_ConfigInputStage
                0x000000000800410c       0x5c ./Drivers/STM32F1xx_HAL_Driver/Src/stm32f1xx_hal_tim.o
 .text.TIM_TI2_ConfigInputStage
                0x0000000008004168       0x5e ./Drivers/STM32F1xx_HAL_Driver/Src/stm32f1xx_hal_tim.o
 .text.TIM_ITRx_SetConfig
                0x00000000080041c6       0x34 ./Drivers/STM32F1xx_HAL_Driver/Src/stm32f1xx_hal_tim.o
 .text.TIM_ETR_SetConfig
                0x00000000080041fa       0x3e ./Drivers/STM32F1xx_HAL_Driver/Src/stm32f1xx_hal_tim.o
                0x00000000080041fa                TIM_ETR_SetConfig
 .text.HAL_TIMEx_MasterConfigSynchronization
                0x0000000008004238       0xbc ./Drivers/STM32F1xx_HAL_Driver/Src/stm32f1xx_hal_tim_ex.o
                0x0000000008004238                HAL_TIMEx_MasterConfigSynchronization
 .text.HAL_UART_Init
                0x00000000080042f4       0x9a ./Drivers/STM32F1xx_HAL_Driver/Src/stm32f1xx_hal_uart.o
                0x00000000080042f4                HAL_UART_Init
 .text.HAL_UART_Transmit
                0x000000000800438e      0x124 ./Drivers/STM32F1xx_HAL_Driver/Src/stm32f1xx_hal_uart.o
                0x000000000800438e                HAL_UART_Transmit
 .text.UART_WaitOnFlagUntilTimeout
                0x00000000080044b2       0x94 ./Drivers/STM32F1xx_HAL_Driver/Src/stm32f1xx_hal_uart.o
 *fill*         0x0000000008004546        0x2 
 .text.UART_SetConfig
                0x0000000008004548      0x11c ./Drivers/STM32F1xx_HAL_Driver/Src/stm32f1xx_hal_uart.o
 .text.SPI1_Send
                0x0000000008004664       0x28 ./Drivers/W25Q/w25q_spi.o
                0x0000000008004664                SPI1_Send
 .text.SPI1_Recv
                0x000000000800468c       0x28 ./Drivers/W25Q/w25q_spi.o
                0x000000000800468c                SPI1_Recv
 .text.W25_Reset
                0x00000000080046b4       0x38 ./Drivers/W25Q/w25q_spi.o
                0x00000000080046b4                W25_Reset
 .text.W25_Read_ID
                0x00000000080046ec       0x50 ./Drivers/W25Q/w25q_spi.o
                0x00000000080046ec                W25_Read_ID
 .text.W25_Ini  0x000000000800473c      0x34c ./Drivers/W25Q/w25q_spi.o
                0x000000000800473c                W25_Ini
 .text.__errno  0x0000000008004a88        0xc c:/program files/stmicroelectronics/stm32cubeide_1.12.0/stm32cubeide/plugins/com.st.stm32cube.ide.mcu.externaltools.gnu-tools-for-stm32.10.3-2021.10.win32_1.0.200.202301161003/tools/bin/../lib/gcc/arm-none-eabi/10.3.1/../../../../arm-none-eabi/lib/thumb/v7-m/nofp\libc_nano.a(lib_a-errno.o)
                0x0000000008004a88                __errno
 .text.__libc_init_array
                0x0000000008004a94       0x48 c:/program files/stmicroelectronics/stm32cubeide_1.12.0/stm32cubeide/plugins/com.st.stm32cube.ide.mcu.externaltools.gnu-tools-for-stm32.10.3-2021.10.win32_1.0.200.202301161003/tools/bin/../lib/gcc/arm-none-eabi/10.3.1/../../../../arm-none-eabi/lib/thumb/v7-m/nofp\libc_nano.a(lib_a-init.o)
                0x0000000008004a94                __libc_init_array
 .text.memcpy   0x0000000008004adc       0x1c c:/program files/stmicroelectronics/stm32cubeide_1.12.0/stm32cubeide/plugins/com.st.stm32cube.ide.mcu.externaltools.gnu-tools-for-stm32.10.3-2021.10.win32_1.0.200.202301161003/tools/bin/../lib/gcc/arm-none-eabi/10.3.1/../../../../arm-none-eabi/lib/thumb/v7-m/nofp\libc_nano.a(lib_a-memcpy-stub.o)
                0x0000000008004adc                memcpy
 .text.memset   0x0000000008004af8       0x10 c:/program files/stmicroelectronics/stm32cubeide_1.12.0/stm32cubeide/plugins/com.st.stm32cube.ide.mcu.externaltools.gnu-tools-for-stm32.10.3-2021.10.win32_1.0.200.202301161003/tools/bin/../lib/gcc/arm-none-eabi/10.3.1/../../../../arm-none-eabi/lib/thumb/v7-m/nofp\libc_nano.a(lib_a-memset.o)
                0x0000000008004af8                memset
 .text.sprintf  0x0000000008004b08       0x40 c:/program files/stmicroelectronics/stm32cubeide_1.12.0/stm32cubeide/plugins/com.st.stm32cube.ide.mcu.externaltools.gnu-tools-for-stm32.10.3-2021.10.win32_1.0.200.202301161003/tools/bin/../lib/gcc/arm-none-eabi/10.3.1/../../../../arm-none-eabi/lib/thumb/v7-m/nofp\libc_nano.a(lib_a-sprintf.o)
                0x0000000008004b08                siprintf
                0x0000000008004b08                sprintf
 .text.__ssputs_r
                0x0000000008004b48       0xb6 c:/program files/stmicroelectronics/stm32cubeide_1.12.0/stm32cubeide/plugins/com.st.stm32cube.ide.mcu.externaltools.gnu-tools-for-stm32.10.3-2021.10.win32_1.0.200.202301161003/tools/bin/../lib/gcc/arm-none-eabi/10.3.1/../../../../arm-none-eabi/lib/thumb/v7-m/nofp\libc_nano.a(lib_a-nano-svfprintf.o)
                0x0000000008004b48                __ssputs_r
 *fill*         0x0000000008004bfe        0x2 
 .text._svfprintf_r
                0x0000000008004c00      0x200 c:/program files/stmicroelectronics/stm32cubeide_1.12.0/stm32cubeide/plugins/com.st.stm32cube.ide.mcu.externaltools.gnu-tools-for-stm32.10.3-2021.10.win32_1.0.200.202301161003/tools/bin/../lib/gcc/arm-none-eabi/10.3.1/../../../../arm-none-eabi/lib/thumb/v7-m/nofp\libc_nano.a(lib_a-nano-svfprintf.o)
                0x0000000008004c00                _svfiprintf_r
                0x0000000008004c00                _svfprintf_r
 .text._printf_common
                0x0000000008004e00       0xde c:/program files/stmicroelectronics/stm32cubeide_1.12.0/stm32cubeide/plugins/com.st.stm32cube.ide.mcu.externaltools.gnu-tools-for-stm32.10.3-2021.10.win32_1.0.200.202301161003/tools/bin/../lib/gcc/arm-none-eabi/10.3.1/../../../../arm-none-eabi/lib/thumb/v7-m/nofp\libc_nano.a(lib_a-nano-vfprintf_i.o)
                0x0000000008004e00                _printf_common
 *fill*         0x0000000008004ede        0x2 
 .text._printf_i
                0x0000000008004ee0      0x24c c:/program files/stmicroelectronics/stm32cubeide_1.12.0/stm32cubeide/plugins/com.st.stm32cube.ide.mcu.externaltools.gnu-tools-for-stm32.10.3-2021.10.win32_1.0.200.202301161003/tools/bin/../lib/gcc/arm-none-eabi/10.3.1/../../../../arm-none-eabi/lib/thumb/v7-m/nofp\libc_nano.a(lib_a-nano-vfprintf_i.o)
                0x0000000008004ee0                _printf_i
 .text.memchr   0x000000000800512c       0x1c c:/program files/stmicroelectronics/stm32cubeide_1.12.0/stm32cubeide/plugins/com.st.stm32cube.ide.mcu.externaltools.gnu-tools-for-stm32.10.3-2021.10.win32_1.0.200.202301161003/tools/bin/../lib/gcc/arm-none-eabi/10.3.1/../../../../arm-none-eabi/lib/thumb/v7-m/nofp\libc_nano.a(lib_a-memchr-stub.o)
                0x000000000800512c                memchr
 .text.memmove  0x0000000008005148       0x34 c:/program files/stmicroelectronics/stm32cubeide_1.12.0/stm32cubeide/plugins/com.st.stm32cube.ide.mcu.externaltools.gnu-tools-for-stm32.10.3-2021.10.win32_1.0.200.202301161003/tools/bin/../lib/gcc/arm-none-eabi/10.3.1/../../../../arm-none-eabi/lib/thumb/v7-m/nofp\libc_nano.a(lib_a-memmove.o)
                0x0000000008005148                memmove
 .text._free_r  0x000000000800517c       0x90 c:/program files/stmicroelectronics/stm32cubeide_1.12.0/stm32cubeide/plugins/com.st.stm32cube.ide.mcu.externaltools.gnu-tools-for-stm32.10.3-2021.10.win32_1.0.200.202301161003/tools/bin/../lib/gcc/arm-none-eabi/10.3.1/../../../../arm-none-eabi/lib/thumb/v7-m/nofp\libc_nano.a(lib_a-nano-freer.o)
                0x000000000800517c                _free_r
 .text.sbrk_aligned
                0x000000000800520c       0x40 c:/program files/stmicroelectronics/stm32cubeide_1.12.0/stm32cubeide/plugins/com.st.stm32cube.ide.mcu.externaltools.gnu-tools-for-stm32.10.3-2021.10.win32_1.0.200.202301161003/tools/bin/../lib/gcc/arm-none-eabi/10.3.1/../../../../arm-none-eabi/lib/thumb/v7-m/nofp\libc_nano.a(lib_a-nano-mallocr.o)
 .text._malloc_r
                0x000000000800524c       0xe8 c:/program files/stmicroelectronics/stm32cubeide_1.12.0/stm32cubeide/plugins/com.st.stm32cube.ide.mcu.externaltools.gnu-tools-for-stm32.10.3-2021.10.win32_1.0.200.202301161003/tools/bin/../lib/gcc/arm-none-eabi/10.3.1/../../../../arm-none-eabi/lib/thumb/v7-m/nofp\libc_nano.a(lib_a-nano-mallocr.o)
                0x000000000800524c                _malloc_r
 .text._realloc_r
                0x0000000008005334       0x5e c:/program files/stmicroelectronics/stm32cubeide_1.12.0/stm32cubeide/plugins/com.st.stm32cube.ide.mcu.externaltools.gnu-tools-for-stm32.10.3-2021.10.win32_1.0.200.202301161003/tools/bin/../lib/gcc/arm-none-eabi/10.3.1/../../../../arm-none-eabi/lib/thumb/v7-m/nofp\libc_nano.a(lib_a-nano-reallocr.o)
                0x0000000008005334                _realloc_r
 *fill*         0x0000000008005392        0x2 
 .text._sbrk_r  0x0000000008005394       0x20 c:/program files/stmicroelectronics/stm32cubeide_1.12.0/stm32cubeide/plugins/com.st.stm32cube.ide.mcu.externaltools.gnu-tools-for-stm32.10.3-2021.10.win32_1.0.200.202301161003/tools/bin/../lib/gcc/arm-none-eabi/10.3.1/../../../../arm-none-eabi/lib/thumb/v7-m/nofp\libc_nano.a(lib_a-sbrkr.o)
                0x0000000008005394                _sbrk_r
 .text.__malloc_lock
                0x00000000080053b4        0xc c:/program files/stmicroelectronics/stm32cubeide_1.12.0/stm32cubeide/plugins/com.st.stm32cube.ide.mcu.externaltools.gnu-tools-for-stm32.10.3-2021.10.win32_1.0.200.202301161003/tools/bin/../lib/gcc/arm-none-eabi/10.3.1/../../../../arm-none-eabi/lib/thumb/v7-m/nofp\libc_nano.a(lib_a-mlock.o)
                0x00000000080053b4                __malloc_lock
 .text.__malloc_unlock
                0x00000000080053c0        0xc c:/program files/stmicroelectronics/stm32cubeide_1.12.0/stm32cubeide/plugins/com.st.stm32cube.ide.mcu.externaltools.gnu-tools-for-stm32.10.3-2021.10.win32_1.0.200.202301161003/tools/bin/../lib/gcc/arm-none-eabi/10.3.1/../../../../arm-none-eabi/lib/thumb/v7-m/nofp\libc_nano.a(lib_a-mlock.o)
                0x00000000080053c0                __malloc_unlock
 .text._malloc_usable_size_r
                0x00000000080053cc       0x10 c:/program files/stmicroelectronics/stm32cubeide_1.12.0/stm32cubeide/plugins/com.st.stm32cube.ide.mcu.externaltools.gnu-tools-for-stm32.10.3-2021.10.win32_1.0.200.202301161003/tools/bin/../lib/gcc/arm-none-eabi/10.3.1/../../../../arm-none-eabi/lib/thumb/v7-m/nofp\libc_nano.a(lib_a-nano-msizer.o)
                0x00000000080053cc                _malloc_usable_size_r
 .text.__retarget_lock_acquire_recursive
                0x00000000080053dc        0x2 c:/program files/stmicroelectronics/stm32cubeide_1.12.0/stm32cubeide/plugins/com.st.stm32cube.ide.mcu.externaltools.gnu-tools-for-stm32.10.3-2021.10.win32_1.0.200.202301161003/tools/bin/../lib/gcc/arm-none-eabi/10.3.1/../../../../arm-none-eabi/lib/thumb/v7-m/nofp\libc_nano.a(lib_a-lock.o)
                0x00000000080053dc                __retarget_lock_acquire_recursive
 .text.__retarget_lock_release_recursive
                0x00000000080053de        0x2 c:/program files/stmicroelectronics/stm32cubeide_1.12.0/stm32cubeide/plugins/com.st.stm32cube.ide.mcu.externaltools.gnu-tools-for-stm32.10.3-2021.10.win32_1.0.200.202301161003/tools/bin/../lib/gcc/arm-none-eabi/10.3.1/../../../../arm-none-eabi/lib/thumb/v7-m/nofp\libc_nano.a(lib_a-lock.o)
                0x00000000080053de                __retarget_lock_release_recursive
 *(.glue_7)
 .glue_7        0x00000000080053e0        0x0 linker stubs
 *(.glue_7t)
 .glue_7t       0x00000000080053e0        0x0 linker stubs
 *(.eh_frame)
 .eh_frame      0x00000000080053e0        0x0 c:/program files/stmicroelectronics/stm32cubeide_1.12.0/stm32cubeide/plugins/com.st.stm32cube.ide.mcu.externaltools.gnu-tools-for-stm32.10.3-2021.10.win32_1.0.200.202301161003/tools/bin/../lib/gcc/arm-none-eabi/10.3.1/thumb/v7-m/nofp/crtbegin.o
 *(.init)
 .init          0x00000000080053e0        0x4 c:/program files/stmicroelectronics/stm32cubeide_1.12.0/stm32cubeide/plugins/com.st.stm32cube.ide.mcu.externaltools.gnu-tools-for-stm32.10.3-2021.10.win32_1.0.200.202301161003/tools/bin/../lib/gcc/arm-none-eabi/10.3.1/thumb/v7-m/nofp/crti.o
                0x00000000080053e0                _init
 .init          0x00000000080053e4        0x8 c:/program files/stmicroelectronics/stm32cubeide_1.12.0/stm32cubeide/plugins/com.st.stm32cube.ide.mcu.externaltools.gnu-tools-for-stm32.10.3-2021.10.win32_1.0.200.202301161003/tools/bin/../lib/gcc/arm-none-eabi/10.3.1/thumb/v7-m/nofp/crtn.o
 *(.fini)
 .fini          0x00000000080053ec        0x4 c:/program files/stmicroelectronics/stm32cubeide_1.12.0/stm32cubeide/plugins/com.st.stm32cube.ide.mcu.externaltools.gnu-tools-for-stm32.10.3-2021.10.win32_1.0.200.202301161003/tools/bin/../lib/gcc/arm-none-eabi/10.3.1/thumb/v7-m/nofp/crti.o
                0x00000000080053ec                _fini
 .fini          0x00000000080053f0        0x8 c:/program files/stmicroelectronics/stm32cubeide_1.12.0/stm32cubeide/plugins/com.st.stm32cube.ide.mcu.externaltools.gnu-tools-for-stm32.10.3-2021.10.win32_1.0.200.202301161003/tools/bin/../lib/gcc/arm-none-eabi/10.3.1/thumb/v7-m/nofp/crtn.o
                0x00000000080053f8                . = ALIGN (0x4)
                0x00000000080053f8                _etext = .

.vfp11_veneer   0x00000000080053f8        0x0
 .vfp11_veneer  0x00000000080053f8        0x0 linker stubs

.v4_bx          0x00000000080053f8        0x0
 .v4_bx         0x00000000080053f8        0x0 linker stubs

.iplt           0x00000000080053f8        0x0
 .iplt          0x00000000080053f8        0x0 c:/program files/stmicroelectronics/stm32cubeide_1.12.0/stm32cubeide/plugins/com.st.stm32cube.ide.mcu.externaltools.gnu-tools-for-stm32.10.3-2021.10.win32_1.0.200.202301161003/tools/bin/../lib/gcc/arm-none-eabi/10.3.1/thumb/v7-m/nofp/crtbegin.o

.rodata         0x00000000080053f8      0x7a8
                0x00000000080053f8                . = ALIGN (0x4)
 *(.rodata)
 .rodata        0x00000000080053f8       0x10 ./Drivers/STM32F1xx_HAL_Driver/Src/stm32f1xx_hal_rcc.o
 .rodata        0x0000000008005408       0x10 ./Drivers/STM32F1xx_HAL_Driver/Src/stm32f1xx_hal_rcc_ex.o
 .rodata        0x0000000008005418      0x33a ./Drivers/W25Q/w25q_spi.o
 *(.rodata*)
 *fill*         0x0000000008005752        0x2 
 .rodata.crc32_table
                0x0000000008005754      0x400 ./Core/Src/protocol_parser.o
                0x0000000008005754                crc32_table
 .rodata.AHBPrescTable
                0x0000000008005b54       0x10 ./Core/Src/system_stm32f1xx.o
                0x0000000008005b54                AHBPrescTable
 .rodata.APBPrescTable
                0x0000000008005b64        0x8 ./Core/Src/system_stm32f1xx.o
                0x0000000008005b64                APBPrescTable
 .rodata._svfprintf_r.str1.1
                0x0000000008005b6c       0x11 c:/program files/stmicroelectronics/stm32cubeide_1.12.0/stm32cubeide/plugins/com.st.stm32cube.ide.mcu.externaltools.gnu-tools-for-stm32.10.3-2021.10.win32_1.0.200.202301161003/tools/bin/../lib/gcc/arm-none-eabi/10.3.1/../../../../arm-none-eabi/lib/thumb/v7-m/nofp\libc_nano.a(lib_a-nano-svfprintf.o)
 .rodata._printf_i.str1.1
                0x0000000008005b7d       0x22 c:/program files/stmicroelectronics/stm32cubeide_1.12.0/stm32cubeide/plugins/com.st.stm32cube.ide.mcu.externaltools.gnu-tools-for-stm32.10.3-2021.10.win32_1.0.200.202301161003/tools/bin/../lib/gcc/arm-none-eabi/10.3.1/../../../../arm-none-eabi/lib/thumb/v7-m/nofp\libc_nano.a(lib_a-nano-vfprintf_i.o)
                0x0000000008005ba0                . = ALIGN (0x4)
 *fill*         0x0000000008005b9f        0x1 

.rel.dyn        0x0000000008005ba0        0x0
 .rel.iplt      0x0000000008005ba0        0x0 c:/program files/stmicroelectronics/stm32cubeide_1.12.0/stm32cubeide/plugins/com.st.stm32cube.ide.mcu.externaltools.gnu-tools-for-stm32.10.3-2021.10.win32_1.0.200.202301161003/tools/bin/../lib/gcc/arm-none-eabi/10.3.1/thumb/v7-m/nofp/crtbegin.o

.ARM.extab      0x0000000008005ba0        0x0
                0x0000000008005ba0                . = ALIGN (0x4)
 *(.ARM.extab* .gnu.linkonce.armextab.*)
                0x0000000008005ba0                . = ALIGN (0x4)

.ARM            0x0000000008005ba0        0x0
                0x0000000008005ba0                . = ALIGN (0x4)
                0x0000000008005ba0                __exidx_start = .
 *(.ARM.exidx*)
                0x0000000008005ba0                __exidx_end = .
                0x0000000008005ba0                . = ALIGN (0x4)

.preinit_array  0x0000000008005ba0        0x0
                0x0000000008005ba0                . = ALIGN (0x4)
                0x0000000008005ba0                PROVIDE (__preinit_array_start = .)
 *(.preinit_array*)
                0x0000000008005ba0                PROVIDE (__preinit_array_end = .)
                0x0000000008005ba0                . = ALIGN (0x4)

.init_array     0x0000000008005ba0        0x4
                0x0000000008005ba0                . = ALIGN (0x4)
                0x0000000008005ba0                PROVIDE (__init_array_start = .)
 *(SORT_BY_NAME(.init_array.*))
 *(.init_array*)
 .init_array    0x0000000008005ba0        0x4 c:/program files/stmicroelectronics/stm32cubeide_1.12.0/stm32cubeide/plugins/com.st.stm32cube.ide.mcu.externaltools.gnu-tools-for-stm32.10.3-2021.10.win32_1.0.200.202301161003/tools/bin/../lib/gcc/arm-none-eabi/10.3.1/thumb/v7-m/nofp/crtbegin.o
                0x0000000008005ba4                PROVIDE (__init_array_end = .)
                0x0000000008005ba4                . = ALIGN (0x4)

.fini_array     0x0000000008005ba4        0x4
                0x0000000008005ba4                . = ALIGN (0x4)
                [!provide]                        PROVIDE (__fini_array_start = .)
 *(SORT_BY_NAME(.fini_array.*))
 *(.fini_array*)
 .fini_array    0x0000000008005ba4        0x4 c:/program files/stmicroelectronics/stm32cubeide_1.12.0/stm32cubeide/plugins/com.st.stm32cube.ide.mcu.externaltools.gnu-tools-for-stm32.10.3-2021.10.win32_1.0.200.202301161003/tools/bin/../lib/gcc/arm-none-eabi/10.3.1/thumb/v7-m/nofp/crtbegin.o
                [!provide]                        PROVIDE (__fini_array_end = .)
                0x0000000008005ba8                . = ALIGN (0x4)
                0x0000000008005ba8                _sidata = LOADADDR (.data)

.data           0x0000000020000000       0x70 load address 0x0000000008005ba8
                0x0000000020000000                . = ALIGN (0x4)
                0x0000000020000000                _sdata = .
 *(.data)
 *(.data*)
 .data.SystemCoreClock
                0x0000000020000000        0x4 ./Core/Src/system_stm32f1xx.o
                0x0000000020000000                SystemCoreClock
 .data.uwTickPrio
                0x0000000020000004        0x4 ./Drivers/STM32F1xx_HAL_Driver/Src/stm32f1xx_hal.o
                0x0000000020000004                uwTickPrio
 .data.uwTickFreq
                0x0000000020000008        0x1 ./Drivers/STM32F1xx_HAL_Driver/Src/stm32f1xx_hal.o
                0x0000000020000008                uwTickFreq
 *fill*         0x0000000020000009        0x3 
 .data._impure_ptr
                0x000000002000000c        0x4 c:/program files/stmicroelectronics/stm32cubeide_1.12.0/stm32cubeide/plugins/com.st.stm32cube.ide.mcu.externaltools.gnu-tools-for-stm32.10.3-2021.10.win32_1.0.200.202301161003/tools/bin/../lib/gcc/arm-none-eabi/10.3.1/../../../../arm-none-eabi/lib/thumb/v7-m/nofp\libc_nano.a(lib_a-impure.o)
                0x000000002000000c                _impure_ptr
 .data.impure_data
                0x0000000020000010       0x60 c:/program files/stmicroelectronics/stm32cubeide_1.12.0/stm32cubeide/plugins/com.st.stm32cube.ide.mcu.externaltools.gnu-tools-for-stm32.10.3-2021.10.win32_1.0.200.202301161003/tools/bin/../lib/gcc/arm-none-eabi/10.3.1/../../../../arm-none-eabi/lib/thumb/v7-m/nofp\libc_nano.a(lib_a-impure.o)
 *(.RamFunc)
 *(.RamFunc*)
                0x0000000020000070                . = ALIGN (0x4)
                0x0000000020000070                _edata = .

.igot.plt       0x0000000020000070        0x0 load address 0x0000000008005c18
 .igot.plt      0x0000000020000070        0x0 c:/program files/stmicroelectronics/stm32cubeide_1.12.0/stm32cubeide/plugins/com.st.stm32cube.ide.mcu.externaltools.gnu-tools-for-stm32.10.3-2021.10.win32_1.0.200.202301161003/tools/bin/../lib/gcc/arm-none-eabi/10.3.1/thumb/v7-m/nofp/crtbegin.o
                0x0000000020000070                . = ALIGN (0x4)

.bss            0x0000000020000070      0x93c load address 0x0000000008005c18
                0x0000000020000070                _sbss = .
                0x0000000020000070                __bss_start__ = _sbss
 *(.bss)
 .bss           0x0000000020000070       0x1c c:/program files/stmicroelectronics/stm32cubeide_1.12.0/stm32cubeide/plugins/com.st.stm32cube.ide.mcu.externaltools.gnu-tools-for-stm32.10.3-2021.10.win32_1.0.200.202301161003/tools/bin/../lib/gcc/arm-none-eabi/10.3.1/thumb/v7-m/nofp/crtbegin.o
 *(.bss*)
 .bss.spi_rx_complete
                0x000000002000008c        0x1 ./Core/Src/SPI_Connection.o
                0x000000002000008c                spi_rx_complete
 .bss.response_ready
                0x000000002000008d        0x1 ./Core/Src/SPI_Connection.o
                0x000000002000008d                response_ready
 .bss.spi_state
                0x000000002000008e        0x1 ./Core/Src/SPI_Connection.o
                0x000000002000008e                spi_state
 *fill*         0x000000002000008f        0x1 
 .bss.response_frame
                0x0000000020000090      0x108 ./Core/Src/SPI_Connection.o
                0x0000000020000090                response_frame
 .bss.safe_command_frame
                0x0000000020000198      0x108 ./Core/Src/SPI_Connection.o
                0x0000000020000198                safe_command_frame
 .bss.dummy_frame
                0x00000000200002a0      0x108 ./Core/Src/SPI_Connection.o
                0x00000000200002a0                dummy_frame
 .bss.trash_frame
                0x00000000200003a8      0x108 ./Core/Src/SPI_Connection.o
                0x00000000200003a8                trash_frame
 .bss.spi_tx_ptr
                0x00000000200004b0        0x4 ./Core/Src/SPI_Connection.o
                0x00000000200004b0                spi_tx_ptr
 .bss.spi_rx_ptr
                0x00000000200004b4        0x4 ./Core/Src/SPI_Connection.o
                0x00000000200004b4                spi_rx_ptr
 .bss.new_response_frame
                0x00000000200004b8        0x4 ./Core/Src/SPI_Connection.o
                0x00000000200004b8                new_response_frame
 .bss.wait_response_frame
                0x00000000200004bc      0x108 ./Core/Src/SPI_Connection.o
                0x00000000200004bc                wait_response_frame
 .bss.hadc1     0x00000000200005c4       0x30 ./Core/Src/main.o
                0x00000000200005c4                hadc1
 .bss.hspi1     0x00000000200005f4       0x58 ./Core/Src/main.o
                0x00000000200005f4                hspi1
 .bss.hspi2     0x000000002000064c       0x58 ./Core/Src/main.o
                0x000000002000064c                hspi2
 .bss.htim3     0x00000000200006a4       0x48 ./Core/Src/main.o
                0x00000000200006a4                htim3
 .bss.huart1    0x00000000200006ec       0x44 ./Core/Src/main.o
                0x00000000200006ec                huart1
 .bss.need_save
                0x0000000020000730        0x1 ./Core/Src/main.o
                0x0000000020000730                need_save
 *fill*         0x0000000020000731        0x1 
 .bss.buf_ptr   0x0000000020000732        0x2 ./Core/Src/main.o
                0x0000000020000732                buf_ptr
 .bss.res_buf   0x0000000020000734      0x100 ./Core/Src/main.o
                0x0000000020000734                res_buf
 .bss.response  0x0000000020000834      0x108 ./Core/Src/protocol_parser.o
                0x0000000020000834                response
 .bss.FSM_state
                0x000000002000093c        0x1 ./Core/Src/protocol_parser.o
                0x000000002000093c                FSM_state
 .bss.meas_data_ready
                0x000000002000093d        0x1 ./Core/Src/protocol_parser.o
                0x000000002000093d                meas_data_ready
 .bss.measurement_bytes_num
                0x000000002000093e        0x1 ./Core/Src/protocol_parser.o
                0x000000002000093e                measurement_bytes_num
 *fill*         0x000000002000093f        0x1 
 .bss.ADC_data  0x0000000020000940        0x2 ./Core/Src/stm32f1xx_it.o
                0x0000000020000940                ADC_data
 *fill*         0x0000000020000942        0x2 
 .bss.__sbrk_heap_end
                0x0000000020000944        0x4 ./Core/Src/sysmem.o
 .bss.uwTick    0x0000000020000948        0x4 ./Drivers/STM32F1xx_HAL_Driver/Src/stm32f1xx_hal.o
                0x0000000020000948                uwTick
 .bss.w25_info  0x000000002000094c       0x24 ./Drivers/W25Q/w25q_spi.o
                0x000000002000094c                w25_info
 .bss.str1      0x0000000020000970       0x1e ./Drivers/W25Q/w25q_spi.o
                0x0000000020000970                str1
 *fill*         0x000000002000098e        0x2 
 .bss.buf       0x0000000020000990        0xa ./Drivers/W25Q/w25q_spi.o
 *fill*         0x000000002000099a        0x2 
 .bss.__malloc_free_list
                0x000000002000099c        0x4 c:/program files/stmicroelectronics/stm32cubeide_1.12.0/stm32cubeide/plugins/com.st.stm32cube.ide.mcu.externaltools.gnu-tools-for-stm32.10.3-2021.10.win32_1.0.200.202301161003/tools/bin/../lib/gcc/arm-none-eabi/10.3.1/../../../../arm-none-eabi/lib/thumb/v7-m/nofp\libc_nano.a(lib_a-nano-mallocr.o)
                0x000000002000099c                __malloc_free_list
 .bss.__malloc_sbrk_start
                0x00000000200009a0        0x4 c:/program files/stmicroelectronics/stm32cubeide_1.12.0/stm32cubeide/plugins/com.st.stm32cube.ide.mcu.externaltools.gnu-tools-for-stm32.10.3-2021.10.win32_1.0.200.202301161003/tools/bin/../lib/gcc/arm-none-eabi/10.3.1/../../../../arm-none-eabi/lib/thumb/v7-m/nofp\libc_nano.a(lib_a-nano-mallocr.o)
                0x00000000200009a0                __malloc_sbrk_start
 .bss.errno     0x00000000200009a4        0x4 c:/program files/stmicroelectronics/stm32cubeide_1.12.0/stm32cubeide/plugins/com.st.stm32cube.ide.mcu.externaltools.gnu-tools-for-stm32.10.3-2021.10.win32_1.0.200.202301161003/tools/bin/../lib/gcc/arm-none-eabi/10.3.1/../../../../arm-none-eabi/lib/thumb/v7-m/nofp\libc_nano.a(lib_a-reent.o)
                0x00000000200009a4                errno
 .bss.__lock___malloc_recursive_mutex
                0x00000000200009a8        0x1 c:/program files/stmicroelectronics/stm32cubeide_1.12.0/stm32cubeide/plugins/com.st.stm32cube.ide.mcu.externaltools.gnu-tools-for-stm32.10.3-2021.10.win32_1.0.200.202301161003/tools/bin/../lib/gcc/arm-none-eabi/10.3.1/../../../../arm-none-eabi/lib/thumb/v7-m/nofp\libc_nano.a(lib_a-lock.o)
                0x00000000200009a8                __lock___malloc_recursive_mutex
 *(COMMON)
                0x00000000200009ac                . = ALIGN (0x4)
 *fill*         0x00000000200009a9        0x3 
                0x00000000200009ac                _ebss = .
                0x00000000200009ac                __bss_end__ = _ebss

._user_heap_stack
                0x00000000200009ac      0x604 load address 0x0000000008005c18
                0x00000000200009b0                . = ALIGN (0x8)
 *fill*         0x00000000200009ac        0x4 
                [!provide]                        PROVIDE (end = .)
                0x00000000200009b0                PROVIDE (_end = .)
                0x0000000020000bb0                . = (. + _Min_Heap_Size)
 *fill*         0x00000000200009b0      0x200 
                0x0000000020000fb0                . = (. + _Min_Stack_Size)
 *fill*         0x0000000020000bb0      0x400 
                0x0000000020000fb0                . = ALIGN (0x8)

/DISCARD/
 libc.a(*)
 libm.a(*)
 libgcc.a(*)

.ARM.attributes
                0x0000000000000000       0x29
 *(.ARM.attributes)
 .ARM.attributes
                0x0000000000000000       0x1d c:/program files/stmicroelectronics/stm32cubeide_1.12.0/stm32cubeide/plugins/com.st.stm32cube.ide.mcu.externaltools.gnu-tools-for-stm32.10.3-2021.10.win32_1.0.200.202301161003/tools/bin/../lib/gcc/arm-none-eabi/10.3.1/thumb/v7-m/nofp/crti.o
 .ARM.attributes
                0x000000000000001d       0x2d c:/program files/stmicroelectronics/stm32cubeide_1.12.0/stm32cubeide/plugins/com.st.stm32cube.ide.mcu.externaltools.gnu-tools-for-stm32.10.3-2021.10.win32_1.0.200.202301161003/tools/bin/../lib/gcc/arm-none-eabi/10.3.1/thumb/v7-m/nofp/crtbegin.o
 .ARM.attributes
                0x000000000000004a       0x2d ./Core/Src/SPI_Connection.o
 .ARM.attributes
                0x0000000000000077       0x2d ./Core/Src/main.o
 .ARM.attributes
                0x00000000000000a4       0x2d ./Core/Src/protocol_parser.o
 .ARM.attributes
                0x00000000000000d1       0x2d ./Core/Src/stm32f1xx_hal_msp.o
 .ARM.attributes
                0x00000000000000fe       0x2d ./Core/Src/stm32f1xx_it.o
 .ARM.attributes
                0x000000000000012b       0x2d ./Core/Src/sysmem.o
 .ARM.attributes
                0x0000000000000158       0x2d ./Core/Src/system_stm32f1xx.o
 .ARM.attributes
                0x0000000000000185       0x21 ./Core/Startup/startup_stm32f103cbtx.o
 .ARM.attributes
                0x00000000000001a6       0x2d ./Drivers/STM32F1xx_HAL_Driver/Src/stm32f1xx_hal.o
 .ARM.attributes
                0x00000000000001d3       0x2d ./Drivers/STM32F1xx_HAL_Driver/Src/stm32f1xx_hal_adc.o
 .ARM.attributes
                0x0000000000000200       0x2d ./Drivers/STM32F1xx_HAL_Driver/Src/stm32f1xx_hal_adc_ex.o
 .ARM.attributes
                0x000000000000022d       0x2d ./Drivers/STM32F1xx_HAL_Driver/Src/stm32f1xx_hal_cortex.o
 .ARM.attributes
                0x000000000000025a       0x2d ./Drivers/STM32F1xx_HAL_Driver/Src/stm32f1xx_hal_dma.o
 .ARM.attributes
                0x0000000000000287       0x2d ./Drivers/STM32F1xx_HAL_Driver/Src/stm32f1xx_hal_gpio.o
 .ARM.attributes
                0x00000000000002b4       0x2d ./Drivers/STM32F1xx_HAL_Driver/Src/stm32f1xx_hal_rcc.o
 .ARM.attributes
                0x00000000000002e1       0x2d ./Drivers/STM32F1xx_HAL_Driver/Src/stm32f1xx_hal_rcc_ex.o
 .ARM.attributes
                0x000000000000030e       0x2d ./Drivers/STM32F1xx_HAL_Driver/Src/stm32f1xx_hal_spi.o
 .ARM.attributes
                0x000000000000033b       0x2d ./Drivers/STM32F1xx_HAL_Driver/Src/stm32f1xx_hal_tim.o
 .ARM.attributes
                0x0000000000000368       0x2d ./Drivers/STM32F1xx_HAL_Driver/Src/stm32f1xx_hal_tim_ex.o
 .ARM.attributes
                0x0000000000000395       0x2d ./Drivers/STM32F1xx_HAL_Driver/Src/stm32f1xx_hal_uart.o
 .ARM.attributes
                0x00000000000003c2       0x2d ./Drivers/W25Q/w25q_spi.o
 .ARM.attributes
                0x00000000000003ef       0x2d c:/program files/stmicroelectronics/stm32cubeide_1.12.0/stm32cubeide/plugins/com.st.stm32cube.ide.mcu.externaltools.gnu-tools-for-stm32.10.3-2021.10.win32_1.0.200.202301161003/tools/bin/../lib/gcc/arm-none-eabi/10.3.1/../../../../arm-none-eabi/lib/thumb/v7-m/nofp\libc_nano.a(lib_a-errno.o)
 .ARM.attributes
                0x000000000000041c       0x2d c:/program files/stmicroelectronics/stm32cubeide_1.12.0/stm32cubeide/plugins/com.st.stm32cube.ide.mcu.externaltools.gnu-tools-for-stm32.10.3-2021.10.win32_1.0.200.202301161003/tools/bin/../lib/gcc/arm-none-eabi/10.3.1/../../../../arm-none-eabi/lib/thumb/v7-m/nofp\libc_nano.a(lib_a-impure.o)
 .ARM.attributes
                0x0000000000000449       0x2d c:/program files/stmicroelectronics/stm32cubeide_1.12.0/stm32cubeide/plugins/com.st.stm32cube.ide.mcu.externaltools.gnu-tools-for-stm32.10.3-2021.10.win32_1.0.200.202301161003/tools/bin/../lib/gcc/arm-none-eabi/10.3.1/../../../../arm-none-eabi/lib/thumb/v7-m/nofp\libc_nano.a(lib_a-init.o)
 .ARM.attributes
                0x0000000000000476       0x2d c:/program files/stmicroelectronics/stm32cubeide_1.12.0/stm32cubeide/plugins/com.st.stm32cube.ide.mcu.externaltools.gnu-tools-for-stm32.10.3-2021.10.win32_1.0.200.202301161003/tools/bin/../lib/gcc/arm-none-eabi/10.3.1/../../../../arm-none-eabi/lib/thumb/v7-m/nofp\libc_nano.a(lib_a-memcpy-stub.o)
 .ARM.attributes
                0x00000000000004a3       0x2d c:/program files/stmicroelectronics/stm32cubeide_1.12.0/stm32cubeide/plugins/com.st.stm32cube.ide.mcu.externaltools.gnu-tools-for-stm32.10.3-2021.10.win32_1.0.200.202301161003/tools/bin/../lib/gcc/arm-none-eabi/10.3.1/../../../../arm-none-eabi/lib/thumb/v7-m/nofp\libc_nano.a(lib_a-memset.o)
 .ARM.attributes
                0x00000000000004d0       0x2d c:/program files/stmicroelectronics/stm32cubeide_1.12.0/stm32cubeide/plugins/com.st.stm32cube.ide.mcu.externaltools.gnu-tools-for-stm32.10.3-2021.10.win32_1.0.200.202301161003/tools/bin/../lib/gcc/arm-none-eabi/10.3.1/../../../../arm-none-eabi/lib/thumb/v7-m/nofp\libc_nano.a(lib_a-sprintf.o)
 .ARM.attributes
                0x00000000000004fd       0x17 c:/program files/stmicroelectronics/stm32cubeide_1.12.0/stm32cubeide/plugins/com.st.stm32cube.ide.mcu.externaltools.gnu-tools-for-stm32.10.3-2021.10.win32_1.0.200.202301161003/tools/bin/../lib/gcc/arm-none-eabi/10.3.1/../../../../arm-none-eabi/lib/thumb/v7-m/nofp\libc_nano.a(lib_a-strlen.o)
 .ARM.attributes
                0x0000000000000514       0x2d c:/program files/stmicroelectronics/stm32cubeide_1.12.0/stm32cubeide/plugins/com.st.stm32cube.ide.mcu.externaltools.gnu-tools-for-stm32.10.3-2021.10.win32_1.0.200.202301161003/tools/bin/../lib/gcc/arm-none-eabi/10.3.1/../../../../arm-none-eabi/lib/thumb/v7-m/nofp\libc_nano.a(lib_a-nano-svfprintf.o)
 .ARM.attributes
                0x0000000000000541       0x2d c:/program files/stmicroelectronics/stm32cubeide_1.12.0/stm32cubeide/plugins/com.st.stm32cube.ide.mcu.externaltools.gnu-tools-for-stm32.10.3-2021.10.win32_1.0.200.202301161003/tools/bin/../lib/gcc/arm-none-eabi/10.3.1/../../../../arm-none-eabi/lib/thumb/v7-m/nofp\libc_nano.a(lib_a-nano-vfprintf_i.o)
 .ARM.attributes
                0x000000000000056e       0x2d c:/program files/stmicroelectronics/stm32cubeide_1.12.0/stm32cubeide/plugins/com.st.stm32cube.ide.mcu.externaltools.gnu-tools-for-stm32.10.3-2021.10.win32_1.0.200.202301161003/tools/bin/../lib/gcc/arm-none-eabi/10.3.1/../../../../arm-none-eabi/lib/thumb/v7-m/nofp\libc_nano.a(lib_a-memchr-stub.o)
 .ARM.attributes
                0x000000000000059b       0x2d c:/program files/stmicroelectronics/stm32cubeide_1.12.0/stm32cubeide/plugins/com.st.stm32cube.ide.mcu.externaltools.gnu-tools-for-stm32.10.3-2021.10.win32_1.0.200.202301161003/tools/bin/../lib/gcc/arm-none-eabi/10.3.1/../../../../arm-none-eabi/lib/thumb/v7-m/nofp\libc_nano.a(lib_a-memmove.o)
 .ARM.attributes
                0x00000000000005c8       0x2d c:/program files/stmicroelectronics/stm32cubeide_1.12.0/stm32cubeide/plugins/com.st.stm32cube.ide.mcu.externaltools.gnu-tools-for-stm32.10.3-2021.10.win32_1.0.200.202301161003/tools/bin/../lib/gcc/arm-none-eabi/10.3.1/../../../../arm-none-eabi/lib/thumb/v7-m/nofp\libc_nano.a(lib_a-nano-freer.o)
 .ARM.attributes
                0x00000000000005f5       0x2d c:/program files/stmicroelectronics/stm32cubeide_1.12.0/stm32cubeide/plugins/com.st.stm32cube.ide.mcu.externaltools.gnu-tools-for-stm32.10.3-2021.10.win32_1.0.200.202301161003/tools/bin/../lib/gcc/arm-none-eabi/10.3.1/../../../../arm-none-eabi/lib/thumb/v7-m/nofp\libc_nano.a(lib_a-nano-mallocr.o)
 .ARM.attributes
                0x0000000000000622       0x2d c:/program files/stmicroelectronics/stm32cubeide_1.12.0/stm32cubeide/plugins/com.st.stm32cube.ide.mcu.externaltools.gnu-tools-for-stm32.10.3-2021.10.win32_1.0.200.202301161003/tools/bin/../lib/gcc/arm-none-eabi/10.3.1/../../../../arm-none-eabi/lib/thumb/v7-m/nofp\libc_nano.a(lib_a-nano-reallocr.o)
 .ARM.attributes
                0x000000000000064f       0x2d c:/program files/stmicroelectronics/stm32cubeide_1.12.0/stm32cubeide/plugins/com.st.stm32cube.ide.mcu.externaltools.gnu-tools-for-stm32.10.3-2021.10.win32_1.0.200.202301161003/tools/bin/../lib/gcc/arm-none-eabi/10.3.1/../../../../arm-none-eabi/lib/thumb/v7-m/nofp\libc_nano.a(lib_a-sbrkr.o)
 .ARM.attributes
                0x000000000000067c       0x2d c:/program files/stmicroelectronics/stm32cubeide_1.12.0/stm32cubeide/plugins/com.st.stm32cube.ide.mcu.externaltools.gnu-tools-for-stm32.10.3-2021.10.win32_1.0.200.202301161003/tools/bin/../lib/gcc/arm-none-eabi/10.3.1/../../../../arm-none-eabi/lib/thumb/v7-m/nofp\libc_nano.a(lib_a-mlock.o)
 .ARM.attributes
                0x00000000000006a9       0x2d c:/program files/stmicroelectronics/stm32cubeide_1.12.0/stm32cubeide/plugins/com.st.stm32cube.ide.mcu.externaltools.gnu-tools-for-stm32.10.3-2021.10.win32_1.0.200.202301161003/tools/bin/../lib/gcc/arm-none-eabi/10.3.1/../../../../arm-none-eabi/lib/thumb/v7-m/nofp\libc_nano.a(lib_a-nano-msizer.o)
 .ARM.attributes
                0x00000000000006d6       0x2d c:/program files/stmicroelectronics/stm32cubeide_1.12.0/stm32cubeide/plugins/com.st.stm32cube.ide.mcu.externaltools.gnu-tools-for-stm32.10.3-2021.10.win32_1.0.200.202301161003/tools/bin/../lib/gcc/arm-none-eabi/10.3.1/../../../../arm-none-eabi/lib/thumb/v7-m/nofp\libc_nano.a(lib_a-reent.o)
 .ARM.attributes
                0x0000000000000703       0x2d c:/program files/stmicroelectronics/stm32cubeide_1.12.0/stm32cubeide/plugins/com.st.stm32cube.ide.mcu.externaltools.gnu-tools-for-stm32.10.3-2021.10.win32_1.0.200.202301161003/tools/bin/../lib/gcc/arm-none-eabi/10.3.1/../../../../arm-none-eabi/lib/thumb/v7-m/nofp\libc_nano.a(lib_a-lock.o)
 .ARM.attributes
                0x0000000000000730       0x1d c:/program files/stmicroelectronics/stm32cubeide_1.12.0/stm32cubeide/plugins/com.st.stm32cube.ide.mcu.externaltools.gnu-tools-for-stm32.10.3-2021.10.win32_1.0.200.202301161003/tools/bin/../lib/gcc/arm-none-eabi/10.3.1/thumb/v7-m/nofp/crtn.o
OUTPUT(termosensor.elf elf32-littlearm)
LOAD linker stubs
LOAD c:/program files/stmicroelectronics/stm32cubeide_1.12.0/stm32cubeide/plugins/com.st.stm32cube.ide.mcu.externaltools.gnu-tools-for-stm32.10.3-2021.10.win32_1.0.200.202301161003/tools/bin/../lib/gcc/arm-none-eabi/10.3.1/../../../../arm-none-eabi/lib/thumb/v7-m/nofp\libc.a
LOAD c:/program files/stmicroelectronics/stm32cubeide_1.12.0/stm32cubeide/plugins/com.st.stm32cube.ide.mcu.externaltools.gnu-tools-for-stm32.10.3-2021.10.win32_1.0.200.202301161003/tools/bin/../lib/gcc/arm-none-eabi/10.3.1/../../../../arm-none-eabi/lib/thumb/v7-m/nofp\libm.a
LOAD c:/program files/stmicroelectronics/stm32cubeide_1.12.0/stm32cubeide/plugins/com.st.stm32cube.ide.mcu.externaltools.gnu-tools-for-stm32.10.3-2021.10.win32_1.0.200.202301161003/tools/bin/../lib/gcc/arm-none-eabi/10.3.1/thumb/v7-m/nofp\libgcc.a

.debug_info     0x0000000000000000    0x10270
 .debug_info    0x0000000000000000      0x896 ./Core/Src/SPI_Connection.o
 .debug_info    0x0000000000000896     0x17a4 ./Core/Src/main.o
 .debug_info    0x000000000000203a      0x535 ./Core/Src/protocol_parser.o
 .debug_info    0x000000000000256f     0x1390 ./Core/Src/stm32f1xx_hal_msp.o
 .debug_info    0x00000000000038ff      0x94f ./Core/Src/stm32f1xx_it.o
 .debug_info    0x000000000000424e      0x171 ./Core/Src/sysmem.o
 .debug_info    0x00000000000043bf      0x23d ./Core/Src/system_stm32f1xx.o
 .debug_info    0x00000000000045fc       0x22 ./Core/Startup/startup_stm32f103cbtx.o
 .debug_info    0x000000000000461e      0x734 ./Drivers/STM32F1xx_HAL_Driver/Src/stm32f1xx_hal.o
 .debug_info    0x0000000000004d52      0xcd9 ./Drivers/STM32F1xx_HAL_Driver/Src/stm32f1xx_hal_adc.o
 .debug_info    0x0000000000005a2b      0xa8f ./Drivers/STM32F1xx_HAL_Driver/Src/stm32f1xx_hal_adc_ex.o
 .debug_info    0x00000000000064ba      0xb20 ./Drivers/STM32F1xx_HAL_Driver/Src/stm32f1xx_hal_cortex.o
 .debug_info    0x0000000000006fda      0x73f ./Drivers/STM32F1xx_HAL_Driver/Src/stm32f1xx_hal_dma.o
 .debug_info    0x0000000000007719      0x615 ./Drivers/STM32F1xx_HAL_Driver/Src/stm32f1xx_hal_gpio.o
 .debug_info    0x0000000000007d2e      0x860 ./Drivers/STM32F1xx_HAL_Driver/Src/stm32f1xx_hal_rcc.o
 .debug_info    0x000000000000858e      0x3e0 ./Drivers/STM32F1xx_HAL_Driver/Src/stm32f1xx_hal_rcc_ex.o
 .debug_info    0x000000000000896e     0x1658 ./Drivers/STM32F1xx_HAL_Driver/Src/stm32f1xx_hal_spi.o
 .debug_info    0x0000000000009fc6     0x29de ./Drivers/STM32F1xx_HAL_Driver/Src/stm32f1xx_hal_tim.o
 .debug_info    0x000000000000c9a4     0x1513 ./Drivers/STM32F1xx_HAL_Driver/Src/stm32f1xx_hal_tim_ex.o
 .debug_info    0x000000000000deb7     0x15d8 ./Drivers/STM32F1xx_HAL_Driver/Src/stm32f1xx_hal_uart.o
 .debug_info    0x000000000000f48f      0xde1 ./Drivers/W25Q/w25q_spi.o

.debug_abbrev   0x0000000000000000     0x2b1d
 .debug_abbrev  0x0000000000000000      0x234 ./Core/Src/SPI_Connection.o
 .debug_abbrev  0x0000000000000234      0x328 ./Core/Src/main.o
 .debug_abbrev  0x000000000000055c      0x243 ./Core/Src/protocol_parser.o
 .debug_abbrev  0x000000000000079f      0x21f ./Core/Src/stm32f1xx_hal_msp.o
 .debug_abbrev  0x00000000000009be      0x1f7 ./Core/Src/stm32f1xx_it.o
 .debug_abbrev  0x0000000000000bb5       0xbb ./Core/Src/sysmem.o
 .debug_abbrev  0x0000000000000c70      0x13b ./Core/Src/system_stm32f1xx.o
 .debug_abbrev  0x0000000000000dab       0x12 ./Core/Startup/startup_stm32f103cbtx.o
 .debug_abbrev  0x0000000000000dbd      0x1fb ./Drivers/STM32F1xx_HAL_Driver/Src/stm32f1xx_hal.o
 .debug_abbrev  0x0000000000000fb8      0x210 ./Drivers/STM32F1xx_HAL_Driver/Src/stm32f1xx_hal_adc.o
 .debug_abbrev  0x00000000000011c8      0x234 ./Drivers/STM32F1xx_HAL_Driver/Src/stm32f1xx_hal_adc_ex.o
 .debug_abbrev  0x00000000000013fc      0x2ed ./Drivers/STM32F1xx_HAL_Driver/Src/stm32f1xx_hal_cortex.o
 .debug_abbrev  0x00000000000016e9      0x1fe ./Drivers/STM32F1xx_HAL_Driver/Src/stm32f1xx_hal_dma.o
 .debug_abbrev  0x00000000000018e7      0x1bb ./Drivers/STM32F1xx_HAL_Driver/Src/stm32f1xx_hal_gpio.o
 .debug_abbrev  0x0000000000001aa2      0x2a8 ./Drivers/STM32F1xx_HAL_Driver/Src/stm32f1xx_hal_rcc.o
 .debug_abbrev  0x0000000000001d4a      0x182 ./Drivers/STM32F1xx_HAL_Driver/Src/stm32f1xx_hal_rcc_ex.o
 .debug_abbrev  0x0000000000001ecc      0x26e ./Drivers/STM32F1xx_HAL_Driver/Src/stm32f1xx_hal_spi.o
 .debug_abbrev  0x000000000000213a      0x25d ./Drivers/STM32F1xx_HAL_Driver/Src/stm32f1xx_hal_tim.o
 .debug_abbrev  0x0000000000002397      0x265 ./Drivers/STM32F1xx_HAL_Driver/Src/stm32f1xx_hal_tim_ex.o
 .debug_abbrev  0x00000000000025fc      0x278 ./Drivers/STM32F1xx_HAL_Driver/Src/stm32f1xx_hal_uart.o
 .debug_abbrev  0x0000000000002874      0x2a9 ./Drivers/W25Q/w25q_spi.o

.debug_aranges  0x0000000000000000     0x1100
 .debug_aranges
                0x0000000000000000       0x48 ./Core/Src/SPI_Connection.o
 .debug_aranges
                0x0000000000000048       0x78 ./Core/Src/main.o
 .debug_aranges
                0x00000000000000c0       0x68 ./Core/Src/protocol_parser.o
 .debug_aranges
                0x0000000000000128       0x60 ./Core/Src/stm32f1xx_hal_msp.o
 .debug_aranges
                0x0000000000000188       0x78 ./Core/Src/stm32f1xx_it.o
 .debug_aranges
                0x0000000000000200       0x20 ./Core/Src/sysmem.o
 .debug_aranges
                0x0000000000000220       0x28 ./Core/Src/system_stm32f1xx.o
 .debug_aranges
                0x0000000000000248       0x28 ./Core/Startup/startup_stm32f103cbtx.o
 .debug_aranges
                0x0000000000000270       0xe0 ./Drivers/STM32F1xx_HAL_Driver/Src/stm32f1xx_hal.o
 .debug_aranges
                0x0000000000000350       0xf0 ./Drivers/STM32F1xx_HAL_Driver/Src/stm32f1xx_hal_adc.o
 .debug_aranges
                0x0000000000000440       0x80 ./Drivers/STM32F1xx_HAL_Driver/Src/stm32f1xx_hal_adc_ex.o
 .debug_aranges
                0x00000000000004c0      0x100 ./Drivers/STM32F1xx_HAL_Driver/Src/stm32f1xx_hal_cortex.o
 .debug_aranges
                0x00000000000005c0       0x80 ./Drivers/STM32F1xx_HAL_Driver/Src/stm32f1xx_hal_dma.o
 .debug_aranges
                0x0000000000000640       0x58 ./Drivers/STM32F1xx_HAL_Driver/Src/stm32f1xx_hal_gpio.o
 .debug_aranges
                0x0000000000000698       0x90 ./Drivers/STM32F1xx_HAL_Driver/Src/stm32f1xx_hal_rcc.o
 .debug_aranges
                0x0000000000000728       0x30 ./Drivers/STM32F1xx_HAL_Driver/Src/stm32f1xx_hal_rcc_ex.o
 .debug_aranges
                0x0000000000000758      0x1d0 ./Drivers/STM32F1xx_HAL_Driver/Src/stm32f1xx_hal_spi.o
 .debug_aranges
                0x0000000000000928      0x3d0 ./Drivers/STM32F1xx_HAL_Driver/Src/stm32f1xx_hal_tim.o
 .debug_aranges
                0x0000000000000cf8      0x168 ./Drivers/STM32F1xx_HAL_Driver/Src/stm32f1xx_hal_tim_ex.o
 .debug_aranges
                0x0000000000000e60      0x200 ./Drivers/STM32F1xx_HAL_Driver/Src/stm32f1xx_hal_uart.o
 .debug_aranges
                0x0000000000001060       0xa0 ./Drivers/W25Q/w25q_spi.o

.debug_ranges   0x0000000000000000      0xfe8
 .debug_ranges  0x0000000000000000       0x38 ./Core/Src/SPI_Connection.o
 .debug_ranges  0x0000000000000038       0x68 ./Core/Src/main.o
 .debug_ranges  0x00000000000000a0       0x58 ./Core/Src/protocol_parser.o
 .debug_ranges  0x00000000000000f8       0x50 ./Core/Src/stm32f1xx_hal_msp.o
 .debug_ranges  0x0000000000000148       0x68 ./Core/Src/stm32f1xx_it.o
 .debug_ranges  0x00000000000001b0       0x10 ./Core/Src/sysmem.o
 .debug_ranges  0x00000000000001c0       0x18 ./Core/Src/system_stm32f1xx.o
 .debug_ranges  0x00000000000001d8       0x20 ./Core/Startup/startup_stm32f103cbtx.o
 .debug_ranges  0x00000000000001f8       0xd0 ./Drivers/STM32F1xx_HAL_Driver/Src/stm32f1xx_hal.o
 .debug_ranges  0x00000000000002c8       0xe0 ./Drivers/STM32F1xx_HAL_Driver/Src/stm32f1xx_hal_adc.o
 .debug_ranges  0x00000000000003a8       0x70 ./Drivers/STM32F1xx_HAL_Driver/Src/stm32f1xx_hal_adc_ex.o
 .debug_ranges  0x0000000000000418       0xf0 ./Drivers/STM32F1xx_HAL_Driver/Src/stm32f1xx_hal_cortex.o
 .debug_ranges  0x0000000000000508       0x70 ./Drivers/STM32F1xx_HAL_Driver/Src/stm32f1xx_hal_dma.o
 .debug_ranges  0x0000000000000578       0x48 ./Drivers/STM32F1xx_HAL_Driver/Src/stm32f1xx_hal_gpio.o
 .debug_ranges  0x00000000000005c0       0x80 ./Drivers/STM32F1xx_HAL_Driver/Src/stm32f1xx_hal_rcc.o
 .debug_ranges  0x0000000000000640       0x20 ./Drivers/STM32F1xx_HAL_Driver/Src/stm32f1xx_hal_rcc_ex.o
 .debug_ranges  0x0000000000000660      0x1c0 ./Drivers/STM32F1xx_HAL_Driver/Src/stm32f1xx_hal_spi.o
 .debug_ranges  0x0000000000000820      0x3c0 ./Drivers/STM32F1xx_HAL_Driver/Src/stm32f1xx_hal_tim.o
 .debug_ranges  0x0000000000000be0      0x158 ./Drivers/STM32F1xx_HAL_Driver/Src/stm32f1xx_hal_tim_ex.o
 .debug_ranges  0x0000000000000d38      0x220 ./Drivers/STM32F1xx_HAL_Driver/Src/stm32f1xx_hal_uart.o
 .debug_ranges  0x0000000000000f58       0x90 ./Drivers/W25Q/w25q_spi.o

.debug_macro    0x0000000000000000    0x19e5f
 .debug_macro   0x0000000000000000      0x37e ./Core/Src/SPI_Connection.o
 .debug_macro   0x000000000000037e      0xa6c ./Core/Src/SPI_Connection.o
 .debug_macro   0x0000000000000dea       0x22 ./Core/Src/SPI_Connection.o
 .debug_macro   0x0000000000000e0c       0x4c ./Core/Src/SPI_Connection.o
 .debug_macro   0x0000000000000e58       0x18 ./Core/Src/SPI_Connection.o
 .debug_macro   0x0000000000000e70       0x94 ./Core/Src/SPI_Connection.o
 .debug_macro   0x0000000000000f04       0x3c ./Core/Src/SPI_Connection.o
 .debug_macro   0x0000000000000f40       0x34 ./Core/Src/SPI_Connection.o
 .debug_macro   0x0000000000000f74       0x16 ./Core/Src/SPI_Connection.o
 .debug_macro   0x0000000000000f8a       0x57 ./Core/Src/SPI_Connection.o
 .debug_macro   0x0000000000000fe1       0x97 ./Core/Src/SPI_Connection.o
 .debug_macro   0x0000000000001078      0x341 ./Core/Src/SPI_Connection.o
 .debug_macro   0x00000000000013b9       0xfd ./Core/Src/SPI_Connection.o
 .debug_macro   0x00000000000014b6       0x10 ./Core/Src/SPI_Connection.o
 .debug_macro   0x00000000000014c6       0x16 ./Core/Src/SPI_Connection.o
 .debug_macro   0x00000000000014dc       0x43 ./Core/Src/SPI_Connection.o
 .debug_macro   0x000000000000151f       0x34 ./Core/Src/SPI_Connection.o
 .debug_macro   0x0000000000001553       0x10 ./Core/Src/SPI_Connection.o
 .debug_macro   0x0000000000001563       0x58 ./Core/Src/SPI_Connection.o
 .debug_macro   0x00000000000015bb       0x71 ./Core/Src/SPI_Connection.o
 .debug_macro   0x000000000000162c       0x1c ./Core/Src/SPI_Connection.o
 .debug_macro   0x0000000000001648      0x12a ./Core/Src/SPI_Connection.o
 .debug_macro   0x0000000000001772       0x10 ./Core/Src/SPI_Connection.o
 .debug_macro   0x0000000000001782       0x6a ./Core/Src/SPI_Connection.o
 .debug_macro   0x00000000000017ec       0x1c ./Core/Src/SPI_Connection.o
 .debug_macro   0x0000000000001808       0x52 ./Core/Src/SPI_Connection.o
 .debug_macro   0x000000000000185a       0x22 ./Core/Src/SPI_Connection.o
 .debug_macro   0x000000000000187c       0x10 ./Core/Src/SPI_Connection.o
 .debug_macro   0x000000000000188c       0x52 ./Core/Src/SPI_Connection.o
 .debug_macro   0x00000000000018de       0xd5 ./Core/Src/SPI_Connection.o
 .debug_macro   0x00000000000019b3       0x1c ./Core/Src/SPI_Connection.o
 .debug_macro   0x00000000000019cf       0x3d ./Core/Src/SPI_Connection.o
 .debug_macro   0x0000000000001a0c       0x16 ./Core/Src/SPI_Connection.o
 .debug_macro   0x0000000000001a22      0x145 ./Core/Src/SPI_Connection.o
 .debug_macro   0x0000000000001b67       0x22 ./Core/Src/SPI_Connection.o
 .debug_macro   0x0000000000001b89      0x227 ./Core/Src/SPI_Connection.o
 .debug_macro   0x0000000000001db0       0x2e ./Core/Src/SPI_Connection.o
 .debug_macro   0x0000000000001dde       0x22 ./Core/Src/SPI_Connection.o
 .debug_macro   0x0000000000001e00      0x103 ./Core/Src/SPI_Connection.o
 .debug_macro   0x0000000000001f03      0x1df ./Core/Src/SPI_Connection.o
 .debug_macro   0x00000000000020e2       0x1c ./Core/Src/SPI_Connection.o
 .debug_macro   0x00000000000020fe       0x22 ./Core/Src/SPI_Connection.o
 .debug_macro   0x0000000000002120       0xbd ./Core/Src/SPI_Connection.o
 .debug_macro   0x00000000000021dd      0xd23 ./Core/Src/SPI_Connection.o
 .debug_macro   0x0000000000002f00     0xe09e ./Core/Src/SPI_Connection.o
 .debug_macro   0x0000000000010f9e       0x6d ./Core/Src/SPI_Connection.o
 .debug_macro   0x000000000001100b     0x3468 ./Core/Src/SPI_Connection.o
 .debug_macro   0x0000000000014473       0x56 ./Core/Src/SPI_Connection.o
 .debug_macro   0x00000000000144c9      0x5be ./Core/Src/SPI_Connection.o
 .debug_macro   0x0000000000014a87      0x289 ./Core/Src/SPI_Connection.o
 .debug_macro   0x0000000000014d10      0x1cb ./Core/Src/SPI_Connection.o
 .debug_macro   0x0000000000014edb      0x114 ./Core/Src/SPI_Connection.o
 .debug_macro   0x0000000000014fef      0x1b2 ./Core/Src/SPI_Connection.o
 .debug_macro   0x00000000000151a1       0x27 ./Core/Src/SPI_Connection.o
 .debug_macro   0x00000000000151c8      0x136 ./Core/Src/SPI_Connection.o
 .debug_macro   0x00000000000152fe      0x1bc ./Core/Src/SPI_Connection.o
 .debug_macro   0x00000000000154ba       0x34 ./Core/Src/SPI_Connection.o
 .debug_macro   0x00000000000154ee       0x3c ./Core/Src/SPI_Connection.o
 .debug_macro   0x000000000001552a       0x57 ./Core/Src/SPI_Connection.o
 .debug_macro   0x0000000000015581      0x46a ./Core/Src/SPI_Connection.o
 .debug_macro   0x00000000000159eb      0x1b5 ./Core/Src/SPI_Connection.o
 .debug_macro   0x0000000000015ba0       0x88 ./Core/Src/SPI_Connection.o
 .debug_macro   0x0000000000015c28      0x241 ./Core/Src/SPI_Connection.o
 .debug_macro   0x0000000000015e69      0x141 ./Core/Src/SPI_Connection.o
 .debug_macro   0x0000000000015faa      0x217 ./Core/Src/SPI_Connection.o
 .debug_macro   0x00000000000161c1      0x8d1 ./Core/Src/SPI_Connection.o
 .debug_macro   0x0000000000016a92      0x279 ./Core/Src/SPI_Connection.o
 .debug_macro   0x0000000000016d0b       0x83 ./Core/Src/SPI_Connection.o
 .debug_macro   0x0000000000016d8e       0x16 ./Core/Src/SPI_Connection.o
 .debug_macro   0x0000000000016da4       0x35 ./Core/Src/SPI_Connection.o
 .debug_macro   0x0000000000016dd9       0x20 ./Core/Src/SPI_Connection.o
 .debug_macro   0x0000000000016df9       0x46 ./Core/Src/SPI_Connection.o
 .debug_macro   0x0000000000016e3f       0x16 ./Core/Src/SPI_Connection.o
 .debug_macro   0x0000000000016e55       0x70 ./Core/Src/SPI_Connection.o
 .debug_macro   0x0000000000016ec5      0x399 ./Core/Src/main.o
 .debug_macro   0x000000000001725e       0x8e ./Core/Src/main.o
 .debug_macro   0x00000000000172ec       0x51 ./Core/Src/main.o
 .debug_macro   0x000000000001733d      0x174 ./Core/Src/main.o
 .debug_macro   0x00000000000174b1       0x5c ./Core/Src/main.o
 .debug_macro   0x000000000001750d       0x52 ./Core/Src/main.o
 .debug_macro   0x000000000001755f       0x10 ./Core/Src/main.o
 .debug_macro   0x000000000001756f       0x16 ./Core/Src/main.o
 .debug_macro   0x0000000000017585      0x3a4 ./Core/Src/protocol_parser.o
 .debug_macro   0x0000000000017929       0x6a ./Core/Src/protocol_parser.o
 .debug_macro   0x0000000000017993      0x29e ./Core/Src/stm32f1xx_hal_msp.o
 .debug_macro   0x0000000000017c31      0x37d ./Core/Src/stm32f1xx_it.o
 .debug_macro   0x0000000000017fae       0xff ./Core/Src/sysmem.o
 .debug_macro   0x00000000000180ad      0x23b ./Core/Src/sysmem.o
 .debug_macro   0x00000000000182e8      0x1c1 ./Core/Src/system_stm32f1xx.o
 .debug_macro   0x00000000000184a9      0x1e5 ./Drivers/STM32F1xx_HAL_Driver/Src/stm32f1xx_hal.o
 .debug_macro   0x000000000001868e      0x1de ./Drivers/STM32F1xx_HAL_Driver/Src/stm32f1xx_hal_adc.o
 .debug_macro   0x000000000001886c      0x1d3 ./Drivers/STM32F1xx_HAL_Driver/Src/stm32f1xx_hal_adc_ex.o
 .debug_macro   0x0000000000018a3f      0x1c1 ./Drivers/STM32F1xx_HAL_Driver/Src/stm32f1xx_hal_cortex.o
 .debug_macro   0x0000000000018c00      0x1c1 ./Drivers/STM32F1xx_HAL_Driver/Src/stm32f1xx_hal_dma.o
 .debug_macro   0x0000000000018dc1      0x22c ./Drivers/STM32F1xx_HAL_Driver/Src/stm32f1xx_hal_gpio.o
 .debug_macro   0x0000000000018fed      0x1d3 ./Drivers/STM32F1xx_HAL_Driver/Src/stm32f1xx_hal_rcc.o
 .debug_macro   0x00000000000191c0      0x1c1 ./Drivers/STM32F1xx_HAL_Driver/Src/stm32f1xx_hal_rcc_ex.o
 .debug_macro   0x0000000000019381      0x1c9 ./Drivers/STM32F1xx_HAL_Driver/Src/stm32f1xx_hal_spi.o
 .debug_macro   0x000000000001954a      0x1c2 ./Drivers/STM32F1xx_HAL_Driver/Src/stm32f1xx_hal_tim.o
 .debug_macro   0x000000000001970c      0x1c1 ./Drivers/STM32F1xx_HAL_Driver/Src/stm32f1xx_hal_tim_ex.o
 .debug_macro   0x00000000000198cd      0x1c2 ./Drivers/STM32F1xx_HAL_Driver/Src/stm32f1xx_hal_uart.o
 .debug_macro   0x0000000000019a8f      0x3d0 ./Drivers/W25Q/w25q_spi.o

.debug_line     0x0000000000000000    0x14cdb
 .debug_line    0x0000000000000000      0xbe3 ./Core/Src/SPI_Connection.o
 .debug_line    0x0000000000000be3      0xd87 ./Core/Src/main.o
 .debug_line    0x000000000000196a      0xe03 ./Core/Src/protocol_parser.o
 .debug_line    0x000000000000276d      0xb75 ./Core/Src/stm32f1xx_hal_msp.o
 .debug_line    0x00000000000032e2      0xc0c ./Core/Src/stm32f1xx_it.o
 .debug_line    0x0000000000003eee      0x6e6 ./Core/Src/sysmem.o
 .debug_line    0x00000000000045d4      0x848 ./Core/Src/system_stm32f1xx.o
 .debug_line    0x0000000000004e1c       0x87 ./Core/Startup/startup_stm32f103cbtx.o
 .debug_line    0x0000000000004ea3      0xa75 ./Drivers/STM32F1xx_HAL_Driver/Src/stm32f1xx_hal.o
 .debug_line    0x0000000000005918     0x10ec ./Drivers/STM32F1xx_HAL_Driver/Src/stm32f1xx_hal_adc.o
 .debug_line    0x0000000000006a04      0xe3a ./Drivers/STM32F1xx_HAL_Driver/Src/stm32f1xx_hal_adc_ex.o
 .debug_line    0x000000000000783e      0xc5d ./Drivers/STM32F1xx_HAL_Driver/Src/stm32f1xx_hal_cortex.o
 .debug_line    0x000000000000849b      0xecd ./Drivers/STM32F1xx_HAL_Driver/Src/stm32f1xx_hal_dma.o
 .debug_line    0x0000000000009368      0xb0c ./Drivers/STM32F1xx_HAL_Driver/Src/stm32f1xx_hal_gpio.o
 .debug_line    0x0000000000009e74      0xe83 ./Drivers/STM32F1xx_HAL_Driver/Src/stm32f1xx_hal_rcc.o
 .debug_line    0x000000000000acf7      0x9c1 ./Drivers/STM32F1xx_HAL_Driver/Src/stm32f1xx_hal_rcc_ex.o
 .debug_line    0x000000000000b6b8     0x1cfa ./Drivers/STM32F1xx_HAL_Driver/Src/stm32f1xx_hal_spi.o
 .debug_line    0x000000000000d3b2     0x342b ./Drivers/STM32F1xx_HAL_Driver/Src/stm32f1xx_hal_tim.o
 .debug_line    0x00000000000107dd     0x199d ./Drivers/STM32F1xx_HAL_Driver/Src/stm32f1xx_hal_tim_ex.o
 .debug_line    0x000000000001217a     0x1b50 ./Drivers/STM32F1xx_HAL_Driver/Src/stm32f1xx_hal_uart.o
 .debug_line    0x0000000000013cca     0x1011 ./Drivers/W25Q/w25q_spi.o

.debug_str      0x0000000000000000    0x91dd0
 .debug_str     0x0000000000000000    0x8d345 ./Core/Src/SPI_Connection.o
                                      0x8d6ef (size before relaxing)
 .debug_str     0x000000000008d345      0xcc3 ./Core/Src/main.o
                                      0x8e291 (size before relaxing)
 .debug_str     0x000000000008e008      0x20c ./Core/Src/protocol_parser.o
                                      0x8d44a (size before relaxing)
 .debug_str     0x000000000008e214      0x127 ./Core/Src/stm32f1xx_hal_msp.o
                                      0x8cdbc (size before relaxing)
 .debug_str     0x000000000008e33b      0x147 ./Core/Src/stm32f1xx_it.o
                                      0x8d5c4 (size before relaxing)
 .debug_str     0x000000000008e482      0x4da ./Core/Src/sysmem.o
                                       0x5d73 (size before relaxing)
 .debug_str     0x000000000008e95c       0x7e ./Core/Src/system_stm32f1xx.o
                                      0x8911b (size before relaxing)
 .debug_str     0x000000000008e9da       0x36 ./Core/Startup/startup_stm32f103cbtx.o
                                         0x75 (size before relaxing)
 .debug_str     0x000000000008ea10      0x37f ./Drivers/STM32F1xx_HAL_Driver/Src/stm32f1xx_hal.o
                                      0x8984e (size before relaxing)
 .debug_str     0x000000000008ed8f      0x342 ./Drivers/STM32F1xx_HAL_Driver/Src/stm32f1xx_hal_adc.o
                                      0x897f8 (size before relaxing)
 .debug_str     0x000000000008f0d1      0x2d8 ./Drivers/STM32F1xx_HAL_Driver/Src/stm32f1xx_hal_adc_ex.o
                                      0x897cf (size before relaxing)
 .debug_str     0x000000000008f3a9      0x294 ./Drivers/STM32F1xx_HAL_Driver/Src/stm32f1xx_hal_cortex.o
                                      0x8979a (size before relaxing)
 .debug_str     0x000000000008f63d      0x216 ./Drivers/STM32F1xx_HAL_Driver/Src/stm32f1xx_hal_dma.o
                                      0x894c4 (size before relaxing)
 .debug_str     0x000000000008f853      0x297 ./Drivers/STM32F1xx_HAL_Driver/Src/stm32f1xx_hal_gpio.o
                                      0x894a1 (size before relaxing)
 .debug_str     0x000000000008faea      0x229 ./Drivers/STM32F1xx_HAL_Driver/Src/stm32f1xx_hal_rcc.o
                                      0x8954a (size before relaxing)
 .debug_str     0x000000000008fd13       0x84 ./Drivers/STM32F1xx_HAL_Driver/Src/stm32f1xx_hal_rcc_ex.o
                                      0x8929a (size before relaxing)
 .debug_str     0x000000000008fd97      0x4ef ./Drivers/STM32F1xx_HAL_Driver/Src/stm32f1xx_hal_spi.o
                                      0x89a47 (size before relaxing)
 .debug_str     0x0000000000090286      0xdce ./Drivers/STM32F1xx_HAL_Driver/Src/stm32f1xx_hal_tim.o
                                      0x8a535 (size before relaxing)
 .debug_str     0x0000000000091054      0x493 ./Drivers/STM32F1xx_HAL_Driver/Src/stm32f1xx_hal_tim_ex.o
                                      0x89d51 (size before relaxing)
 .debug_str     0x00000000000914e7      0x5d0 ./Drivers/STM32F1xx_HAL_Driver/Src/stm32f1xx_hal_uart.o
                                      0x89b55 (size before relaxing)
 .debug_str     0x0000000000091ab7      0x319 ./Drivers/W25Q/w25q_spi.o
                                      0x8d816 (size before relaxing)

.comment        0x0000000000000000       0x50
 .comment       0x0000000000000000       0x50 ./Core/Src/SPI_Connection.o
                                         0x51 (size before relaxing)
 .comment       0x0000000000000050       0x51 ./Core/Src/main.o
 .comment       0x0000000000000050       0x51 ./Core/Src/protocol_parser.o
 .comment       0x0000000000000050       0x51 ./Core/Src/stm32f1xx_hal_msp.o
 .comment       0x0000000000000050       0x51 ./Core/Src/stm32f1xx_it.o
 .comment       0x0000000000000050       0x51 ./Core/Src/sysmem.o
 .comment       0x0000000000000050       0x51 ./Core/Src/system_stm32f1xx.o
 .comment       0x0000000000000050       0x51 ./Drivers/STM32F1xx_HAL_Driver/Src/stm32f1xx_hal.o
 .comment       0x0000000000000050       0x51 ./Drivers/STM32F1xx_HAL_Driver/Src/stm32f1xx_hal_adc.o
 .comment       0x0000000000000050       0x51 ./Drivers/STM32F1xx_HAL_Driver/Src/stm32f1xx_hal_adc_ex.o
 .comment       0x0000000000000050       0x51 ./Drivers/STM32F1xx_HAL_Driver/Src/stm32f1xx_hal_cortex.o
 .comment       0x0000000000000050       0x51 ./Drivers/STM32F1xx_HAL_Driver/Src/stm32f1xx_hal_dma.o
 .comment       0x0000000000000050       0x51 ./Drivers/STM32F1xx_HAL_Driver/Src/stm32f1xx_hal_gpio.o
 .comment       0x0000000000000050       0x51 ./Drivers/STM32F1xx_HAL_Driver/Src/stm32f1xx_hal_rcc.o
 .comment       0x0000000000000050       0x51 ./Drivers/STM32F1xx_HAL_Driver/Src/stm32f1xx_hal_rcc_ex.o
 .comment       0x0000000000000050       0x51 ./Drivers/STM32F1xx_HAL_Driver/Src/stm32f1xx_hal_spi.o
 .comment       0x0000000000000050       0x51 ./Drivers/STM32F1xx_HAL_Driver/Src/stm32f1xx_hal_tim.o
 .comment       0x0000000000000050       0x51 ./Drivers/STM32F1xx_HAL_Driver/Src/stm32f1xx_hal_tim_ex.o
 .comment       0x0000000000000050       0x51 ./Drivers/STM32F1xx_HAL_Driver/Src/stm32f1xx_hal_uart.o
 .comment       0x0000000000000050       0x51 ./Drivers/W25Q/w25q_spi.o

.debug_frame    0x0000000000000000     0x4a88
 .debug_frame   0x0000000000000000       0xe4 ./Core/Src/SPI_Connection.o
 .debug_frame   0x00000000000000e4      0x184 ./Core/Src/main.o
 .debug_frame   0x0000000000000268      0x16c ./Core/Src/protocol_parser.o
 .debug_frame   0x00000000000003d4      0x160 ./Core/Src/stm32f1xx_hal_msp.o
 .debug_frame   0x0000000000000534      0x160 ./Core/Src/stm32f1xx_it.o
 .debug_frame   0x0000000000000694       0x34 ./Core/Src/sysmem.o
 .debug_frame   0x00000000000006c8       0x58 ./Core/Src/system_stm32f1xx.o
 .debug_frame   0x0000000000000720      0x334 ./Drivers/STM32F1xx_HAL_Driver/Src/stm32f1xx_hal.o
 .debug_frame   0x0000000000000a54      0x40c ./Drivers/STM32F1xx_HAL_Driver/Src/stm32f1xx_hal_adc.o
 .debug_frame   0x0000000000000e60      0x200 ./Drivers/STM32F1xx_HAL_Driver/Src/stm32f1xx_hal_adc_ex.o
 .debug_frame   0x0000000000001060      0x428 ./Drivers/STM32F1xx_HAL_Driver/Src/stm32f1xx_hal_cortex.o
 .debug_frame   0x0000000000001488      0x208 ./Drivers/STM32F1xx_HAL_Driver/Src/stm32f1xx_hal_dma.o
 .debug_frame   0x0000000000001690      0x14c ./Drivers/STM32F1xx_HAL_Driver/Src/stm32f1xx_hal_gpio.o
 .debug_frame   0x00000000000017dc      0x21c ./Drivers/STM32F1xx_HAL_Driver/Src/stm32f1xx_hal_rcc.o
 .debug_frame   0x00000000000019f8       0x84 ./Drivers/STM32F1xx_HAL_Driver/Src/stm32f1xx_hal_rcc_ex.o
 .debug_frame   0x0000000000001a7c      0x824 ./Drivers/STM32F1xx_HAL_Driver/Src/stm32f1xx_hal_spi.o
 .debug_frame   0x00000000000022a0     0x11b8 ./Drivers/STM32F1xx_HAL_Driver/Src/stm32f1xx_hal_tim.o
 .debug_frame   0x0000000000003458      0x638 ./Drivers/STM32F1xx_HAL_Driver/Src/stm32f1xx_hal_tim_ex.o
 .debug_frame   0x0000000000003a90      0x914 ./Drivers/STM32F1xx_HAL_Driver/Src/stm32f1xx_hal_uart.o
 .debug_frame   0x00000000000043a4      0x25c ./Drivers/W25Q/w25q_spi.o
 .debug_frame   0x0000000000004600       0x20 c:/program files/stmicroelectronics/stm32cubeide_1.12.0/stm32cubeide/plugins/com.st.stm32cube.ide.mcu.externaltools.gnu-tools-for-stm32.10.3-2021.10.win32_1.0.200.202301161003/tools/bin/../lib/gcc/arm-none-eabi/10.3.1/../../../../arm-none-eabi/lib/thumb/v7-m/nofp\libc_nano.a(lib_a-errno.o)
 .debug_frame   0x0000000000004620       0x2c c:/program files/stmicroelectronics/stm32cubeide_1.12.0/stm32cubeide/plugins/com.st.stm32cube.ide.mcu.externaltools.gnu-tools-for-stm32.10.3-2021.10.win32_1.0.200.202301161003/tools/bin/../lib/gcc/arm-none-eabi/10.3.1/../../../../arm-none-eabi/lib/thumb/v7-m/nofp\libc_nano.a(lib_a-init.o)
 .debug_frame   0x000000000000464c       0x28 c:/program files/stmicroelectronics/stm32cubeide_1.12.0/stm32cubeide/plugins/com.st.stm32cube.ide.mcu.externaltools.gnu-tools-for-stm32.10.3-2021.10.win32_1.0.200.202301161003/tools/bin/../lib/gcc/arm-none-eabi/10.3.1/../../../../arm-none-eabi/lib/thumb/v7-m/nofp\libc_nano.a(lib_a-memcpy-stub.o)
 .debug_frame   0x0000000000004674       0x20 c:/program files/stmicroelectronics/stm32cubeide_1.12.0/stm32cubeide/plugins/com.st.stm32cube.ide.mcu.externaltools.gnu-tools-for-stm32.10.3-2021.10.win32_1.0.200.202301161003/tools/bin/../lib/gcc/arm-none-eabi/10.3.1/../../../../arm-none-eabi/lib/thumb/v7-m/nofp\libc_nano.a(lib_a-memset.o)
 .debug_frame   0x0000000000004694       0x6c c:/program files/stmicroelectronics/stm32cubeide_1.12.0/stm32cubeide/plugins/com.st.stm32cube.ide.mcu.externaltools.gnu-tools-for-stm32.10.3-2021.10.win32_1.0.200.202301161003/tools/bin/../lib/gcc/arm-none-eabi/10.3.1/../../../../arm-none-eabi/lib/thumb/v7-m/nofp\libc_nano.a(lib_a-sprintf.o)
 .debug_frame   0x0000000000004700       0x90 c:/program files/stmicroelectronics/stm32cubeide_1.12.0/stm32cubeide/plugins/com.st.stm32cube.ide.mcu.externaltools.gnu-tools-for-stm32.10.3-2021.10.win32_1.0.200.202301161003/tools/bin/../lib/gcc/arm-none-eabi/10.3.1/../../../../arm-none-eabi/lib/thumb/v7-m/nofp\libc_nano.a(lib_a-nano-svfprintf.o)
 .debug_frame   0x0000000000004790       0x60 c:/program files/stmicroelectronics/stm32cubeide_1.12.0/stm32cubeide/plugins/com.st.stm32cube.ide.mcu.externaltools.gnu-tools-for-stm32.10.3-2021.10.win32_1.0.200.202301161003/tools/bin/../lib/gcc/arm-none-eabi/10.3.1/../../../../arm-none-eabi/lib/thumb/v7-m/nofp\libc_nano.a(lib_a-nano-vfprintf_i.o)