../Core/Src/main.c:85:6:sensorInit	8	static
../Core/Src/main.c:96:6:sendInitCTRL	4	static
../Core/Src/main.c:100:6:sendRxCompleteCTRL	4	static
../Core/Src/main.c:110:5:main	8	static
../Core/Src/main.c:240:6:SystemClock_Config	88	static
../Core/Src/main.c:287:13:MX_ADC1_Init	24	static
../Core/Src/main.c:334:13:MX_SPI1_Init	8	static
../Core/Src/main.c:372:13:MX_SPI2_Init	8	static
../Core/Src/main.c:409:13:MX_TIM3_Init	32	static
../Core/Src/main.c:454:13:MX_USART1_UART_Init	8	static
../Core/Src/main.c:487:13:MX_GPIO_Init	40	static
../Core/Src/main.c:530:6:Error_Handler	4	static,ignoring_inline_asm
