../Core/Src/main.c:84:6:sensorInit	8	static
../Core/Src/main.c:95:6:sendInitCTRL	4	static
../Core/Src/main.c:99:6:sendRxCompleteCTRL	4	static
../Core/Src/main.c:108:5:main	8	static
../Core/Src/main.c:237:6:SystemClock_Config	88	static
../Core/Src/main.c:284:13:MX_ADC1_Init	24	static
../Core/Src/main.c:331:13:MX_SPI1_Init	8	static
../Core/Src/main.c:369:13:MX_SPI2_Init	8	static
../Core/Src/main.c:406:13:MX_TIM3_Init	32	static
../Core/Src/main.c:451:13:MX_USART1_UART_Init	8	static
../Core/Src/main.c:484:13:MX_GPIO_Init	40	static
../Core/Src/main.c:527:6:Error_Handler	4	static,ignoring_inline_asm
