../Core/Src/protocol_parser.c:93:6:updateNumAvailableMeasData	16	static
../Core/Src/protocol_parser.c:128:6:setFSMProtocolState	16	static
../Core/Src/protocol_parser.c:133:6:fillDataFrame	16	static
../Core/Src/protocol_parser.c:162:6:fillDataField	16	static
../Core/Src/protocol_parser.c:208:6:fillResponseFrame	24	static
../Core/Src/protocol_parser.c:235:6:sendPreviousResponse	8	static
../Core/Src/protocol_parser.c:248:6:updateSavedResponse	24	static
../Core/Src/protocol_parser.c:272:6:parserFSM	8	static
../Core/Src/protocol_parser.c:436:6:checkCRC32	24	static
../Core/Src/protocol_parser.c:453:10:calculateCRC32	24	static
../Core/Src/protocol_parser.c:461:6:sensorInit	8	static
../Core/Src/protocol_parser.c:472:6:sendInitCTRL	4	static
../Core/Src/protocol_parser.c:476:6:sendRxCompleteCTRL	4	static
../Core/Src/protocol_parser.c:480:6:resetFSMProtocol	8	static
